Component: ARM Compiler 5.06 update 6 (build 750) Tool: armlink [4d35ed]

==============================================================================

Section Cross References

    startup_stm32h743xx.o(STACK) refers (Special) to heapauxi.o(.text) for __use_two_region_memory
    startup_stm32h743xx.o(HEAP) refers (Special) to heapauxi.o(.text) for __use_two_region_memory
    startup_stm32h743xx.o(RESET) refers (Special) to heapauxi.o(.text) for __use_two_region_memory
    startup_stm32h743xx.o(RESET) refers to startup_stm32h743xx.o(STACK) for __initial_sp
    startup_stm32h743xx.o(RESET) refers to startup_stm32h743xx.o(.text) for Reset_Handler
    startup_stm32h743xx.o(RESET) refers to stm32h7xx_it.o(i.NMI_Handler) for NMI_Handler
    startup_stm32h743xx.o(RESET) refers to stm32h7xx_it.o(i.HardFault_Handler) for HardFault_Handler
    startup_stm32h743xx.o(RESET) refers to stm32h7xx_it.o(i.MemManage_Handler) for MemManage_Handler
    startup_stm32h743xx.o(RESET) refers to stm32h7xx_it.o(i.BusFault_Handler) for BusFault_Handler
    startup_stm32h743xx.o(RESET) refers to stm32h7xx_it.o(i.UsageFault_Handler) for UsageFault_Handler
    startup_stm32h743xx.o(RESET) refers to port.o(.emb_text) for SVC_Handler
    startup_stm32h743xx.o(RESET) refers to stm32h7xx_it.o(i.DebugMon_Handler) for DebugMon_Handler
    startup_stm32h743xx.o(RESET) refers to port.o(i.SysTick_Handler) for SysTick_Handler
    startup_stm32h743xx.o(RESET) refers to stm32h7xx_it.o(i.DMA1_Stream0_IRQHandler) for DMA1_Stream0_IRQHandler
    startup_stm32h743xx.o(RESET) refers to stm32h7xx_it.o(i.DMA1_Stream1_IRQHandler) for DMA1_Stream1_IRQHandler
    startup_stm32h743xx.o(RESET) refers to stm32h7xx_it.o(i.DMA1_Stream2_IRQHandler) for DMA1_Stream2_IRQHandler
    startup_stm32h743xx.o(RESET) refers to stm32h7xx_it.o(i.DMA1_Stream3_IRQHandler) for DMA1_Stream3_IRQHandler
    startup_stm32h743xx.o(RESET) refers to stm32h7xx_it.o(i.DMA1_Stream4_IRQHandler) for DMA1_Stream4_IRQHandler
    startup_stm32h743xx.o(RESET) refers to stm32h7xx_it.o(i.TIM2_IRQHandler) for TIM2_IRQHandler
    startup_stm32h743xx.o(RESET) refers to stm32h7xx_it.o(i.TIM3_IRQHandler) for TIM3_IRQHandler
    startup_stm32h743xx.o(RESET) refers to stm32h7xx_it.o(i.TIM4_IRQHandler) for TIM4_IRQHandler
    startup_stm32h743xx.o(RESET) refers to stm32h7xx_it.o(i.USART1_IRQHandler) for USART1_IRQHandler
    startup_stm32h743xx.o(RESET) refers to stm32h7xx_it.o(i.UART4_IRQHandler) for UART4_IRQHandler
    startup_stm32h743xx.o(RESET) refers to stm32h7xx_it.o(i.TIM6_DAC_IRQHandler) for TIM6_DAC_IRQHandler
    startup_stm32h743xx.o(RESET) refers to stm32h7xx_it.o(i.BDMA_Channel0_IRQHandler) for BDMA_Channel0_IRQHandler
    startup_stm32h743xx.o(.text) refers (Special) to heapauxi.o(.text) for __use_two_region_memory
    startup_stm32h743xx.o(.text) refers to system_stm32h7xx.o(i.SystemInit) for SystemInit
    startup_stm32h743xx.o(.text) refers to __main.o(!!!main) for __main
    startup_stm32h743xx.o(.text) refers to startup_stm32h743xx.o(HEAP) for Heap_Mem
    startup_stm32h743xx.o(.text) refers to startup_stm32h743xx.o(STACK) for Stack_Mem
    dwin.o(i.Dwin_83H) refers to rt_memcpy_v6.o(.text) for __aeabi_memcpy
    dwin.o(i.Dwin_83H) refers to dwin.o(.bss) for .bss
    dwin.o(i.Dwin_Curve) refers to dwin.o(i.Dwin_SendWithCRC) for Dwin_SendWithCRC
    dwin.o(i.Dwin_Curve) refers to dwin.o(.bss) for .bss
    dwin.o(i.Dwin_Curve_Clear) refers to dwin.o(i.Dwin_SendWithCRC) for Dwin_SendWithCRC
    dwin.o(i.Dwin_Curve_Clear) refers to dwin.o(.bss) for .bss
    dwin.o(i.Dwin_Curve_MuitiChannel) refers to dwin.o(i.Dwin_SendWithCRC) for Dwin_SendWithCRC
    dwin.o(i.Dwin_Curve_MuitiChannel) refers to dwin.o(.bss) for .bss
    dwin.o(i.Dwin_Curve_SchMd) refers to dwin.o(i.Dwin_SendWithCRC) for Dwin_SendWithCRC
    dwin.o(i.Dwin_Curve_SchMd) refers to dwin.o(.bss) for .bss
    dwin.o(i.Dwin_Init) refers to dwin.o(.bss) for .bss
    dwin.o(i.Dwin_Init) refers to dwin.o(.data) for .data
    dwin.o(i.Dwin_Init) refers to usart.o(.bss) for Uart_Dma
    dwin.o(i.Dwin_PageChange) refers to dwin.o(i.Dwin_SendWithCRC) for Dwin_SendWithCRC
    dwin.o(i.Dwin_PageChange) refers to dwin.o(.bss) for .bss
    dwin.o(i.Dwin_Poll) refers to rt_memcpy_v6.o(.text) for __aeabi_memcpy
    dwin.o(i.Dwin_Poll) refers to dwin.o(.bss) for .bss
    dwin.o(i.Dwin_Read) refers to dwin.o(i.Dwin_SendWithCRC) for Dwin_SendWithCRC
    dwin.o(i.Dwin_Read) refers to dwin.o(.bss) for .bss
    dwin.o(i.Dwin_Send) refers to stm32h7xx_hal_uart.o(i.HAL_UART_Transmit_DMA) for HAL_UART_Transmit_DMA
    dwin.o(i.Dwin_Send) refers to cmsis_os.o(i.osDelay) for osDelay
    dwin.o(i.Dwin_Send) refers to usart.o(.bss) for huart1
    dwin.o(i.Dwin_SendWithCRC) refers to rt_memclr_w.o(.text) for __aeabi_memclr4
    dwin.o(i.Dwin_SendWithCRC) refers to rt_memcpy_v6.o(.text) for __aeabi_memcpy
    dwin.o(i.Dwin_SendWithCRC) refers to stm32h7xx_hal_uart.o(i.HAL_UART_Transmit_DMA) for HAL_UART_Transmit_DMA
[...]
    BDMA_Channel6_IRQHandler                 0x08000353   Thumb Code     0  startup_stm32h743xx.o(.text)
    BDMA_Channel7_IRQHandler                 0x08000353   Thumb Code     0  startup_stm32h743xx.o(.text)
    CEC_IRQHandler                           0x08000353   Thumb Code     0  startup_stm32h743xx.o(.text)
    COMP1_IRQHandler                         0x08000353   Thumb Code     0  startup_stm32h743xx.o(.text)
    CRS_IRQHandler                           0x08000353   Thumb Code     0  startup_stm32h743xx.o(.text)
    DCMI_IRQHandler                          0x08000353   Thumb Code     0  startup_stm32h743xx.o(.text)
    DFSDM1_FLT0_IRQHandler                   0x08000353   Thumb Code     0  startup_stm32h743xx.o(.text)
    DFSDM1_FLT1_IRQHandler                   0x08000353   Thumb Code     0  startup_stm32h743xx.o(.text)
    DFSDM1_FLT2_IRQHandler                   0x08000353   Thumb Code     0  startup_stm32h743xx.o(.text)
    DFSDM1_FLT3_IRQHandler                   0x08000353   Thumb Code     0  startup_stm32h743xx.o(.text)
    DMA1_Stream5_IRQHandler                  0x08000353   Thumb Code     0  startup_stm32h743xx.o(.text)
    DMA1_Stream6_IRQHandler                  0x08000353   Thumb Code     0  startup_stm32h743xx.o(.text)
    DMA1_Stream7_IRQHandler                  0x08000353   Thumb Code     0  startup_stm32h743xx.o(.text)
    DMA2D_IRQHandler                         0x08000353   Thumb Code     0  startup_stm32h743xx.o(.text)
    DMA2_Stream0_IRQHandler                  0x08000353   Thumb Code     0  startup_stm32h743xx.o(.text)
    DMA2_Stream1_IRQHandler                  0x08000353   Thumb Code     0  startup_stm32h743xx.o(.text)
    DMA2_Stream2_IRQHandler                  0x08000353   Thumb Code     0  startup_stm32h743xx.o(.text)
    DMA2_Stream3_IRQHandler                  0x08000353   Thumb Code     0  startup_stm32h743xx.o(.text)
    DMA2_Stream4_IRQHandler                  0x08000353   Thumb Code     0  startup_stm32h743xx.o(.text)
    DMA2_Stream5_IRQHandler                  0x08000353   Thumb Code     0  startup_stm32h743xx.o(.text)
    DMA2_Stream6_IRQHandler                  0x08000353   Thumb Code     0  startup_stm32h743xx.o(.text)
    DMA2_Stream7_IRQHandler                  0x08000353   Thumb Code     0  startup_stm32h743xx.o(.text)
    DMAMUX1_OVR_IRQHandler                   0x08000353   Thumb Code     0  startup_stm32h743xx.o(.text)
    DMAMUX2_OVR_IRQHandler                   0x08000353   Thumb Code     0  startup_stm32h743xx.o(.text)
    ECC_IRQHandler                           0x08000353   Thumb Code     0  startup_stm32h743xx.o(.text)
    ETH_IRQHandler                           0x08000353   Thumb Code     0  startup_stm32h743xx.o(.text)
    ETH_WKUP_IRQHandler                      0x08000353   Thumb Code     0  startup_stm32h743xx.o(.text)
    EXTI0_IRQHandler                         0x08000353   Thumb Code     0  startup_stm32h743xx.o(.text)
    EXTI15_10_IRQHandler                     0x08000353   Thumb Code     0  startup_stm32h743xx.o(.text)
    EXTI1_IRQHandler                         0x08000353   Thumb Code     0  startup_stm32h743xx.o(.text)
    EXTI2_IRQHandler                         0x08000353   Thumb Code     0  startup_stm32h743xx.o(.text)
    EXTI3_IRQHandler                         0x08000353   Thumb Code     0  startup_stm32h743xx.o(.text)
    EXTI4_IRQHandler                         0x08000353   Thumb Code     0  startup_stm32h743xx.o(.text)
    EXTI9_5_IRQHandler                       0x08000353   Thumb Code     0  startup_stm32h743xx.o(.text)
    FDCAN1_IT0_IRQHandler                    0x08000353   Thumb Code     0  startup_stm32h743xx.o(.text)
    FDCAN1_IT1_IRQHandler                    0x08000353   Thumb Code     0  startup_stm32h743xx.o(.text)
    FDCAN2_IT0_IRQHandler                    0x08000353   Thumb Code     0  startup_stm32h743xx.o(.text)
    FDCAN2_IT1_IRQHandler                    0x08000353   Thumb Code     0  startup_stm32h743xx.o(.text)
    FDCAN_CAL_IRQHandler                     0x08000353   Thumb Code     0  startup_stm32h743xx.o(.text)
    FLASH_IRQHandler                         0x08000353   Thumb Code     0  startup_stm32h743xx.o(.text)
    FMC_IRQHandler                           0x08000353   Thumb Code     0  startup_stm32h743xx.o(.text)
    FPU_IRQHandler                           0x08000353   Thumb Code     0  startup_stm32h743xx.o(.text)
    HRTIM1_FLT_IRQHandler                    0x08000353   Thumb Code     0  startup_stm32h743xx.o(.text)
    HRTIM1_Master_IRQHandler                 0x08000353   Thumb Code     0  startup_stm32h743xx.o(.text)
    HRTIM1_TIMA_IRQHandler                   0x08000353   Thumb Code     0  startup_stm32h743xx.o(.text)
    HRTIM1_TIMB_IRQHandler                   0x08000353   Thumb Code     0  startup_stm32h743xx.o(.text)
    HRTIM1_TIMC_IRQHandler                   0x08000353   Thumb Code     0  startup_stm32h743xx.o(.text)
    HRTIM1_TIMD_IRQHandler                   0x08000353   Thumb Code     0  startup_stm32h743xx.o(.text)
    HRTIM1_TIME_IRQHandler                   0x08000353   Thumb Code     0  startup_stm32h743xx.o(.text)
    HSEM1_IRQHandler                         0x08000353   Thumb Code     0  startup_stm32h743xx.o(.text)
    I2C1_ER_IRQHandler                       0x08000353   Thumb Code     0  startup_stm32h743xx.o(.text)
    I2C1_EV_IRQHandler                       0x08000353   Thumb Code     0  startup_stm32h743xx.o(.text)
    I2C2_ER_IRQHandler                       0x08000353   Thumb Code     0  startup_stm32h743xx.o(.text)
    I2C2_EV_IRQHandler                       0x08000353   Thumb Code     0  startup_stm32h743xx.o(.text)
    I2C3_ER_IRQHandler                       0x08000353   Thumb Code     0  startup_stm32h743xx.o(.text)
    I2C3_EV_IRQHandler                       0x08000353   Thumb Code     0  startup_stm32h743xx.o(.text)
    I2C4_ER_IRQHandler                       0x08000353   Thumb Code     0  startup_stm32h743xx.o(.text)
    I2C4_EV_IRQHandler                       0x08000353   Thumb Code     0  startup_stm32h743xx.o(.text)
    JPEG_IRQHandler                          0x08000353   Thumb Code     0  startup_stm32h743xx.o(.text)
    LPTIM1_IRQHandler                        0x08000353   Thumb Code     0  startup_stm32h743xx.o(.text)
    LPTIM2_IRQHandler                        0x08000353   Thumb Code     0  startup_stm32h743xx.o(.text)
    LPTIM3_IRQHandler                        0x08000353   Thumb Code     0  startup_stm32h743xx.o(.text)
    LPTIM4_IRQHandler                        0x08000353   Thumb Code     0  startup_stm32h743xx.o(.text)
    LPTIM5_IRQHandler                        0x08000353   Thumb Code     0  startup_stm32h743xx.o(.text)
    LPUART1_IRQHandler                       0x08000353   Thumb Code     0  startup_stm32h743xx.o(.text)
    LTDC_ER_IRQHandler                       0x08000353   Thumb Code     0  startup_stm32h743xx.o(.text)
    LTDC_IRQHandler                          0x08000353   Thumb Code     0  startup_stm32h743xx.o(.text)
    MDIOS_IRQHandler                         0x08000353   Thumb Code     0  startup_stm32h743xx.o(.text)
    MDIOS_WKUP_IRQHandler                    0x08000353   Thumb Code     0  startup_stm32h743xx.o(.text)
    MDMA_IRQHandler                          0x08000353   Thumb Code     0  startup_stm32h743xx.o(.text)
    OTG_FS_EP1_IN_IRQHandler                 0x08000353   Thumb Code     0  startup_stm32h743xx.o(.text)
    OTG_FS_EP1_OUT_IRQHandler                0x08000353   Thumb Code     0  startup_stm32h743xx.o(.text)
    OTG_FS_IRQHandler                        0x08000353   Thumb Code     0  startup_stm32h743xx.o(.text)
    OTG_FS_WKUP_IRQHandler                   0x08000353   Thumb Code     0  startup_stm32h743xx.o(.text)
    OTG_HS_EP1_IN_IRQHandler                 0x08000353   Thumb Code     0  startup_stm32h743xx.o(.text)
    OTG_HS_EP1_OUT_IRQHandler                0x08000353   Thumb Code     0  startup_stm32h743xx.o(.text)
    OTG_HS_IRQHandler                        0x08000353   Thumb Code     0  startup_stm32h743xx.o(.text)
    OTG_HS_WKUP_IRQHandler                   0x08000353   Thumb Code     0  startup_stm32h743xx.o(.text)
    PVD_AVD_IRQHandler                       0x08000353   Thumb Code     0  startup_stm32h743xx.o(.text)
    QUADSPI_IRQHandler                       0x08000353   Thumb Code     0  startup_stm32h743xx.o(.text)
    RCC_IRQHandler                           0x08000353   Thumb Code     0  startup_stm32h743xx.o(.text)
    RNG_IRQHandler                           0x08000353   Thumb Code     0  startup_stm32h743xx.o(.text)
    RTC_Alarm_IRQHandler                     0x08000353   Thumb Code     0  startup_stm32h743xx.o(.text)
    RTC_WKUP_IRQHandler                      0x08000353   Thumb Code     0  startup_stm32h743xx.o(.text)
    SAI1_IRQHandler                          0x08000353   Thumb Code     0  startup_stm32h743xx.o(.text)
    SAI2_IRQHandler                          0x08000353   Thumb Code     0  startup_stm32h743xx.o(.text)
    SAI3_IRQHandler                          0x08000353   Thumb Code     0  startup_stm32h743xx.o(.text)
    SAI4_IRQHandler                          0x08000353   Thumb Code     0  startup_stm32h743xx.o(.text)
    SDMMC1_IRQHandler                        0x08000353   Thumb Code     0  startup_stm32h743xx.o(.text)
    SDMMC2_IRQHandler                        0x08000353   Thumb Code     0  startup_stm32h743xx.o(.text)
    SPDIF_RX_IRQHandler                      0x08000353   Thumb Code     0  startup_stm32h743xx.o(.text)
    SPI1_IRQHandler                          0x08000353   Thumb Code     0  startup_stm32h743xx.o(.text)
    SPI2_IRQHandler                          0x08000353   Thumb Code     0  startup_stm32h743xx.o(.text)
    SPI3_IRQHandler                          0x08000353   Thumb Code     0  startup_stm32h743xx.o(.text)
    SPI4_IRQHandler                          0x08000353   Thumb Code     0  startup_stm32h743xx.o(.text)
    SPI5_IRQHandler                          0x08000353   Thumb Code     0  startup_stm32h743xx.o(.text)
    SPI6_IRQHandler                          0x08000353   Thumb Code     0  startup_stm32h743xx.o(.text)
    SWPMI1_IRQHandler                        0x08000353   Thumb Code     0  startup_stm32h743xx.o(.text)
    TAMP_STAMP_IRQHandler                    0x08000353   Thumb Code     0  startup_stm32h743xx.o(.text)
    TIM15_IRQHandler                         0x08000353   Thumb Code     0  startup_stm32h743xx.o(.text)
    TIM16_IRQHandler                         0x08000353   Thumb Code     0  startup_stm32h743xx.o(.text)
    TIM17_IRQHandler                         0x08000353   Thumb Code     0  startup_stm32h743xx.o(.text)
    TIM1_BRK_IRQHandler                      0x08000353   Thumb Code     0  startup_stm32h743xx.o(.text)
    TIM1_CC_IRQHandler                       0x08000353   Thumb Code     0  startup_stm32h743xx.o(.text)
    TIM1_TRG_COM_IRQHandler                  0x08000353   Thumb Code     0  startup_stm32h743xx.o(.text)
    TIM1_UP_IRQHandler                       0x08000353   Thumb Code     0  startup_stm32h743xx.o(.text)
    TIM5_IRQHandler                          0x08000353   Thumb Code     0  startup_stm32h743xx.o(.text)
    TIM7_IRQHandler                          0x08000353   Thumb Code     0  startup_stm32h743xx.o(.text)
    TIM8_BRK_TIM12_IRQHandler                0x08000353   Thumb Code     0  startup_stm32h743xx.o(.text)
    TIM8_CC_IRQHandler                       0x08000353   Thumb Code     0  startup_stm32h743xx.o(.text)
    TIM8_TRG_COM_TIM14_IRQHandler            0x08000353   Thumb Code     0  startup_stm32h743xx.o(.text)
    TIM8_UP_TIM13_IRQHandler                 0x08000353   Thumb Code     0  startup_stm32h743xx.o(.text)
    UART5_IRQHandler                         0x08000353   Thumb Code     0  startup_stm32h743xx.o(.text)
    UART7_IRQHandler                         0x08000353   Thumb Code     0  startup_stm32h743xx.o(.text)
    UART8_IRQHandler                         0x08000353   Thumb Code     0  startup_stm32h743xx.o(.text)
    USART2_IRQHandler                        0x08000353   Thumb Code     0  startup_stm32h743xx.o(.text)
    USART3_IRQHandler                        0x08000353   Thumb Code     0  startup_stm32h743xx.o(.text)
    USART6_IRQHandler                        0x08000353   Thumb Code     0  startup_stm32h743xx.o(.text)
    WAKEUP_PIN_IRQHandler                    0x08000353   Thumb Code     0  startup_stm32h743xx.o(.text)
    WWDG_IRQHandler                          0x08000353   Thumb Code     0  startup_stm32h743xx.o(.text)
    __user_initial_stackheap                 0x08000355   Thumb Code     0  startup_stm32h743xx.o(.text)
    __aeabi_uldivmod                         0x08000379   Thumb Code     0  lludivv7m.o(.text)
    _ll_udiv                                 0x08000379   Thumb Code   238  lludivv7m.o(.text)
    __aeabi_memcpy                           0x08000467   Thumb Code     0  rt_memcpy_v6.o(.text)
    __rt_memcpy                              0x08000467   Thumb Code   138  rt_memcpy_v6.o(.text)
    _memcpy_lastbytes                        0x080004cd   Thumb Code     0  rt_memcpy_v6.o(.text)
    __aeabi_memcpy4                          0x080004f1   Thumb Code     0  rt_memcpy_w.o(.text)
    __aeabi_memcpy8                          0x080004f1   Thumb Code     0  rt_memcpy_w.o(.text)
    __rt_memcpy_w                            0x080004f1   Thumb Code   100  rt_memcpy_w.o(.text)
    _memcpy_lastbytes_aligned                0x08000539   Thumb Code     0  rt_memcpy_w.o(.text)
    __aeabi_memclr                           0x08000555   Thumb Code     0  rt_memclr.o(.text)
    __rt_memclr                              0x08000555   Thumb Code    68  rt_memclr.o(.text)
    _memset                                  0x08000559   Thumb Code     0  rt_memclr.o(.text)
    __aeabi_memclr4                          0x08000599   Thumb Code     0  rt_memclr_w.o(.text)
    __aeabi_memclr8                          0x08000599   Thumb Code     0  rt_memclr_w.o(.text)
    __rt_memclr_w                            0x08000599   Thumb Code    78  rt_memclr_w.o(.text)
    _memset_w                                0x0800059d   Thumb Code     0  rt_memclr_w.o(.text)
    __use_two_region_memory                  0x080005e7   Thumb Code     2  heapauxi.o(.text)
    __rt_heap_escrow                         0x080005e9   Thumb Code     2  heapauxi.o(.text)
    __rt_heap_expand                         0x080005eb   Thumb Code     2  heapauxi.o(.text)
    __read_errno                             0x080005ed   Thumb Code    10  _rserrno.o(.text)
    __set_errno                              0x080005f7   Thumb Code    12  _rserrno.o(.text)
    __user_libspace                          0x08000605   Thumb Code     8  libspace.o(.text)
    __user_perproc_libspace                  0x08000605   Thumb Code     0  libspace.o(.text)
    __user_perthread_libspace                0x08000605   Thumb Code     0  libspace.o(.text)
    __aeabi_errno_addr                       0x0800060d   Thumb Code     8  rt_errno_addr_intlibspace.o(.text)
    __errno$intlibspace                      0x0800060d   Thumb Code     0  rt_errno_addr_intlibspace.o(.text)
    __rt_errno_addr$intlibspace              0x0800060d   Thumb Code     0  rt_errno_addr_intlibspace.o(.text)
    __I$use$semihosting                      0x08000615   Thumb Code     0  use_no_semi.o(.text)
    __use_no_semihosting_swi                 0x08000615   Thumb Code     2  use_no_semi.o(.text)
    __semihosting_library_function           0x08000617   Thumb Code     0  indicate_semi.o(.text)
    __user_setup_stackheap                   0x08000617   Thumb Code    74  sys_stackheap_outer.o(.text)
    exit                                     0x08000661   Thumb Code    18  exit.o(.text)
    _sys_exit                                0x08000675   Thumb Code     8  sys_exit.o(.text)
    Long Thumb to Thumb Veneer to osDelay    0x08000681   Thumb Code    10  anon$$obj.o(Veneer$$Code)
    Long Thumb to Thumb Veneer to xEventGroupSetBits 0x0800068b   Thumb Code    10  anon$$obj.o(Veneer$$Code)
    Long Thumb to Thumb Veneer to HAL_TIM_IC_CaptureCallback 0x08000695   Thumb Code    10  anon$$obj.o(Veneer$$Code)
    Long Thumb to Thumb Veneer to xEventGroupWaitBits 0x0800069f   Thumb Code    10  anon$$obj.o(Veneer$$Code)
    Long Thumb to Thumb Veneer to xEventGroupCreate 0x080006a9   Thumb Code    10  anon$$obj.o(Veneer$$Code)
    Long Thumb to Thumb Veneer to osThreadCreate 0x080006b3   Thumb Code    10  anon$$obj.o(Veneer$$Code)
    Long Thumb to Thumb Veneer to ulTaskNotifyTake 0x080006bd   Thumb Code    10  anon$$obj.o(Veneer$$Code)
    Long Thumb to Thumb Veneer to xTaskGenericNotify 0x080006c7   Thumb Code    10  anon$$obj.o(Veneer$$Code)
    Long Thumb to Thumb Veneer to osKernelStart 0x080006d1   Thumb Code    10  anon$$obj.o(Veneer$$Code)
    ADC_ConfigureBoostMode                   0x080006dd   Thumb Code   238  stm32h7xx_hal_adc.o(i.ADC_ConfigureBoostMode)
    ADC_DMAConvCplt                          0x080007e9   Thumb Code   130  stm32h7xx_hal_adc.o(i.ADC_DMAConvCplt)
    ADC_DMAError                             0x0800086b   Thumb Code    26  stm32h7xx_hal_adc.o(i.ADC_DMAError)
    ADC_DMAHalfConvCplt                      0x08000885   Thumb Code    10  stm32h7xx_hal_adc.o(i.ADC_DMAHalfConvCplt)
    ADC_Disable                              0x08000891   Thumb Code   126  stm32h7xx_hal_adc.o(i.ADC_Disable)
    ADC_Enable                               0x08000911   Thumb Code   172  stm32h7xx_hal_adc.o(i.ADC_Enable)
    Adc_Handle                               0x080009d1   Thumb Code   624  adc.o(i.Adc_Handle)
    Adc_Task                                 0x08000cb5   Thumb Code    26  freertos.o(i.Adc_Task)
    BDMA_Channel0_IRQHandler                 0x08000cd5   Thumb Code     6  stm32h7xx_it.o(i.BDMA_Channel0_IRQHandler)
    BusFault_Handler                         0x08000ce1   Thumb Code     2  stm32h7xx_it.o(i.BusFault_Handler)
    DMA1_Stream0_IRQHandler                  0x08000ce5   Thumb Code     6  stm32h7xx_it.o(i.DMA1_Stream0_IRQHandler)
    DMA1_Stream1_IRQHandler                  0x08000cf1   Thumb Code     6  stm32h7xx_it.o(i.DMA1_Stream1_IRQHandler)
    DMA1_Stream2_IRQHandler                  0x08000cfd   Thumb Code     6  stm32h7xx_it.o(i.DMA1_Stream2_IRQHandler)
    DMA1_Stream3_IRQHandler                  0x08000d09   Thumb Code     6  stm32h7xx_it.o(i.DMA1_Stream3_IRQHandler)
    DMA1_Stream4_IRQHandler                  0x08000d15   Thumb Code     6  stm32h7xx_it.o(i.DMA1_Stream4_IRQHandler)
    DebugMon_Handler                         0x08001031   Thumb Code     2  stm32h7xx_it.o(i.DebugMon_Handler)
    Dwin_Curve_Clear                         0x08001035   Thumb Code   126  dwin.o(i.Dwin_Curve_Clear)
    Dwin_Curve_SchMd                         0x080010b9   Thumb Code   566  dwin.o(i.Dwin_Curve_SchMd)
    Dwin_HandleTask                          0x080012f9   Thumb Code    60  freertos.o(i.Dwin_HandleTask)
    Dwin_Init                                0x08001341   Thumb Code    60  dwin.o(i.Dwin_Init)
    Dwin_PageChange                          0x08001389   Thumb Code   188  dwin.o(i.Dwin_PageChange)
    Dwin_Poll                                0x08001449   Thumb Code   100  dwin.o(i.Dwin_Poll)
    Dwin_ReciveNew                           0x080014b5   Thumb Code     6  dwin.o(i.Dwin_ReciveNew)
    Dwin_SendWithCRC                         0x080014c1   Thumb Code   236  dwin.o(i.Dwin_SendWithCRC)
    Dwin_Write                               0x080015b5   Thumb Code   214  dwin.o(i.Dwin_Write)
    Endian_Swap                              0x08001691   Thumb Code    50  dwin.o(i.Endian_Swap)
    Error_Handler                            0x080016c3   Thumb Code     4  main.o(i.Error_Handler)
    HAL_ADCEx_Calibration_Start              0x080016c9   Thumb Code   150  stm32h7xx_hal_adc_ex.o(i.HAL_ADCEx_Calibration_Start)
    HAL_ADCEx_MultiModeConfigChannel         0x08001769   Thumb Code   250  stm32h7xx_hal_adc_ex.o(i.HAL_ADCEx_MultiModeConfigChannel)
    HAL_ADC_ConfigChannel                    0x08001875   Thumb Code  1136  stm32h7xx_hal_adc.o(i.HAL_ADC_ConfigChannel)
    HAL_ADC_ConvCpltCallback                 0x08001d0d   Thumb Code     2  stm32h7xx_hal_adc.o(i.HAL_ADC_ConvCpltCallback)
    HAL_ADC_ConvHalfCpltCallback             0x08001d0f   Thumb Code     2  stm32h7xx_hal_adc.o(i.HAL_ADC_ConvHalfCpltCallback)
    HAL_ADC_ErrorCallback                    0x08001d11   Thumb Code     2  stm32h7xx_hal_adc.o(i.HAL_ADC_ErrorCallback)
    HAL_ADC_Init                             0x08001d15   Thumb Code   594  stm32h7xx_hal_adc.o(i.HAL_ADC_Init)
    HAL_ADC_MspInit                          0x08001f91   Thumb Code   254  adc.o(i.HAL_ADC_MspInit)
    HAL_ADC_Start_DMA                        0x080020b1   Thumb Code   260  stm32h7xx_hal_adc.o(i.HAL_ADC_Start_DMA)
    HAL_DMA_Abort                            0x080021d1   Thumb Code   758  stm32h7xx_hal_dma.o(i.HAL_DMA_Abort)
    HAL_DMA_Abort_IT                         0x08002529   Thumb Code   524  stm32h7xx_hal_dma.o(i.HAL_DMA_Abort_IT)
    HAL_DMA_GetError                         0x08002795   Thumb Code     4  stm32h7xx_hal_dma.o(i.HAL_DMA_GetError)
    HAL_DMA_IRQHandler                       0x08002799   Thumb Code  1782  stm32h7xx_hal_dma.o(i.HAL_DMA_IRQHandler)
    HAL_DMA_Init                             0x08002ee5   Thumb Code  1302  stm32h7xx_hal_dma.o(i.HAL_DMA_Init)
    HAL_DMA_Start_IT                         0x0800341d   Thumb Code   566  stm32h7xx_hal_dma.o(i.HAL_DMA_Start_IT)
    HAL_GPIO_Init                            0x080036b5   Thumb Code   546  stm32h7xx_hal_gpio.o(i.HAL_GPIO_Init)
    HAL_GPIO_ReadPin                         0x080038e1   Thumb Code    10  stm32h7xx_hal_gpio.o(i.HAL_GPIO_ReadPin)
    HAL_GPIO_WritePin                        0x080038eb   Thumb Code    10  stm32h7xx_hal_gpio.o(i.HAL_GPIO_WritePin)
    HAL_GetREVID                             0x080038f5   Thumb Code     8  stm32h7xx_hal.o(i.HAL_GetREVID)
    HAL_GetTick                              0x08003901   Thumb Code     6  stm32h7xx_hal.o(i.HAL_GetTick)
    HAL_IWDG_Init                            0x0800390d   Thumb Code   112  stm32h7xx_hal_iwdg.o(i.HAL_IWDG_Init)
    HAL_IWDG_Refresh                         0x0800397d   Thumb Code    12  stm32h7xx_hal_iwdg.o(i.HAL_IWDG_Refresh)
    HAL_IncTick                              0x08003989   Thumb Code    12  stm32h7xx_hal.o(i.HAL_IncTick)
    HAL_Init                                 0x08003999   Thumb Code    76  stm32h7xx_hal.o(i.HAL_Init)
    HAL_InitTick                             0x080039f5   Thumb Code   126  stm32h7xx_hal_timebase_tim.o(i.HAL_InitTick)
    HAL_MPU_ConfigRegion                     0x08003a85   Thumb Code    92  stm32h7xx_hal_cortex.o(i.HAL_MPU_ConfigRegion)
    HAL_MPU_Disable                          0x08003ae5   Thumb Code    22  stm32h7xx_hal_cortex.o(i.HAL_MPU_Disable)
    HAL_MPU_Enable                           0x08003b05   Thumb Code    28  stm32h7xx_hal_cortex.o(i.HAL_MPU_Enable)
    HAL_MspInit                              0x08003b29   Thumb Code    32  stm32h7xx_hal_msp.o(i.HAL_MspInit)
    HAL_NVIC_EnableIRQ                       0x08003b4d   Thumb Code    30  stm32h7xx_hal_cortex.o(i.HAL_NVIC_EnableIRQ)
    HAL_NVIC_SetPriority                     0x08003b6d   Thumb Code    92  stm32h7xx_hal_cortex.o(i.HAL_NVIC_SetPriority)
    HAL_NVIC_SetPriorityGrouping             0x08003bcd   Thumb Code    30  stm32h7xx_hal_cortex.o(i.HAL_NVIC_SetPriorityGrouping)
    HAL_PWREx_ConfigSupply                   0x08003bf1   Thumb Code    84  stm32h7xx_hal_pwr_ex.o(i.HAL_PWREx_ConfigSupply)
    HAL_RCCEx_GetD3PCLK1Freq                 0x08003c4d   Thumb Code    26  stm32h7xx_hal_rcc_ex.o(i.HAL_RCCEx_GetD3PCLK1Freq)
    HAL_RCCEx_GetPLL1ClockFreq               0x08003c71   Thumb Code   394  stm32h7xx_hal_rcc_ex.o(i.HAL_RCCEx_GetPLL1ClockFreq)
    HAL_RCCEx_GetPLL2ClockFreq               0x08003e21   Thumb Code   392  stm32h7xx_hal_rcc_ex.o(i.HAL_RCCEx_GetPLL2ClockFreq)
    HAL_RCCEx_GetPLL3ClockFreq               0x08003fcd   Thumb Code   392  stm32h7xx_hal_rcc_ex.o(i.HAL_RCCEx_GetPLL3ClockFreq)
    HAL_RCCEx_GetPeriphCLKFreq               0x08004179   Thumb Code  1158  stm32h7xx_hal_rcc_ex.o(i.HAL_RCCEx_GetPeriphCLKFreq)
    HAL_RCCEx_PeriphCLKConfig                0x08004609   Thumb Code  2438  stm32h7xx_hal_rcc_ex.o(i.HAL_RCCEx_PeriphCLKConfig)
    HAL_RCC_ClockConfig                      0x08004f99   Thumb Code   618  stm32h7xx_hal_rcc.o(i.HAL_RCC_ClockConfig)
    HAL_RCC_GetClockConfig                   0x0800522d   Thumb Code    94  stm32h7xx_hal_rcc.o(i.HAL_RCC_GetClockConfig)
    HAL_RCC_GetHCLKFreq                      0x08005299   Thumb Code    56  stm32h7xx_hal_rcc.o(i.HAL_RCC_GetHCLKFreq)
    HAL_RCC_GetPCLK1Freq                     0x080052e1   Thumb Code    72  stm32h7xx_hal_rcc.o(i.HAL_RCC_GetPCLK1Freq)
    HAL_RCC_GetPCLK2Freq                     0x0800533d   Thumb Code    72  stm32h7xx_hal_rcc.o(i.HAL_RCC_GetPCLK2Freq)
    HAL_RCC_GetSysClockFreq                  0x08005399   Thumb Code   378  stm32h7xx_hal_rcc.o(i.HAL_RCC_GetSysClockFreq)
    HAL_RCC_OscConfig                        0x08005541   Thumb Code  1490  stm32h7xx_hal_rcc.o(i.HAL_RCC_OscConfig)
    HAL_TIMEx_Break2Callback                 0x08005b21   Thumb Code     2  stm32h7xx_hal_tim_ex.o(i.HAL_TIMEx_Break2Callback)
    HAL_TIMEx_BreakCallback                  0x08005b23   Thumb Code     2  stm32h7xx_hal_tim_ex.o(i.HAL_TIMEx_BreakCallback)
    HAL_TIMEx_CommutCallback                 0x08005b25   Thumb Code     2  stm32h7xx_hal_tim_ex.o(i.HAL_TIMEx_CommutCallback)
    HAL_TIMEx_MasterConfigSynchronization    0x08005b29   Thumb Code   148  stm32h7xx_hal_tim_ex.o(i.HAL_TIMEx_MasterConfigSynchronization)
    HAL_TIM_Base_Init                        0x08005bc5   Thumb Code    98  stm32h7xx_hal_tim.o(i.HAL_TIM_Base_Init)
    HAL_TIM_Base_MspInit                     0x08005c29   Thumb Code   310  tim.o(i.HAL_TIM_Base_MspInit)
    HAL_TIM_Base_Start_IT                    0x08005d79   Thumb Code   124  stm32h7xx_hal_tim.o(i.HAL_TIM_Base_Start_IT)
    HAL_TIM_ConfigClockSource                0x08005df9   Thumb Code   438  stm32h7xx_hal_tim.o(i.HAL_TIM_ConfigClockSource)
    HAL_TIM_IC_ConfigChannel                 0x08005faf   Thumb Code   464  stm32h7xx_hal_tim.o(i.HAL_TIM_IC_ConfigChannel)
    HAL_TIM_IC_Init                          0x0800617f   Thumb Code    98  stm32h7xx_hal_tim.o(i.HAL_TIM_IC_Init)
    HAL_TIM_IC_MspInit                       0x080061e1   Thumb Code     2  stm32h7xx_hal_tim.o(i.HAL_TIM_IC_MspInit)
    HAL_TIM_IC_Start_IT                      0x080061e5   Thumb Code   314  stm32h7xx_hal_tim.o(i.HAL_TIM_IC_Start_IT)
    HAL_TIM_IRQHandler                       0x08006325   Thumb Code   392  stm32h7xx_hal_tim.o(i.HAL_TIM_IRQHandler)
    HAL_TIM_OC_DelayElapsedCallback          0x080064ad   Thumb Code     2  stm32h7xx_hal_tim.o(i.HAL_TIM_OC_DelayElapsedCallback)
    HAL_TIM_PWM_PulseFinishedCallback        0x080064af   Thumb Code     2  stm32h7xx_hal_tim.o(i.HAL_TIM_PWM_PulseFinishedCallback)
    HAL_TIM_PeriodElapsedCallback            0x080064b1   Thumb Code   530  main.o(i.HAL_TIM_PeriodElapsedCallback)
    HAL_TIM_ReadCapturedValue                0x080066f1   Thumb Code    46  stm32h7xx_hal_tim.o(i.HAL_TIM_ReadCapturedValue)
    HAL_TIM_TriggerCallback                  0x0800671f   Thumb Code     2  stm32h7xx_hal_tim.o(i.HAL_TIM_TriggerCallback)
    HAL_UARTEx_DisableFifoMode               0x08006721   Thumb Code    72  stm32h7xx_hal_uart_ex.o(i.HAL_UARTEx_DisableFifoMode)
    HAL_UARTEx_RxEventCallback               0x08006769   Thumb Code     2  usart.o(i.HAL_UARTEx_RxEventCallback)
    HAL_UARTEx_RxFifoFullCallback            0x0800676b   Thumb Code     2  stm32h7xx_hal_uart_ex.o(i.HAL_UARTEx_RxFifoFullCallback)
    HAL_UARTEx_SetRxFifoThreshold            0x0800676d   Thumb Code   134  stm32h7xx_hal_uart_ex.o(i.HAL_UARTEx_SetRxFifoThreshold)
    HAL_UARTEx_SetTxFifoThreshold            0x080067f9   Thumb Code   134  stm32h7xx_hal_uart_ex.o(i.HAL_UARTEx_SetTxFifoThreshold)
    HAL_UARTEx_TxFifoEmptyCallback           0x08006885   Thumb Code     2  stm32h7xx_hal_uart_ex.o(i.HAL_UARTEx_TxFifoEmptyCallback)
    HAL_UARTEx_WakeupCallback                0x08006887   Thumb Code     2  stm32h7xx_hal_uart_ex.o(i.HAL_UARTEx_WakeupCallback)
    HAL_UART_DMAStop                         0x08006889   Thumb Code   194  stm32h7xx_hal_uart.o(i.HAL_UART_DMAStop)
    HAL_UART_ErrorCallback                   0x0800694b   Thumb Code     2  stm32h7xx_hal_uart.o(i.HAL_UART_ErrorCallback)
    HAL_UART_IRQHandler                      0x0800694d   Thumb Code   882  stm32h7xx_hal_uart.o(i.HAL_UART_IRQHandler)
    HAL_UART_Init                            0x08006d09   Thumb Code   110  stm32h7xx_hal_uart.o(i.HAL_UART_Init)
    HAL_UART_MspInit                         0x08006d79   Thumb Code   454  usart.o(i.HAL_UART_MspInit)
    HAL_UART_Receive_DMA                     0x08006f75   Thumb Code   194  stm32h7xx_hal_uart.o(i.HAL_UART_Receive_DMA)
    HAL_UART_RxCpltCallback                  0x08007045   Thumb Code     2  usart.o(i.HAL_UART_RxCpltCallback)
    HAL_UART_RxHalfCpltCallback              0x08007047   Thumb Code     2  stm32h7xx_hal_uart.o(i.HAL_UART_RxHalfCpltCallback)
    HAL_UART_Transmit_DMA                    0x08007049   Thumb Code   150  stm32h7xx_hal_uart.o(i.HAL_UART_Transmit_DMA)
    HAL_UART_TxCpltCallback                  0x080070ed   Thumb Code     2  stm32h7xx_hal_uart.o(i.HAL_UART_TxCpltCallback)
    HAL_UART_TxHalfCpltCallback              0x080070ef   Thumb Code     2  stm32h7xx_hal_uart.o(i.HAL_UART_TxHalfCpltCallback)
    HardFault_Handler                        0x080070f1   Thumb Code     2  stm32h7xx_it.o(i.HardFault_Handler)
    Idog_Task                                0x080070f5   Thumb Code    38  freertos.o(i.Idog_Task)
    Init_List                                0x08007125   Thumb Code    80  dwin.o(i.Init_List)
    Led_Task                                 0x08007179   Thumb Code    38  freertos.o(i.Led_Task)
    MX_ADC1_Init                             0x080071a9   Thumb Code   182  adc.o(i.MX_ADC1_Init)
    MX_ADC3_Init                             0x08007271   Thumb Code   158  adc.o(i.MX_ADC3_Init)
    MX_BDMA_Init                             0x08007321   Thumb Code    40  bdma.o(i.MX_BDMA_Init)
    MX_DMA_Init                              0x0800734d   Thumb Code   104  dma.o(i.MX_DMA_Init)
    MX_FREERTOS_Init                         0x080073b9   Thumb Code   162  freertos.o(i.MX_FREERTOS_Init)
    MX_GPIO_Init                             0x08007465   Thumb Code   248  gpio.o(i.MX_GPIO_Init)
    MX_IWDG1_Init                            0x0800756d   Thumb Code    38  iwdg.o(i.MX_IWDG1_Init)
    MX_TIM3_Init                             0x0800759d   Thumb Code   210  tim.o(i.MX_TIM3_Init)
    MX_TIM4_Init                             0x08007679   Thumb Code   170  tim.o(i.MX_TIM4_Init)
    MX_TIM6_Init                             0x0800772d   Thumb Code    72  tim.o(i.MX_TIM6_Init)
    MX_UART4_Init                            0x0800777d   Thumb Code   104  usart.o(i.MX_UART4_Init)
    MX_USART1_UART_Init                      0x080077ed   Thumb Code   122  usart.o(i.MX_USART1_UART_Init)
    MemManage_Handler                        0x08007875   Thumb Code     2  stm32h7xx_it.o(i.MemManage_Handler)
    NMI_Handler                              0x08007877   Thumb Code     2  stm32h7xx_it.o(i.NMI_Handler)
    Report_Task                              0x08007b01   Thumb Code    26  freertos.o(i.Report_Task)
    Report_TimeConsum                        0x08007b21   Thumb Code   204  dwin.o(i.Report_TimeConsum)
    SystemClock_Config                       0x08007d05   Thumb Code   186  main.o(i.SystemClock_Config)
    SystemInit                               0x08007dcd   Thumb Code   208  system_stm32h7xx.o(i.SystemInit)
    TIM2_IRQHandler                          0x08007ed9   Thumb Code     6  stm32h7xx_it.o(i.TIM2_IRQHandler)
    TIM3_IRQHandler                          0x08007ee5   Thumb Code     6  stm32h7xx_it.o(i.TIM3_IRQHandler)
    TIM4_IRQHandler                          0x08007ef1   Thumb Code     6  stm32h7xx_it.o(i.TIM4_IRQHandler)
    TIM6_DAC_IRQHandler                      0x08007efd   Thumb Code     6  stm32h7xx_it.o(i.TIM6_DAC_IRQHandler)
    TIM_Base_SetConfig                       0x08007f09   Thumb Code   164  stm32h7xx_hal_tim.o(i.TIM_Base_SetConfig)
    UART4_IRQHandler                         0x08007fcd   Thumb Code     6  stm32h7xx_it.o(i.UART4_IRQHandler)
    UART_AdvFeatureConfig                    0x08007fd9   Thumb Code   218  stm32h7xx_hal_uart.o(i.UART_AdvFeatureConfig)
    UART_CheckIdleState                      0x080080b3   Thumb Code   100  stm32h7xx_hal_uart.o(i.UART_CheckIdleState)
    UART_SetConfig                           0x08008275   Thumb Code   934  stm32h7xx_hal_uart.o(i.UART_SetConfig)
    UART_WaitOnFlagUntilTimeout              0x08008639   Thumb Code   194  stm32h7xx_hal_uart.o(i.UART_WaitOnFlagUntilTimeout)
    USART1_IRQHandler                        0x080086fd   Thumb Code   148  stm32h7xx_it.o(i.USART1_IRQHandler)
    UsageFault_Handler                       0x080087d9   Thumb Code     2  stm32h7xx_it.o(i.UsageFault_Handler)
    Wave_Handle                              0x080087dd   Thumb Code   586  dwin.o(i.Wave_Handle)
    Wave_HandleTask                          0x08008a3d   Thumb Code    36  freertos.o(i.Wave_HandleTask)
    __ARM_fpclassify                         0x08008a65   Thumb Code    48  fpclassify.o(i.__ARM_fpclassify)
    __hardfp_pow                             0x08008a99   Thumb Code  2140  pow.o(i.__hardfp_pow)
    __kernel_poly                            0x08009391   Thumb Code   112  poly.o(i.__kernel_poly)
    __mathlib_dbl_divzero                    0x08009401   Thumb Code    14  dunder.o(i.__mathlib_dbl_divzero)
    __mathlib_dbl_infnan2                    0x08009421   Thumb Code     6  dunder.o(i.__mathlib_dbl_infnan2)
    __mathlib_dbl_invalid                    0x08009429   Thumb Code    10  dunder.o(i.__mathlib_dbl_invalid)
    __mathlib_dbl_overflow                   0x08009441   Thumb Code    10  dunder.o(i.__mathlib_dbl_overflow)
    __mathlib_dbl_underflow                  0x08009459   Thumb Code    10  dunder.o(i.__mathlib_dbl_underflow)
    fabs                                     0x08009471   Thumb Code    24  fabs.o(i.fabs)
    main                                     0x08009489   Thumb Code   560  main.o(i.main)
    sqrt                                     0x080096ed   Thumb Code   106  sqrt.o(i.sqrt)
    vApplicationGetIdleTaskMemory            0x08009759   Thumb Code    20  freertos.o(i.vApplicationGetIdleTaskMemory)
    vApplicationGetTimerTaskMemory           0x08009771   Thumb Code    22  freertos.o(i.vApplicationGetTimerTaskMemory)
    __fpl_dcheck_NaN1                        0x0800978d   Thumb Code    10  dcheck1.o(x$fpl$dcheck1)
    _fp_init                                 0x0800979d   Thumb Code    10  fpinit.o(x$fpl$fpinit)
    __fplib_config_fpu_vfp                   0x080097a5   Thumb Code     0  fpinit.o(x$fpl$fpinit)
    __fplib_config_pureend_doubles           0x080097a5   Thumb Code     0  fpinit.o(x$fpl$fpinit)
    __fpl_return_NaN                         0x080097a7   Thumb Code   100  retnan.o(x$fpl$retnan)
    __ARM_scalbn                             0x0800980b   Thumb Code    92  scalbn.o(x$fpl$scalbn)
    __fpl_cmpreturn                          0x08009867   Thumb Code    48  trapv.o(x$fpl$trapveneer)
    __I$use$fp                               0x08009896   Number         0  usenofp.o(x$fpl$usenofp)
    UARTPrescTable                           0x08009948   Data          24  stm32h7xx_hal_uart.o(.constdata)
    D1CorePrescTable                         0x08009970   Data          16  system_stm32h7xx.o(.constdata)
    __mathlib_zero                           0x08009a08   Data           8  qnan.o(.constdata)
    Region$$Table$$Base                      0x08009a60   Number         0  anon$$obj.o(Region$$Table)
    Region$$Table$$Limit                     0x08009aa0   Number         0  anon$$obj.o(Region$$Table)
    SVC_Handler                              0x20000001   Thumb Code    28  port.o(.emb_text)
    __asm___6_port_c_39a90d8d__prvStartFirstTask 0x20000021   Thumb Code    36  port.o(.emb_text)
    __asm___6_port_c_39a90d8d__prvEnableVFP  0x20000049   Thumb Code    16  port.o(.emb_text)
    PendSV_Handler                           0x2000005d   Thumb Code    88  port.o(.emb_text)
    vPortGetIPSR                             0x200000b9   Thumb Code     6  port.o(.emb_text)
    Long Thumb to Thumb Veneer to vApplicationGetIdleTaskMemory 0x200000bf   Thumb Code    10  anon$$obj.o(Veneer$$Code)
    Long Thumb to Thumb Veneer to __aeabi_memcpy 0x200000c9   Thumb Code    10  anon$$obj.o(Veneer$$Code)
    Long Thumb to Thumb Veneer to vApplicationGetTimerTaskMemory 0x200000d3   Thumb Code    10  anon$$obj.o(Veneer$$Code)
    SysTick_Handler                          0x200000dd   Thumb Code    38  port.o(i.SysTick_Handler)
    osDelay                                  0x20000109   Thumb Code    16  cmsis_os.o(i.osDelay)
    osKernelStart                            0x20000119   Thumb Code    10  cmsis_os.o(i.osKernelStart)
    osThreadCreate                           0x20000123   Thumb Code   108  cmsis_os.o(i.osThreadCreate)
    pvPortMalloc                             0x200007d1   Thumb Code   394  heap_4.o(i.pvPortMalloc)
    pxPortInitialiseStack                    0x20000969   Thumb Code    42  port.o(i.pxPortInitialiseStack)
    ulTaskNotifyTake                         0x20000999   Thumb Code    94  tasks.o(i.ulTaskNotifyTake)
    uxListRemove                             0x20000a01   Thumb Code    38  list.o(i.uxListRemove)
    uxTaskResetEventItemValue                0x20000a29   Thumb Code    20  tasks.o(i.uxTaskResetEventItemValue)
    vListInitialise                          0x20000a41   Thumb Code    22  list.o(i.vListInitialise)
    vListInitialiseItem                      0x20000a57   Thumb Code     6  list.o(i.vListInitialiseItem)
    vListInsert                              0x20000a5d   Thumb Code    60  list.o(i.vListInsert)
    vListInsertEnd                           0x20000a99   Thumb Code    24  list.o(i.vListInsertEnd)
    vPortEnterCritical                       0x20000ab1   Thumb Code    56  port.o(i.vPortEnterCritical)
    vPortExitCritical                        0x20000af1   Thumb Code    38  port.o(i.vPortExitCritical)
    vPortFree                                0x20000b1d   Thumb Code   160  heap_4.o(i.vPortFree)
    vPortSetupTimerInterrupt                 0x20000bc5   Thumb Code    32  port.o(i.vPortSetupTimerInterrupt)
    vPortValidateInterruptPriority           0x20000be9   Thumb Code    74  port.o(i.vPortValidateInterruptPriority)
    vQueueAddToRegistry                      0x20000c3d   Thumb Code    32  queue.o(i.vQueueAddToRegistry)
    vQueueWaitForMessageRestricted           0x20000c61   Thumb Code    72  queue.o(i.vQueueWaitForMessageRestricted)
    vTaskDelay                               0x20000ca9   Thumb Code    66  tasks.o(i.vTaskDelay)
    vTaskInternalSetTimeOutState             0x20000cf5   Thumb Code    12  tasks.o(i.vTaskInternalSetTimeOutState)
    vTaskMissedYield                         0x20000d05   Thumb Code     8  tasks.o(i.vTaskMissedYield)
    vTaskPlaceOnEventList                    0x20000d11   Thumb Code    46  tasks.o(i.vTaskPlaceOnEventList)
    vTaskPlaceOnEventListRestricted          0x20000d45   Thumb Code    54  tasks.o(i.vTaskPlaceOnEventListRestricted)
    vTaskPlaceOnUnorderedEventList           0x20000d81   Thumb Code    78  tasks.o(i.vTaskPlaceOnUnorderedEventList)
    vTaskRemoveFromUnorderedEventList        0x20000dd5   Thumb Code   104  tasks.o(i.vTaskRemoveFromUnorderedEventList)
    vTaskStartScheduler                      0x20000e45   Thumb Code   124  tasks.o(i.vTaskStartScheduler)
    vTaskSuspendAll                          0x20000ed1   Thumb Code    10  tasks.o(i.vTaskSuspendAll)
    vTaskSwitchContext                       0x20000ee1   Thumb Code    84  tasks.o(i.vTaskSwitchContext)
    xEventGroupCreate                        0x20000f3d   Thumb Code    28  event_groups.o(i.xEventGroupCreate)
    xEventGroupSetBits                       0x20000f59   Thumb Code   152  event_groups.o(i.xEventGroupSetBits)
    xEventGroupWaitBits                      0x20000ff1   Thumb Code   272  event_groups.o(i.xEventGroupWaitBits)
    xPortStartScheduler                      0x20001105   Thumb Code   232  port.o(i.xPortStartScheduler)
    xQueueGenericCreateStatic                0x20001209   Thumb Code   176  queue.o(i.xQueueGenericCreateStatic)
    xQueueGenericSend                        0x200012b9   Thumb Code   464  queue.o(i.xQueueGenericSend)
    xQueueGenericSendFromISR                 0x2000148d   Thumb Code   282  queue.o(i.xQueueGenericSendFromISR)
    xQueueReceive                            0x200015a9   Thumb Code   342  queue.o(i.xQueueReceive)
    xTaskCheckForTimeOut                     0x20001705   Thumb Code   124  tasks.o(i.xTaskCheckForTimeOut)
    xTaskCreate                              0x20001785   Thumb Code   182  tasks.o(i.xTaskCreate)
    xTaskCreateStatic                        0x2000183b   Thumb Code   206  tasks.o(i.xTaskCreateStatic)
    xTaskGenericNotify                       0x20001909   Thumb Code   220  tasks.o(i.xTaskGenericNotify)
    xTaskGetSchedulerState                   0x200019f1   Thumb Code    24  tasks.o(i.xTaskGetSchedulerState)
    xTaskGetTickCount                        0x20001a0d   Thumb Code     6  tasks.o(i.xTaskGetTickCount)
    xTaskIncrementTick                       0x20001a19   Thumb Code   226  tasks.o(i.xTaskIncrementTick)
    xTaskPriorityDisinherit                  0x20001b05   Thumb Code   156  tasks.o(i.xTaskPriorityDisinherit)
    xTaskRemoveFromEventList                 0x20001ba9   Thumb Code   106  tasks.o(i.xTaskRemoveFromEventList)
    xTaskResumeAll                           0x20001c21   Thumb Code   426  tasks.o(i.xTaskResumeAll)
    xTimerCreateTimerTask                    0x20001dd9   Thumb Code   140  timers.o(i.xTimerCreateTimerTask)
    xTimerGenericCommand                     0x20001e85   Thumb Code   116  timers.o(i.xTimerGenericCommand)
    RecvHandle                               0x24000000   Data          24  dwin.o(.data)
    led_state                                0x24000018   Data           1  freertos.o(.data)
    Event_Handle                             0x2400001c   Data           4  freertos.o(.data)
    Uart_TaskHandle                          0x24000020   Data           4  freertos.o(.data)
    Run_TaskHandle                           0x24000024   Data           4  freertos.o(.data)
    Data_HandleTaskHandle                    0x24000028   Data           4  freertos.o(.data)
    Dwin_TaskHandle                          0x2400002c   Data           4  freertos.o(.data)
    IWDG_TaskHandle                          0x24000030   Data           4  freertos.o(.data)
    Sampling_TaskHandle                      0x24000034   Data           4  freertos.o(.data)
    pxCurrentTCB                             0x2400003c   Data           4  tasks.o(.data)
    uwTickFreq                               0x240000b8   Data           1  stm32h7xx_hal.o(.data)
    uwTickPrio                               0x240000bc   Data           4  stm32h7xx_hal.o(.data)
    uwTick                                   0x240000c0   Data           4  stm32h7xx_hal.o(.data)
    SystemCoreClock                          0x240000c4   Data           4  system_stm32h7xx.o(.data)
    SystemD2Clock                            0x240000c8   Data           4  system_stm32h7xx.o(.data)
    g_Dwin                                   0x240000cc   Data          16  dwin.o(.bss)
    g_map                                    0x240000dc   Data         256  dwin.o(.bss)
    List_Map                                 0x240001dc   Data       62928  dwin.o(.bss)
    Report                                   0x2400f7ac   Data          28  dwin.o(.bss)
    hadc1                                    0x2400fe70   Data         100  adc.o(.bss)
    hadc3                                    0x2400fed4   Data         100  adc.o(.bss)
    hdma_adc1                                0x2400ff38   Data         120  adc.o(.bss)
    hdma_adc3                                0x2400ffb0   Data         120  adc.o(.bss)
    hiwdg1                                   0x24010028   Data          16  iwdg.o(.bss)
    htim3                                    0x24010038   Data          76  tim.o(.bss)
    htim4                                    0x24010084   Data          76  tim.o(.bss)
    htim6                                    0x240100d0   Data          76  tim.o(.bss)
    Uart_Dma                                 0x2401011c   Data         652  usart.o(.bss)
    huart4                                   0x240103a8   Data         144  usart.o(.bss)
    huart1                                   0x24010438   Data         144  usart.o(.bss)
    hdma_uart4_tx                            0x240104c8   Data         120  usart.o(.bss)
    hdma_uart4_rx                            0x24010540   Data         120  usart.o(.bss)
    hdma_usart1_rx                           0x240105b8   Data         120  usart.o(.bss)
    hdma_usart1_tx                           0x24010630   Data         120  usart.o(.bss)
    htim2                                    0x240106a8   Data          76  stm32h7xx_hal_timebase_tim.o(.bss)
    xQueueRegistry                           0x240106f4   Data         128  queue.o(.bss)
    __libspace_start                         0x2401394c   Data          96  libspace.o(.bss)
    __temporary_stack_top$libspace           0x240139ac   Data           0  libspace.o(.bss)
    adc_buf                                  0x38000000   Data           8  adc.o(.ARM.__AT_0x38000000)



==============================================================================

Memory Map of the image

  Image Entry point : 0x08000299

  Load Region LR_IROM1 (Base: 0x08000000, Size: 0x0000bf70, Max: 0x00200000, ABSOLUTE)

    Execution Region RW_ITCM (Exec base: 0x00000000, Load base: 0x08009aa0, Size: 0x00000508, Max: 0x00010000, ABSOLUTE)

    Exec Addr    Load Addr    Size         Type   Attr      Idx    E Section Name        Object

    0x00000000   0x08009aa0   0x000004e8   Code   RO          704    ITCM                tim.o
    0x000004e8   0x08009f88   0x0000000a   Ven    RO         7402    Veneer$$Code        anon$$obj.o
    0x000004f2   0x08009f92   0x0000000a   Ven    RO         7403    Veneer$$Code        anon$$obj.o
    0x000004fc   0x08009f9c   0x0000000a   Ven    RO         7404    Veneer$$Code        anon$$obj.o


    Execution Region ER_IROM1 (Exec base: 0x08000000, Load base: 0x08000000, Size: 0x00009aa0, Max: 0x00200000, ABSOLUTE)

    Exec Addr    Load Addr    Size         Type   Attr      Idx    E Section Name        Object

    0x08000000   0x08000000   0x00000298   Data   RO            3    RESET               startup_stm32h743xx.o
    0x08000298   0x08000298   0x00000008   Code   RO         6946  * !!!main             c_w.l(__main.o)
    0x080002a0   0x080002a0   0x00000034   Code   RO         7387    !!!scatter          c_w.l(__scatter.o)
    0x080002d4   0x080002d4   0x0000001a   Code   RO         7389    !!handler_copy      c_w.l(__scatter_copy.o)
    0x080002ee   0x080002ee   0x00000002   PAD
    0x080002f0   0x080002f0   0x0000001c   Code   RO         7391    !!handler_zi        c_w.l(__scatter_zi.o)
    0x0800030c   0x0800030c   0x00000002   Code   RO         7315    .ARM.Collect$$libinit$$00000000  c_w.l(libinit.o)
    0x0800030e   0x0800030e   0x00000004   Code   RO         7091    .ARM.Collect$$libinit$$00000001  c_w.l(libinit2.o)
    0x08000312   0x08000312   0x00000000   Code   RO         7094    .ARM.Collect$$libinit$$00000004  c_w.l(libinit2.o)
    0x08000312   0x08000312   0x00000000   Code   RO         7097    .ARM.Collect$$libinit$$0000000A  c_w.l(libinit2.o)
    0x08000312   0x08000312   0x00000000   Code   RO         7099    .ARM.Collect$$libinit$$0000000C  c_w.l(libinit2.o)
    0x08000312   0x08000312   0x00000000   Code   RO         7101    .ARM.Collect$$libinit$$0000000E  c_w.l(libinit2.o)
    0x08000312   0x08000312   0x00000000   Code   RO         7104    .ARM.Collect$$libinit$$00000011  c_w.l(libinit2.o)
    0x08000312   0x08000312   0x00000000   Code   RO         7106    .ARM.Collect$$libinit$$00000013  c_w.l(libinit2.o)
    0x08000312   0x08000312   0x00000000   Code   RO         7108    .ARM.Collect$$libinit$$00000015  c_w.l(libinit2.o)
    0x08000312   0x08000312   0x00000000   Code   RO         7110    .ARM.Collect$$libinit$$00000017  c_w.l(libinit2.o)
    0x08000312   0x08000312   0x00000000   Code   RO         7112    .ARM.Collect$$libinit$$00000019  c_w.l(libinit2.o)
    0x08000312   0x08000312   0x00000000   Code   RO         7114    .ARM.Collect$$libinit$$0000001B  c_w.l(libinit2.o)
    0x08000312   0x08000312   0x00000000   Code   RO         7116    .ARM.Collect$$libinit$$0000001D  c_w.l(libinit2.o)
    0x08000312   0x08000312   0x00000000   Code   RO         7118    .ARM.Collect$$libinit$$0000001F  c_w.l(libinit2.o)
    0x08000312   0x08000312   0x00000000   Code   RO         7120    .ARM.Collect$$libinit$$00000021  c_w.l(libinit2.o)
    0x08000312   0x08000312   0x00000000   Code   RO         7122    .ARM.Collect$$libinit$$00000023  c_w.l(libinit2.o)
    0x08000312   0x08000312   0x00000000   Code   RO         7124    .ARM.Collect$$libinit$$00000025  c_w.l(libinit2.o)
    0x08000312   0x08000312   0x00000000   Code   RO         7128    .ARM.Collect$$libinit$$0000002C  c_w.l(libinit2.o)
    0x08000312   0x08000312   0x00000000   Code   RO         7130    .ARM.Collect$$libinit$$0000002E  c_w.l(libinit2.o)
    0x08000312   0x08000312   0x00000000   Code   RO         7132    .ARM.Collect$$libinit$$00000030  c_w.l(libinit2.o)
    0x08000312   0x08000312   0x00000000   Code   RO         7134    .ARM.Collect$$libinit$$00000032  c_w.l(libinit2.o)
    0x08000312   0x08000312   0x00000002   Code   RO         7135    .ARM.Collect$$libinit$$00000033  c_w.l(libinit2.o)
    0x08000314   0x08000314   0x00000002   Code   RO         7384    .ARM.Collect$$libshutdown$$00000000  c_w.l(libshutdown.o)
    0x08000316   0x08000316   0x00000000   Code   RO         7340    .ARM.Collect$$libshutdown$$00000002  c_w.l(libshutdown2.o)
    0x08000316   0x08000316   0x00000000   Code   RO         7342    .ARM.Collect$$libshutdown$$00000004  c_w.l(libshutdown2.o)
    0x08000316   0x08000316   0x00000000   Code   RO         7345    .ARM.Collect$$libshutdown$$00000007  c_w.l(libshutdown2.o)
    0x08000316   0x08000316   0x00000000   Code   RO         7348    .ARM.Collect$$libshutdown$$0000000A  c_w.l(libshutdown2.o)
    0x08000316   0x08000316   0x00000000   Code   RO         7350    .ARM.Collect$$libshutdown$$0000000C  c_w.l(libshutdown2.o)
    0x08000316   0x08000316   0x00000000   Code   RO         7353    .ARM.Collect$$libshutdown$$0000000F  c_w.l(libshutdown2.o)
    0x08000316   0x08000316   0x00000002   Code   RO         7354    .ARM.Collect$$libshutdown$$00000010  c_w.l(libshutdown2.o)
    0x08000318   0x08000318   0x00000000   Code   RO         6964    .ARM.Collect$$rtentry$$00000000  c_w.l(__rtentry.o)
    0x08000318   0x08000318   0x00000000   Code   RO         7190    .ARM.Collect$$rtentry$$00000002  c_w.l(__rtentry2.o)
    0x08000318   0x08000318   0x00000006   Code   RO         7202    .ARM.Collect$$rtentry$$00000004  c_w.l(__rtentry4.o)
    0x0800031e   0x0800031e   0x00000000   Code   RO         7192    .ARM.Collect$$rtentry$$00000009  c_w.l(__rtentry2.o)
    0x0800031e   0x0800031e   0x00000004   Code   RO         7193    .ARM.Collect$$rtentry$$0000000A  c_w.l(__rtentry2.o)
    0x08000322   0x08000322   0x00000000   Code   RO         7195    .ARM.Collect$$rtentry$$0000000C  c_w.l(__rtentry2.o)
    0x08000322   0x08000322   0x00000008   Code   RO         7196    .ARM.Collect$$rtentry$$0000000D  c_w.l(__rtentry2.o)
    0x0800032a   0x0800032a   0x00000002   Code   RO         7322    .ARM.Collect$$rtexit$$00000000  c_w.l(rtexit.o)
    0x0800032c   0x0800032c   0x00000000   Code   RO         7360    .ARM.Collect$$rtexit$$00000002  c_w.l(rtexit2.o)
    0x0800032c   0x0800032c   0x00000004   Code   RO         7361    .ARM.Collect$$rtexit$$00000003  c_w.l(rtexit2.o)
    0x08000330   0x08000330   0x00000006   Code   RO         7362    .ARM.Collect$$rtexit$$00000004  c_w.l(rtexit2.o)
    0x08000336   0x08000336   0x00000002   PAD
    0x08000338   0x08000338   0x00000040   Code   RO            4    .text               startup_stm32h743xx.o
    0x08000378   0x08000378   0x000000ee   Code   RO         6930    .text               c_w.l(lludivv7m.o)
    0x08000466   0x08000466   0x0000008a   Code   RO         6934    .text               c_w.l(rt_memcpy_v6.o)
    0x080004f0   0x080004f0   0x00000064   Code   RO         6936    .text               c_w.l(rt_memcpy_w.o)
    0x08000554   0x08000554   0x00000044   Code   RO         6940    .text               c_w.l(rt_memclr.o)
    0x08000598   0x08000598   0x0000004e   Code   RO         6942    .text               c_w.l(rt_memclr_w.o)
    0x080005e6   0x080005e6   0x00000006   Code   RO         6944    .text               c_w.l(heapauxi.o)
    0x080005ec   0x080005ec   0x00000016   Code   RO         6994    .text               c_w.l(_rserrno.o)
    0x08000602   0x08000602   0x00000002   PAD
    0x08000604   0x08000604   0x00000008   Code   RO         7186    .text               c_w.l(libspace.o)
    0x0800060c   0x0800060c   0x00000008   Code   RO         7209    .text               c_w.l(rt_errno_addr_intlibspace.o)
    0x08000614   0x08000614   0x00000002   Code   RO         7250    .text               c_w.l(use_no_semi.o)
    0x08000616   0x08000616   0x00000000   Code   RO         7252    .text               c_w.l(indicate_semi.o)
    0x08000616   0x08000616   0x0000004a   Code   RO         7253    .text               c_w.l(sys_stackheap_outer.o)
    0x08000660   0x08000660   0x00000012   Code   RO         7296    .text               c_w.l(exit.o)
    0x08000672   0x08000672   0x00000002   PAD
    0x08000674   0x08000674   0x0000000c   Code   RO         7320    .text               c_w.l(sys_exit.o)
    0x08000680   0x08000680   0x0000000a   Ven    RO         7393    Veneer$$Code        anon$$obj.o
    0x0800068a   0x0800068a   0x0000000a   Ven    RO         7394    Veneer$$Code        anon$$obj.o
    0x08000694   0x08000694   0x0000000a   Ven    RO         7395    Veneer$$Code        anon$$obj.o
    0x0800069e   0x0800069e   0x0000000a   Ven    RO         7396    Veneer$$Code        anon$$obj.o
    0x080006a8   0x080006a8   0x0000000a   Ven    RO         7397    Veneer$$Code        anon$$obj.o
    0x080006b2   0x080006b2   0x0000000a   Ven    RO         7398    Veneer$$Code        anon$$obj.o
    0x080006bc   0x080006bc   0x0000000a   Ven    RO         7399    Veneer$$Code        anon$$obj.o
    0x080006c6   0x080006c6   0x0000000a   Ven    RO         7400    Veneer$$Code        anon$$obj.o
    0x080006d0   0x080006d0   0x0000000a   Ven    RO         7401    Veneer$$Code        anon$$obj.o
    0x080006da   0x080006da   0x00000002   PAD
    0x080006dc   0x080006dc   0x0000010c   Code   RO         2642    i.ADC_ConfigureBoostMode  stm32h7xx_hal_adc.o
    0x080007e8   0x080007e8   0x00000082   Code   RO         2644    i.ADC_DMAConvCplt   stm32h7xx_hal_adc.o
    0x0800086a   0x0800086a   0x0000001a   Code   RO         2645    i.ADC_DMAError      stm32h7xx_hal_adc.o
    0x08000884   0x08000884   0x0000000a   Code   RO         2646    i.ADC_DMAHalfConvCplt  stm32h7xx_hal_adc.o
    0x0800088e   0x0800088e   0x00000002   PAD
    0x08000890   0x08000890   0x0000007e   Code   RO         2647    i.ADC_Disable       stm32h7xx_hal_adc.o
    0x0800090e   0x0800090e   0x00000002   PAD
    0x08000910   0x08000910   0x000000bc   Code   RO         2648    i.ADC_Enable        stm32h7xx_hal_adc.o
    0x080009cc   0x080009cc   0x00000004   PAD
    0x080009d0   0x080009d0   0x000002e4   Code   RO          565    i.Adc_Handle        adc.o
    0x08000cb4   0x08000cb4   0x00000020   Code   RO          479    i.Adc_Task          freertos.o
    0x08000cd4   0x08000cd4   0x0000000c   Code   RO          831    i.BDMA_Channel0_IRQHandler  stm32h7xx_it.o
    0x08000ce0   0x08000ce0   0x00000002   Code   RO          832    i.BusFault_Handler  stm32h7xx_it.o
    0x08000ce2   0x08000ce2   0x00000002   PAD
    0x08000ce4   0x08000ce4   0x0000000c   Code   RO          833    i.DMA1_Stream0_IRQHandler  stm32h7xx_it.o
    0x08000cf0   0x08000cf0   0x0000000c   Code   RO          834    i.DMA1_Stream1_IRQHandler  stm32h7xx_it.o
    0x08000cfc   0x08000cfc   0x0000000c   Code   RO          835    i.DMA1_Stream2_IRQHandler  stm32h7xx_it.o
    0x08000d08   0x08000d08   0x0000000c   Code   RO          836    i.DMA1_Stream3_IRQHandler  stm32h7xx_it.o
    0x08000d14   0x08000d14   0x0000000c   Code   RO          837    i.DMA1_Stream4_IRQHandler  stm32h7xx_it.o
    0x08000d20   0x08000d20   0x000000dc   Code   RO         3659    i.DMA_CalcBaseAndBitshift  stm32h7xx_hal_dma.o
    0x08000dfc   0x08000dfc   0x00000234   Code   RO         3660    i.DMA_SetConfig     stm32h7xx_hal_dma.o
    0x08001030   0x08001030   0x00000002   Code   RO          838    i.DebugMon_Handler  stm32h7xx_it.o
    0x08001032   0x08001032   0x00000002   PAD
    0x08001034   0x08001034   0x00000084   Code   RO           15    i.Dwin_Curve_Clear  dwin.o
    0x080010b8   0x080010b8   0x00000240   Code   RO           17    i.Dwin_Curve_SchMd  dwin.o
    0x080012f8   0x080012f8   0x00000048   Code   RO          480    i.Dwin_HandleTask   freertos.o
    0x08001340   0x08001340   0x00000048   Code   RO           18    i.Dwin_Init         dwin.o
    0x08001388   0x08001388   0x000000c0   Code   RO           19    i.Dwin_PageChange   dwin.o
    0x08001448   0x08001448   0x0000006c   Code   RO           20    i.Dwin_Poll         dwin.o
    0x080014b4   0x080014b4   0x0000000c   Code   RO          154    i.Dwin_ReciveNew    dwin.o
    0x080014c0   0x080014c0   0x000000f4   Code   RO           23    i.Dwin_SendWithCRC  dwin.o
    0x080015b4   0x080015b4   0x000000dc   Code   RO           26    i.Dwin_Write        dwin.o
    0x08001690   0x08001690   0x00000032   Code   RO           27    i.Endian_Swap       dwin.o
    0x080016c2   0x080016c2   0x00000004   Code   RO          356    i.Error_Handler     main.o
    0x080016c6   0x080016c6   0x00000002   PAD
    0x080016c8   0x080016c8   0x000000a0   Code   RO         2839    i.HAL_ADCEx_Calibration_Start  stm32h7xx_hal_adc_ex.o
    0x08001768   0x08001768   0x0000010c   Code   RO         2859    i.HAL_ADCEx_MultiModeConfigChannel  stm32h7xx_hal_adc_ex.o
    0x08001874   0x08001874   0x00000498   Code   RO         2650    i.HAL_ADC_ConfigChannel  stm32h7xx_hal_adc.o
    0x08001d0c   0x08001d0c   0x00000002   Code   RO         2651    i.HAL_ADC_ConvCpltCallback  stm32h7xx_hal_adc.o
    0x08001d0e   0x08001d0e   0x00000002   Code   RO         2652    i.HAL_ADC_ConvHalfCpltCallback  stm32h7xx_hal_adc.o
    0x08001d10   0x08001d10   0x00000002   Code   RO         2654    i.HAL_ADC_ErrorCallback  stm32h7xx_hal_adc.o
    0x08001d12   0x08001d12   0x00000002   PAD
    0x08001d14   0x08001d14   0x0000027c   Code   RO         2659    i.HAL_ADC_Init      stm32h7xx_hal_adc.o
    0x08001f90   0x08001f90   0x00000120   Code   RO          567    i.HAL_ADC_MspInit   adc.o
    0x080020b0   0x080020b0   0x00000120   Code   RO         2666    i.HAL_ADC_Start_DMA  stm32h7xx_hal_adc.o
    0x080021d0   0x080021d0   0x00000358   Code   RO         3661    i.HAL_DMA_Abort     stm32h7xx_hal_dma.o
    0x08002528   0x08002528   0x0000026c   Code   RO         3662    i.HAL_DMA_Abort_IT  stm32h7xx_hal_dma.o
    0x08002794   0x08002794   0x00000004   Code   RO         3664    i.HAL_DMA_GetError  stm32h7xx_hal_dma.o
    0x08002798   0x08002798   0x0000074c   Code   RO         3666    i.HAL_DMA_IRQHandler  stm32h7xx_hal_dma.o
    0x08002ee4   0x08002ee4   0x00000538   Code   RO         3667    i.HAL_DMA_Init      stm32h7xx_hal_dma.o
    0x0800341c   0x0800341c   0x00000298   Code   RO         3671    i.HAL_DMA_Start_IT  stm32h7xx_hal_dma.o
    0x080036b4   0x080036b4   0x0000022c   Code   RO         3512    i.HAL_GPIO_Init     stm32h7xx_hal_gpio.o
    0x080038e0   0x080038e0   0x0000000a   Code   RO         3514    i.HAL_GPIO_ReadPin  stm32h7xx_hal_gpio.o
    0x080038ea   0x080038ea   0x0000000a   Code   RO         3516    i.HAL_GPIO_WritePin  stm32h7xx_hal_gpio.o
    0x080038f4   0x080038f4   0x0000000c   Code   RO         4495    i.HAL_GetREVID      stm32h7xx_hal.o
    0x08003900   0x08003900   0x0000000c   Code   RO         4496    i.HAL_GetTick       stm32h7xx_hal.o
    0x0800390c   0x0800390c   0x00000070   Code   RO         5332    i.HAL_IWDG_Init     stm32h7xx_hal_iwdg.o
    0x0800397c   0x0800397c   0x0000000c   Code   RO         5333    i.HAL_IWDG_Refresh  stm32h7xx_hal_iwdg.o
    0x08003988   0x08003988   0x00000010   Code   RO         4502    i.HAL_IncTick       stm32h7xx_hal.o
    0x08003998   0x08003998   0x0000005c   Code   RO         4503    i.HAL_Init          stm32h7xx_hal.o
    0x080039f4   0x080039f4   0x00000090   Code   RO          985    i.HAL_InitTick      stm32h7xx_hal_timebase_tim.o
    0x08003a84   0x08003a84   0x00000060   Code   RO         4342    i.HAL_MPU_ConfigRegion  stm32h7xx_hal_cortex.o
    0x08003ae4   0x08003ae4   0x00000020   Code   RO         4343    i.HAL_MPU_Disable   stm32h7xx_hal_cortex.o
    0x08003b04   0x08003b04   0x00000024   Code   RO         4344    i.HAL_MPU_Enable    stm32h7xx_hal_cortex.o
    0x08003b28   0x08003b28   0x00000024   Code   RO          961    i.HAL_MspInit       stm32h7xx_hal_msp.o
    0x08003b4c   0x08003b4c   0x0000001e   Code   RO         4347    i.HAL_NVIC_EnableIRQ  stm32h7xx_hal_cortex.o
    0x08003b6a   0x08003b6a   0x00000002   PAD
    0x08003b6c   0x08003b6c   0x00000060   Code   RO         4353    i.HAL_NVIC_SetPriority  stm32h7xx_hal_cortex.o
    0x08003bcc   0x08003bcc   0x00000024   Code   RO         4354    i.HAL_NVIC_SetPriorityGrouping  stm32h7xx_hal_cortex.o
    0x08003bf0   0x08003bf0   0x0000005c   Code   RO         4088    i.HAL_PWREx_ConfigSupply  stm32h7xx_hal_pwr_ex.o
    0x08003c4c   0x08003c4c   0x00000024   Code   RO         3154    i.HAL_RCCEx_GetD3PCLK1Freq  stm32h7xx_hal_rcc_ex.o
    0x08003c70   0x08003c70   0x000001b0   Code   RO         3155    i.HAL_RCCEx_GetPLL1ClockFreq  stm32h7xx_hal_rcc_ex.o
    0x08003e20   0x08003e20   0x000001ac   Code   RO         3156    i.HAL_RCCEx_GetPLL2ClockFreq  stm32h7xx_hal_rcc_ex.o
    0x08003fcc   0x08003fcc   0x000001ac   Code   RO         3157    i.HAL_RCCEx_GetPLL3ClockFreq  stm32h7xx_hal_rcc_ex.o
    0x08004178   0x08004178   0x00000490   Code   RO         3159    i.HAL_RCCEx_GetPeriphCLKFreq  stm32h7xx_hal_rcc_ex.o
    0x08004608   0x08004608   0x00000990   Code   RO         3163    i.HAL_RCCEx_PeriphCLKConfig  stm32h7xx_hal_rcc_ex.o
    0x08004f98   0x08004f98   0x00000294   Code   RO         3039    i.HAL_RCC_ClockConfig  stm32h7xx_hal_rcc.o
    0x0800522c   0x0800522c   0x0000006c   Code   RO         3043    i.HAL_RCC_GetClockConfig  stm32h7xx_hal_rcc.o
    0x08005298   0x08005298   0x00000048   Code   RO         3044    i.HAL_RCC_GetHCLKFreq  stm32h7xx_hal_rcc.o
    0x080052e0   0x080052e0   0x0000005c   Code   RO         3046    i.HAL_RCC_GetPCLK1Freq  stm32h7xx_hal_rcc.o
    0x0800533c   0x0800533c   0x0000005c   Code   RO         3047    i.HAL_RCC_GetPCLK2Freq  stm32h7xx_hal_rcc.o
    0x08005398   0x08005398   0x000001a8   Code   RO         3048    i.HAL_RCC_GetSysClockFreq  stm32h7xx_hal_rcc.o
    0x08005540   0x08005540   0x000005e0   Code   RO         3051    i.HAL_RCC_OscConfig  stm32h7xx_hal_rcc.o
    0x08005b20   0x08005b20   0x00000002   Code   RO         6031    i.HAL_TIMEx_Break2Callback  stm32h7xx_hal_tim_ex.o
    0x08005b22   0x08005b22   0x00000002   Code   RO         6032    i.HAL_TIMEx_BreakCallback  stm32h7xx_hal_tim_ex.o
    0x08005b24   0x08005b24   0x00000002   Code   RO         6033    i.HAL_TIMEx_CommutCallback  stm32h7xx_hal_tim_ex.o
    0x08005b26   0x08005b26   0x00000002   PAD
    0x08005b28   0x08005b28   0x0000009c   Code   RO         6053    i.HAL_TIMEx_MasterConfigSynchronization  stm32h7xx_hal_tim_ex.o
    0x08005bc4   0x08005bc4   0x00000062   Code   RO         5364    i.HAL_TIM_Base_Init  stm32h7xx_hal_tim.o
    0x08005c26   0x08005c26   0x00000002   PAD
    0x08005c28   0x08005c28   0x00000150   Code   RO          706    i.HAL_TIM_Base_MspInit  tim.o
    0x08005d78   0x08005d78   0x00000080   Code   RO         5369    i.HAL_TIM_Base_Start_IT  stm32h7xx_hal_tim.o
    0x08005df8   0x08005df8   0x000001b6   Code   RO         5373    i.HAL_TIM_ConfigClockSource  stm32h7xx_hal_tim.o
    0x08005fae   0x08005fae   0x000001d0   Code   RO         5400    i.HAL_TIM_IC_ConfigChannel  stm32h7xx_hal_tim.o
    0x0800617e   0x0800617e   0x00000062   Code   RO         5403    i.HAL_TIM_IC_Init   stm32h7xx_hal_tim.o
    0x080061e0   0x080061e0   0x00000002   Code   RO         5405    i.HAL_TIM_IC_MspInit  stm32h7xx_hal_tim.o
    0x080061e2   0x080061e2   0x00000002   PAD
    0x080061e4   0x080061e4   0x00000140   Code   RO         5408    i.HAL_TIM_IC_Start_IT  stm32h7xx_hal_tim.o
    0x08006324   0x08006324   0x00000188   Code   RO         5412    i.HAL_TIM_IRQHandler  stm32h7xx_hal_tim.o
    0x080064ac   0x080064ac   0x00000002   Code   RO         5415    i.HAL_TIM_OC_DelayElapsedCallback  stm32h7xx_hal_tim.o
    0x080064ae   0x080064ae   0x00000002   Code   RO         5442    i.HAL_TIM_PWM_PulseFinishedCallback  stm32h7xx_hal_tim.o
    0x080064b0   0x080064b0   0x00000240   Code   RO          357    i.HAL_TIM_PeriodElapsedCallback  main.o
    0x080066f0   0x080066f0   0x0000002e   Code   RO         5452    i.HAL_TIM_ReadCapturedValue  stm32h7xx_hal_tim.o
    0x0800671e   0x0800671e   0x00000002   Code   RO         5455    i.HAL_TIM_TriggerCallback  stm32h7xx_hal_tim.o
    0x08006720   0x08006720   0x00000048   Code   RO         6725    i.HAL_UARTEx_DisableFifoMode  stm32h7xx_hal_uart_ex.o
    0x08006768   0x08006768   0x00000002   Code   RO          765    i.HAL_UARTEx_RxEventCallback  usart.o
    0x0800676a   0x0800676a   0x00000002   Code   RO         6732    i.HAL_UARTEx_RxFifoFullCallback  stm32h7xx_hal_uart_ex.o
    0x0800676c   0x0800676c   0x0000008c   Code   RO         6733    i.HAL_UARTEx_SetRxFifoThreshold  stm32h7xx_hal_uart_ex.o
    0x080067f8   0x080067f8   0x0000008c   Code   RO         6734    i.HAL_UARTEx_SetTxFifoThreshold  stm32h7xx_hal_uart_ex.o
    0x08006884   0x08006884   0x00000002   Code   RO         6736    i.HAL_UARTEx_TxFifoEmptyCallback  stm32h7xx_hal_uart_ex.o
    0x08006886   0x08006886   0x00000002   Code   RO         6737    i.HAL_UARTEx_WakeupCallback  stm32h7xx_hal_uart_ex.o
    0x08006888   0x08006888   0x000000c2   Code   RO         6338    i.HAL_UART_DMAStop  stm32h7xx_hal_uart.o
    0x0800694a   0x0800694a   0x00000002   Code   RO         6342    i.HAL_UART_ErrorCallback  stm32h7xx_hal_uart.o
    0x0800694c   0x0800694c   0x000003bc   Code   RO         6345    i.HAL_UART_IRQHandler  stm32h7xx_hal_uart.o
    0x08006d08   0x08006d08   0x0000006e   Code   RO         6346    i.HAL_UART_Init     stm32h7xx_hal_uart.o
    0x08006d76   0x08006d76   0x00000002   PAD
    0x08006d78   0x08006d78   0x000001fc   Code   RO          767    i.HAL_UART_MspInit  usart.o
    0x08006f74   0x08006f74   0x000000d0   Code   RO         6350    i.HAL_UART_Receive_DMA  stm32h7xx_hal_uart.o
    0x08007044   0x08007044   0x00000002   Code   RO          768    i.HAL_UART_RxCpltCallback  usart.o
    0x08007046   0x08007046   0x00000002   Code   RO         6354    i.HAL_UART_RxHalfCpltCallback  stm32h7xx_hal_uart.o
    0x08007048   0x08007048   0x000000a4   Code   RO         6356    i.HAL_UART_Transmit_DMA  stm32h7xx_hal_uart.o
    0x080070ec   0x080070ec   0x00000002   Code   RO         6358    i.HAL_UART_TxCpltCallback  stm32h7xx_hal_uart.o
    0x080070ee   0x080070ee   0x00000002   Code   RO         6359    i.HAL_UART_TxHalfCpltCallback  stm32h7xx_hal_uart.o
    0x080070f0   0x080070f0   0x00000002   Code   RO          839    i.HardFault_Handler  stm32h7xx_it.o
    0x080070f2   0x080070f2   0x00000002   PAD
    0x080070f4   0x080070f4   0x00000030   Code   RO          481    i.Idog_Task         freertos.o
    0x08007124   0x08007124   0x00000054   Code   RO           29    i.Init_List         dwin.o
    0x08007178   0x08007178   0x00000030   Code   RO          482    i.Led_Task          freertos.o
    0x080071a8   0x080071a8   0x000000c8   Code   RO          568    i.MX_ADC1_Init      adc.o
    0x08007270   0x08007270   0x000000b0   Code   RO          569    i.MX_ADC3_Init      adc.o
    0x08007320   0x08007320   0x0000002c   Code   RO          626    i.MX_BDMA_Init      bdma.o
    0x0800734c   0x0800734c   0x0000006c   Code   RO          650    i.MX_DMA_Init       dma.o
    0x080073b8   0x080073b8   0x000000ac   Code   RO          483    i.MX_FREERTOS_Init  freertos.o
    0x08007464   0x08007464   0x00000108   Code   RO          451    i.MX_GPIO_Init      gpio.o
    0x0800756c   0x0800756c   0x00000030   Code   RO          674    i.MX_IWDG1_Init     iwdg.o
    0x0800759c   0x0800759c   0x000000dc   Code   RO          707    i.MX_TIM3_Init      tim.o
    0x08007678   0x08007678   0x000000b4   Code   RO          708    i.MX_TIM4_Init      tim.o
    0x0800772c   0x0800772c   0x00000050   Code   RO          709    i.MX_TIM6_Init      tim.o
    0x0800777c   0x0800777c   0x00000070   Code   RO          769    i.MX_UART4_Init     usart.o
    0x080077ec   0x080077ec   0x00000088   Code   RO          770    i.MX_USART1_UART_Init  usart.o
    0x08007874   0x08007874   0x00000002   Code   RO          840    i.MemManage_Handler  stm32h7xx_it.o
    0x08007876   0x08007876   0x00000002   Code   RO          841    i.NMI_Handler       stm32h7xx_it.o
    0x08007878   0x08007878   0x00000144   Code   RO         3166    i.RCCEx_PLL2_Config  stm32h7xx_hal_rcc_ex.o
    0x080079bc   0x080079bc   0x00000144   Code   RO         3167    i.RCCEx_PLL3_Config  stm32h7xx_hal_rcc_ex.o
    0x08007b00   0x08007b00   0x00000020   Code   RO          484    i.Report_Task       freertos.o
    0x08007b20   0x08007b20   0x000000d8   Code   RO           30    i.Report_TimeConsum  dwin.o
    0x08007bf8   0x08007bf8   0x000000a8   Code   RO           31    i.Reset_Option      dwin.o
    0x08007ca0   0x08007ca0   0x0000002c   Code   RO           32    i.Shut_Down_option  dwin.o
    0x08007ccc   0x08007ccc   0x00000038   Code   RO           33    i.Sure_Option       dwin.o
    0x08007d04   0x08007d04   0x000000c8   Code   RO          359    i.SystemClock_Config  main.o
    0x08007dcc   0x08007dcc   0x0000010c   Code   RO         6833    i.SystemInit        system_stm32h7xx.o
    0x08007ed8   0x08007ed8   0x0000000c   Code   RO          842    i.TIM2_IRQHandler   stm32h7xx_it.o
    0x08007ee4   0x08007ee4   0x0000000c   Code   RO          843    i.TIM3_IRQHandler   stm32h7xx_it.o
    0x08007ef0   0x08007ef0   0x0000000c   Code   RO          844    i.TIM4_IRQHandler   stm32h7xx_it.o
    0x08007efc   0x08007efc   0x0000000c   Code   RO          845    i.TIM6_DAC_IRQHandler  stm32h7xx_it.o
    0x08007f08   0x08007f08   0x000000c4   Code   RO         5457    i.TIM_Base_SetConfig  stm32h7xx_hal_tim.o
    0x08007fcc   0x08007fcc   0x0000000c   Code   RO          846    i.UART4_IRQHandler  stm32h7xx_it.o
    0x08007fd8   0x08007fd8   0x000000da   Code   RO         6360    i.UART_AdvFeatureConfig  stm32h7xx_hal_uart.o
    0x080080b2   0x080080b2   0x00000064   Code   RO         6361    i.UART_CheckIdleState  stm32h7xx_hal_uart.o
    0x08008116   0x08008116   0x00000014   Code   RO         6362    i.UART_DMAAbortOnError  stm32h7xx_hal_uart.o
    0x0800812a   0x0800812a   0x0000009a   Code   RO         6363    i.UART_DMAError     stm32h7xx_hal_uart.o
    0x080081c4   0x080081c4   0x0000005c   Code   RO         6364    i.UART_DMAReceiveCplt  stm32h7xx_hal_uart.o
    0x08008220   0x08008220   0x0000001c   Code   RO         6366    i.UART_DMARxHalfCplt  stm32h7xx_hal_uart.o
    0x0800823c   0x0800823c   0x0000002e   Code   RO         6368    i.UART_DMATransmitCplt  stm32h7xx_hal_uart.o
    0x0800826a   0x0800826a   0x0000000a   Code   RO         6370    i.UART_DMATxHalfCplt  stm32h7xx_hal_uart.o
    0x08008274   0x08008274   0x000003c4   Code   RO         6376    i.UART_SetConfig    stm32h7xx_hal_uart.o
    0x08008638   0x08008638   0x000000c2   Code   RO         6383    i.UART_WaitOnFlagUntilTimeout  stm32h7xx_hal_uart.o
    0x080086fa   0x080086fa   0x00000002   PAD
    0x080086fc   0x080086fc   0x000000dc   Code   RO          847    i.USART1_IRQHandler  stm32h7xx_it.o
    0x080087d8   0x080087d8   0x00000002   Code   RO          848    i.UsageFault_Handler  stm32h7xx_it.o
    0x080087da   0x080087da   0x00000002   PAD
    0x080087dc   0x080087dc   0x00000260   Code   RO           34    i.Wave_Handle       dwin.o
    0x08008a3c   0x08008a3c   0x00000028   Code   RO          485    i.Wave_HandleTask   freertos.o
    0x08008a64   0x08008a64   0x00000030   Code   RO         7167    i.__ARM_fpclassify  m_wv.l(fpclassify.o)
    0x08008a94   0x08008a94   0x00000004   PAD
    0x08008a98   0x08008a98   0x000008f8   Code   RO         6948    i.__hardfp_pow      m_wv.l(pow.o)
    0x08009390   0x08009390   0x00000070   Code   RO         7169    i.__kernel_poly     m_wv.l(poly.o)
    0x08009400   0x08009400   0x00000020   Code   RO         7147    i.__mathlib_dbl_divzero  m_wv.l(dunder.o)
    0x08009420   0x08009420   0x00000006   Code   RO         7149    i.__mathlib_dbl_infnan2  m_wv.l(dunder.o)
    0x08009426   0x08009426   0x00000002   PAD
    0x08009428   0x08009428   0x00000018   Code   RO         7150    i.__mathlib_dbl_invalid  m_wv.l(dunder.o)
    0x08009440   0x08009440   0x00000018   Code   RO         7151    i.__mathlib_dbl_overflow  m_wv.l(dunder.o)
    0x08009458   0x08009458   0x00000018   Code   RO         7153    i.__mathlib_dbl_underflow  m_wv.l(dunder.o)
    0x08009470   0x08009470   0x00000018   Code   RO         7163    i.fabs              m_wv.l(fabs.o)
    0x08009488   0x08009488   0x00000264   Code   RO          360    i.main              main.o
    0x080096ec   0x080096ec   0x0000006a   Code   RO         7174    i.sqrt              m_wv.l(sqrt.o)
    0x08009756   0x08009756   0x00000002   PAD
    0x08009758   0x08009758   0x00000018   Code   RO          486    i.vApplicationGetIdleTaskMemory  freertos.o
    0x08009770   0x08009770   0x0000001c   Code   RO          487    i.vApplicationGetTimerTaskMemory  freertos.o
    0x0800978c   0x0800978c   0x00000010   Code   RO         7246    x$fpl$dcheck1       fz_wv.l(dcheck1.o)
    0x0800979c   0x0800979c   0x0000000a   Code   RO         7248    x$fpl$fpinit        fz_wv.l(fpinit.o)
    0x080097a6   0x080097a6   0x00000064   Code   RO         7318    x$fpl$retnan        fz_wv.l(retnan.o)
    0x0800980a   0x0800980a   0x0000005c   Code   RO         7144    x$fpl$scalbn        fz_wv.l(scalbn.o)
    0x08009866   0x08009866   0x00000030   Code   RO         7355    x$fpl$trapveneer    fz_wv.l(trapv.o)
    0x08009896   0x08009896   0x00000000   Code   RO         7146    x$fpl$usenofp       fz_wv.l(usenofp.o)
    0x08009896   0x08009896   0x00000002   PAD
    0x08009898   0x08009898   0x000000a8   Data   RO          489    .constdata          freertos.o
    0x08009940   0x08009940   0x00000008   Data   RO         3673    .constdata          stm32h7xx_hal_dma.o
    0x08009948   0x08009948   0x00000018   Data   RO         6384    .constdata          stm32h7xx_hal_uart.o
    0x08009960   0x08009960   0x00000010   Data   RO         6738    .constdata          stm32h7xx_hal_uart_ex.o
    0x08009970   0x08009970   0x00000010   Data   RO         6834    .constdata          system_stm32h7xx.o
    0x08009980   0x08009980   0x00000088   Data   RO         6951    .constdata          m_wv.l(pow.o)
    0x08009a08   0x08009a08   0x00000008   Data   RO         7171    .constdata          m_wv.l(qnan.o)
    0x08009a10   0x08009a10   0x00000050   Data   RO          490    .conststring        freertos.o
    0x08009a60   0x08009a60   0x00000040   Data   RO         7385    Region$$Table       anon$$obj.o


    Execution Region RW_IRAM1 (Exec base: 0x20000000, Load base: 0x08009fa8, Size: 0x00001efc, Max: 0x00020000, ABSOLUTE)

    Exec Addr    Load Addr    Size         Type   Attr      Idx    E Section Name        Object

    0x20000000   0x08009fa8   0x000000be   Code   RO         2562    .emb_text           port.o
    0x200000be   0x0800a066   0x0000000a   Ven    RO         7405    Veneer$$Code        anon$$obj.o
    0x200000c8   0x0800a070   0x0000000a   Ven    RO         7406    Veneer$$Code        anon$$obj.o
    0x200000d2   0x0800a07a   0x0000000a   Ven    RO         7407    Veneer$$Code        anon$$obj.o
    0x200000dc   0x0800a084   0x0000002c   Code   RO         2563    i.SysTick_Handler   port.o
    0x20000108   0x0800a0b0   0x00000010   Code   RO         2167    i.osDelay           cmsis_os.o
    0x20000118   0x0800a0c0   0x0000000a   Code   RO         2170    i.osKernelStart     cmsis_os.o
    0x20000122   0x0800a0ca   0x0000006c   Code   RO         2204    i.osThreadCreate    cmsis_os.o
    0x2000018e   0x0800a136   0x00000002   PAD
    0x20000190   0x0800a138   0x00000074   Code   RO         1761    i.prvAddCurrentTaskToDelayedList  tasks.o
    0x20000204   0x0800a1ac   0x000000e4   Code   RO         1762    i.prvAddNewTaskToReadyList  tasks.o
    0x200002e8   0x0800a290   0x0000008c   Code   RO         1763    i.prvIdleTask       tasks.o
    0x20000374   0x0800a31c   0x000000d0   Code   RO         2052    i.prvSampleTimeNow  timers.o
    0x20000444   0x0800a3ec   0x0000002c   Code   RO         2564    i.prvTaskExitError  port.o
    0x20000470   0x0800a418   0x000002f4   Code   RO         2053    i.prvTimerTask      timers.o
    0x20000764   0x0800a70c   0x0000006c   Code   RO         1482    i.prvUnlockQueue    queue.o
    0x200007d0   0x0800a778   0x00000198   Code   RO         2517    i.pvPortMalloc      heap_4.o
    0x20000968   0x0800a910   0x00000030   Code   RO         2565    i.pxPortInitialiseStack  port.o
    0x20000998   0x0800a940   0x00000068   Code   RO         1765    i.ulTaskNotifyTake  tasks.o
    0x20000a00   0x0800a9a8   0x00000026   Code   RO         1442    i.uxListRemove      list.o
    0x20000a26   0x0800a9ce   0x00000002   PAD
    0x20000a28   0x0800a9d0   0x00000018   Code   RO         1770    i.uxTaskResetEventItemValue  tasks.o
    0x20000a40   0x0800a9e8   0x00000016   Code   RO         1443    i.vListInitialise   list.o
    0x20000a56   0x0800a9fe   0x00000006   Code   RO         1444    i.vListInitialiseItem  list.o
    0x20000a5c   0x0800aa04   0x0000003c   Code   RO         1445    i.vListInsert       list.o
    0x20000a98   0x0800aa40   0x00000018   Code   RO         1446    i.vListInsertEnd    list.o
    0x20000ab0   0x0800aa58   0x00000040   Code   RO         2567    i.vPortEnterCritical  port.o
    0x20000af0   0x0800aa98   0x0000002c   Code   RO         2568    i.vPortExitCritical  port.o
    0x20000b1c   0x0800aac4   0x000000a8   Code   RO         2518    i.vPortFree         heap_4.o
    0x20000bc4   0x0800ab6c   0x00000024   Code   RO         2569    i.vPortSetupTimerInterrupt  port.o
    0x20000be8   0x0800ab90   0x00000054   Code   RO         2570    i.vPortValidateInterruptPriority  port.o
    0x20000c3c   0x0800abe4   0x00000024   Code   RO         1486    i.vQueueAddToRegistry  queue.o
    0x20000c60   0x0800ac08   0x00000048   Code   RO         1489    i.vQueueWaitForMessageRestricted  queue.o
    0x20000ca8   0x0800ac50   0x0000004c   Code   RO         1771    i.vTaskDelay        tasks.o
    0x20000cf4   0x0800ac9c   0x00000010   Code   RO         1774    i.vTaskInternalSetTimeOutState  tasks.o
    0x20000d04   0x0800acac   0x0000000c   Code   RO         1775    i.vTaskMissedYield  tasks.o
    0x20000d10   0x0800acb8   0x00000034   Code   RO         1777    i.vTaskPlaceOnEventList  tasks.o
    0x20000d44   0x0800acec   0x0000003c   Code   RO         1778    i.vTaskPlaceOnEventListRestricted  tasks.o
    0x20000d80   0x0800ad28   0x00000054   Code   RO         1779    i.vTaskPlaceOnUnorderedEventList  tasks.o
    0x20000dd4   0x0800ad7c   0x00000070   Code   RO         1782    i.vTaskRemoveFromUnorderedEventList  tasks.o
    0x20000e44   0x0800adec   0x0000008c   Code   RO         1785    i.vTaskStartScheduler  tasks.o
    0x20000ed0   0x0800ae78   0x00000010   Code   RO         1787    i.vTaskSuspendAll   tasks.o
    0x20000ee0   0x0800ae88   0x0000005c   Code   RO         1788    i.vTaskSwitchContext  tasks.o
    0x20000f3c   0x0800aee4   0x0000001c   Code   RO         1363    i.xEventGroupCreate  event_groups.o
    0x20000f58   0x0800af00   0x00000098   Code   RO         1366    i.xEventGroupSetBits  event_groups.o
    0x20000ff0   0x0800af98   0x00000114   Code   RO         1368    i.xEventGroupWaitBits  event_groups.o
    0x20001104   0x0800b0ac   0x00000104   Code   RO         2571    i.xPortStartScheduler  port.o
    0x20001208   0x0800b1b0   0x000000b0   Code   RO         1493    i.xQueueGenericCreateStatic  queue.o
    0x200012b8   0x0800b260   0x000001d4   Code   RO         1495    i.xQueueGenericSend  queue.o
    0x2000148c   0x0800b434   0x0000011a   Code   RO         1496    i.xQueueGenericSendFromISR  queue.o
    0x200015a6   0x0800b54e   0x00000002   PAD
    0x200015a8   0x0800b550   0x0000015c   Code   RO         1502    i.xQueueReceive     queue.o
    0x20001704   0x0800b6ac   0x00000080   Code   RO         1790    i.xTaskCheckForTimeOut  tasks.o
    0x20001784   0x0800b72c   0x000000b6   Code   RO         1791    i.xTaskCreate       tasks.o
    0x2000183a   0x0800b7e2   0x000000ce   Code   RO         1792    i.xTaskCreateStatic  tasks.o
    0x20001908   0x0800b8b0   0x000000e8   Code   RO         1793    i.xTaskGenericNotify  tasks.o
    0x200019f0   0x0800b998   0x0000001c   Code   RO         1796    i.xTaskGetSchedulerState  tasks.o
    0x20001a0c   0x0800b9b4   0x0000000c   Code   RO         1797    i.xTaskGetTickCount  tasks.o
    0x20001a18   0x0800b9c0   0x000000ec   Code   RO         1799    i.xTaskIncrementTick  tasks.o
    0x20001b04   0x0800baac   0x000000a4   Code   RO         1802    i.xTaskPriorityDisinherit  tasks.o
    0x20001ba8   0x0800bb50   0x00000078   Code   RO         1804    i.xTaskRemoveFromEventList  tasks.o
    0x20001c20   0x0800bbc8   0x000001b8   Code   RO         1805    i.xTaskResumeAll    tasks.o
    0x20001dd8   0x0800bd80   0x000000ac   Code   RO         2060    i.xTimerCreateTimerTask  timers.o
    0x20001e84   0x0800be2c   0x00000078   Code   RO         2061    i.xTimerGenericCommand  timers.o


    Execution Region RW_IRAM2 (Exec base: 0x24000000, Load base: 0x0800bea4, Size: 0x00015bb0, Max: 0x00080000, ABSOLUTE)

    Exec Addr    Load Addr    Size         Type   Attr      Idx    E Section Name        Object

    0x24000000   0x0800bea4   0x00000018   Data   RW           36    .data               dwin.o
    0x24000018   0x0800bebc   0x00000020   Data   RW          491    .data               freertos.o
    0x24000038   0x0800bedc   0x00000002   Data   RW          573    .data               adc.o
    0x2400003a   0x0800bede   0x00000002   PAD
    0x2400003c   0x0800bee0   0x0000003c   Data   RW         1808    .data               tasks.o
    0x24000078   0x0800bf1c   0x00000014   Data   RW         2067    .data               timers.o
    0x2400008c   0x0800bf30   0x00000020   Data   RW         2524    .data               heap_4.o
    0x240000ac   0x0800bf50   0x0000000c   Data   RW         2572    .data               port.o
    0x240000b8   0x0800bf5c   0x0000000c   Data   RW         4525    .data               stm32h7xx_hal.o
    0x240000c4   0x0800bf68   0x00000008   Data   RW         6835    .data               system_stm32h7xx.o
    0x240000cc        -       0x0000f6fc   Zero   RW           35    .bss                dwin.o
    0x2400f7c8        -       0x000006a8   Zero   RW          488    .bss                freertos.o
    0x2400fe70        -       0x000001b8   Zero   RW          571    .bss                adc.o
    0x24010028        -       0x00000010   Zero   RW          675    .bss                iwdg.o
    0x24010038        -       0x000000e4   Zero   RW          710    .bss                tim.o
    0x2401011c        -       0x0000058c   Zero   RW          771    .bss                usart.o
    0x240106a8        -       0x0000004c   Zero   RW          988    .bss                stm32h7xx_hal_timebase_tim.o
    0x240106f4        -       0x00000080   Zero   RW         1505    .bss                queue.o
    0x24010774        -       0x000000f0   Zero   RW         1807    .bss                tasks.o
    0x24010864        -       0x000000e8   Zero   RW         2066    .bss                timers.o
    0x2401094c        -       0x00003000   Zero   RW         2523    .bss                heap_4.o
    0x2401394c        -       0x00000060   Zero   RW         7187    .bss                c_w.l(libspace.o)
    0x240139ac   0x0800bf70   0x00000004   PAD
    0x240139b0        -       0x00000200   Zero   RW            2    HEAP                startup_stm32h743xx.o
    0x24013bb0        -       0x00002000   Zero   RW            1    STACK               startup_stm32h743xx.o



  Load Region LR$$.ARM.__AT_0x38000000 (Base: 0x38000000, Size: 0x00000000, Max: 0x00000008, ABSOLUTE)

    Execution Region ER$$.ARM.__AT_0x38000000 (Exec base: 0x38000000, Load base: 0x38000000, Size: 0x00000008, Max: 0x00000008, ABSOLUTE, UNINIT)

    Exec Addr    Load Addr    Size         Type   Attr      Idx    E Section Name        Object

    0x38000000        -       0x00000008   Zero   RW          570    .ARM.__AT_0x38000000  adc.o


==============================================================================

Image component sizes


      Code (inc. data)   RO Data    RW Data    ZI Data      Debug   Object Name

      1404        186          0          2        448      40666   adc.o
        44          4          0          0          0        923   bdma.o
       134          0          0          0          0      23549   cmsis_os.o
       108          4          0          0          0        946   dma.o
      2782        130          0         24      63228    1404479   dwin.o
       456          4          0          0          0      24928   event_groups.o
       496         68        248         32       1704       7002   freertos.o
       264         16          0          0          0       1247   gpio.o
       576         22          0         32      12288       4367   heap_4.o
        48         10          0          0         16        765   iwdg.o
       150          0          0          0          0       3862   list.o
      1392        112          0          0          0      43617   main.o
         0          0          0          0          0       1428   mdrecbuffer.o
       814         90          0         12          0      12353   port.o
      1490         14          0          0        128      15596   queue.o
        64         26        664          0       8704        868   startup_stm32h743xx.o
       132         30          0         12          0      22281   stm32h7xx_hal.o
      2854        168          0          0          0      73864   stm32h7xx_hal_adc.o
       428         28          0          0          0      63261   stm32h7xx_hal_adc_ex.o
       326         32          0          0          0      40772   stm32h7xx_hal_cortex.o
      6132        770          8          0          0      11173   stm32h7xx_hal_dma.o
       576         10          0          0          0       3311   stm32h7xx_hal_gpio.o
       124          0          0          0          0       2107   stm32h7xx_hal_iwdg.o
        36          4          0          0          0        966   stm32h7xx_hal_msp.o
        92          8          0          0          0        825   stm32h7xx_hal_pwr_ex.o
      2952        204          0          0          0       8553   stm32h7xx_hal_rcc.o
      5588        266          0          0          0      11535   stm32h7xx_hal_rcc_ex.o
      2188         50          0          0          0      13968   stm32h7xx_hal_tim.o
       162          8          0          0          0       3320   stm32h7xx_hal_tim_ex.o
       144         18          0          0         76       1707   stm32h7xx_hal_timebase_tim.o
      3466        174         24          0          0      36750   stm32h7xx_hal_uart.o
       358         12         16          0          0       5442   stm32h7xx_hal_uart_ex.o
       364        138          0          0          0       9029   stm32h7xx_it.o
         0          0          0          0          0        392   stream_buffer.o
       268         60         16          8          0       1626   system_stm32h7xx.o
      3020        224          0         60        240      32179   tasks.o
      2072        106          0          0        228       5357   tim.o
      1256         60          0         20        232      30139   timers.o
       760         76          0          0       1420       5079   usart.o

    ----------------------------------------------------------------------
     43712       3136       1040        204      88712    1970232   Object Totals
       150          0         64          0          0          0   (incl. Generated)
        42          4          0          2          0          0   (incl. Padding)

    ----------------------------------------------------------------------

      Code (inc. data)   RO Data    RW Data    ZI Data      Debug   Library Member Name

         8          0          0          0          0         68   __main.o
         0          0          0          0          0          0   __rtentry.o
        12          0          0          0          0          0   __rtentry2.o
         6          0          0          0          0          0   __rtentry4.o
        52          8          0          0          0          0   __scatter.o
        26          0          0          0          0          0   __scatter_copy.o
        28          0          0          0          0          0   __scatter_zi.o
        22          0          0          0          0        100   _rserrno.o
        18          0          0          0          0         80   exit.o
         6          0          0          0          0        152   heapauxi.o
         0          0          0          0          0          0   indicate_semi.o
         2          0          0          0          0          0   libinit.o
         6          0          0          0          0          0   libinit2.o
         2          0          0          0          0          0   libshutdown.o
         2          0          0          0          0          0   libshutdown2.o
         8          4          0          0         96         68   libspace.o
       238          0          0          0          0        100   lludivv7m.o
         8          4          0          0          0         68   rt_errno_addr_intlibspace.o
        68          0          0          0          0         68   rt_memclr.o
        78          0          0          0          0         80   rt_memclr_w.o
       138          0          0          0          0         68   rt_memcpy_v6.o
       100          0          0          0          0         80   rt_memcpy_w.o
         2          0          0          0          0          0   rtexit.o
        10          0          0          0          0          0   rtexit2.o
        12          4          0          0          0         68   sys_exit.o
        74          0          0          0          0         80   sys_stackheap_outer.o
         2          0          0          0          0         68   use_no_semi.o
        16          4          0          0          0        116   dcheck1.o
        10          0          0          0          0        116   fpinit.o
       100          0          0          0          0        116   retnan.o
        92          0          0          0          0        116   scalbn.o
        48          0          0          0          0        116   trapv.o
         0          0          0          0          0          0   usenofp.o
       110         60          0          0          0        580   dunder.o
        24          0          0          0          0        124   fabs.o
        48          0          0          0          0        124   fpclassify.o
       112          0          0          0          0        116   poly.o
      2296        304        136          0          0        320   pow.o
         0          0          8          0          0          0   qnan.o
       106          0          0          0          0        140   sqrt.o

    ----------------------------------------------------------------------
      3908        388        144          0        100       3132   Library Totals
        18          0          0          0          4          0   (incl. Padding)

    ----------------------------------------------------------------------

      Code (inc. data)   RO Data    RW Data    ZI Data      Debug   Library Name

       928         20          0          0         96       1148   c_w.l
       266          4          0          0          0        580   fz_wv.l
      2696        364        144          0          0       1404   m_wv.l

    ----------------------------------------------------------------------
      3908        388        144          0        100       3132   Library Totals

    ----------------------------------------------------------------------

==============================================================================


      Code (inc. data)   RO Data    RW Data    ZI Data      Debug   

     47620       3524       1184        204      88812    1950344   Grand Totals
     47620       3524       1184        204      88812    1950344   ELF Image Totals
     47620       3524       1184        204          0          0   ROM Totals

==============================================================================

    Total RO  Size (Code + RO Data)                48804 (  47.66kB)
    Total RW  Size (RW Data + ZI Data)             89016 (  86.93kB)
    Total ROM Size (Code + RO Data + RW Data)      49008 (  47.86kB)

==============================================================================

