Component: ARM Compiler 5.06 update 6 (build 750) Tool: armlink [4d35ed]

==============================================================================

Section Cross References

    startup_stm32h743xx.o(STACK) refers (Special) to heapauxi.o(.text) for __use_two_region_memory
    startup_stm32h743xx.o(HEAP) refers (Special) to heapauxi.o(.text) for __use_two_region_memory
    startup_stm32h743xx.o(RESET) refers (Special) to heapauxi.o(.text) for __use_two_region_memory
    startup_stm32h743xx.o(RESET) refers to startup_stm32h743xx.o(STACK) for __initial_sp
    startup_stm32h743xx.o(RESET) refers to startup_stm32h743xx.o(.text) for Reset_Handler
    startup_stm32h743xx.o(RESET) refers to stm32h7xx_it.o(i.NMI_Handler) for NMI_Handler
    startup_stm32h743xx.o(RESET) refers to stm32h7xx_it.o(i.HardFault_Handler) for HardFault_Handler
    startup_stm32h743xx.o(RESET) refers to stm32h7xx_it.o(i.MemManage_Handler) for MemManage_Handler
    startup_stm32h743xx.o(RESET) refers to stm32h7xx_it.o(i.BusFault_Handler) for BusFault_Handler
    startup_stm32h743xx.o(RESET) refers to stm32h7xx_it.o(i.UsageFault_Handler) for UsageFault_Handler
    startup_stm32h743xx.o(RESET) refers to port.o(.emb_text) for SVC_Handler
    startup_stm32h743xx.o(RESET) refers to stm32h7xx_it.o(i.DebugMon_Handler) for DebugMon_Handler
    startup_stm32h743xx.o(RESET) refers to port.o(i.SysTick_Handler) for SysTick_Handler
    startup_stm32h743xx.o(RESET) refers to stm32h7xx_it.o(i.DMA1_Stream0_IRQHandler) for DMA1_Stream0_IRQHandler
    startup_stm32h743xx.o(RESET) refers to stm32h7xx_it.o(i.DMA1_Stream1_IRQHandler) for DMA1_Stream1_IRQHandler
    startup_stm32h743xx.o(RESET) refers to stm32h7xx_it.o(i.TIM2_IRQHandler) for TIM2_IRQHandler
    startup_stm32h743xx.o(RESET) refers to stm32h7xx_it.o(i.TIM3_IRQHandler) for TIM3_IRQHandler
    startup_stm32h743xx.o(RESET) refers to stm32h7xx_it.o(i.TIM4_IRQHandler) for TIM4_IRQHandler
    startup_stm32h743xx.o(RESET) refers to stm32h7xx_it.o(i.USART1_IRQHandler) for USART1_IRQHandler
    startup_stm32h743xx.o(RESET) refers to stm32h7xx_it.o(i.TIM6_DAC_IRQHandler) for TIM6_DAC_IRQHandler
    startup_stm32h743xx.o(.text) refers (Special) to heapauxi.o(.text) for __use_two_region_memory
    startup_stm32h743xx.o(.text) refers to system_stm32h7xx.o(i.SystemInit) for SystemInit
    startup_stm32h743xx.o(.text) refers to __main.o(!!!main) for __main
    startup_stm32h743xx.o(.text) refers to startup_stm32h743xx.o(HEAP) for Heap_Mem
    startup_stm32h743xx.o(.text) refers to startup_stm32h743xx.o(STACK) for Stack_Mem
    dwin.o(i.Dwin_83H) refers to rt_memcpy_v6.o(.text) for __aeabi_memcpy
    dwin.o(i.Dwin_83H) refers to dwin.o(.bss) for .bss
    dwin.o(i.Dwin_AnalyzeApp) refers to rt_memcpy_v6.o(.text) for __aeabi_memcpy
    dwin.o(i.Dwin_AnalyzeApp) refers to dwin.o(.bss) for .bss
    dwin.o(i.Dwin_Curve) refers to dwin.o(i.Dwin_SendWithCRC) for Dwin_SendWithCRC
    dwin.o(i.Dwin_Curve) refers to dwin.o(.bss) for .bss
    dwin.o(i.Dwin_Curve_Clear) refers to dwin.o(i.Dwin_SendWithCRC) for Dwin_SendWithCRC
    dwin.o(i.Dwin_Curve_Clear) refers to dwin.o(.bss) for .bss
    dwin.o(i.Dwin_Curve_MuitiChannel) refers to dwin.o(i.Dwin_SendWithCRC) for Dwin_SendWithCRC
    dwin.o(i.Dwin_Curve_MuitiChannel) refers to dwin.o(.bss) for .bss
    dwin.o(i.Dwin_Curve_SchMd) refers to dwin.o(i.Dwin_SendWithCRC) for Dwin_SendWithCRC
    dwin.o(i.Dwin_Curve_SchMd) refers to dwin.o(.bss) for .bss
    dwin.o(i.Dwin_Init) refers to dwin.o(.bss) for .bss
    dwin.o(i.Dwin_Init) refers to dwin.o(.data) for .data
    dwin.o(i.Dwin_Init) refers to usart.o(.bss) for Uart_Dma
    dwin.o(i.Dwin_PageChange) refers to dwin.o(i.Dwin_SendWithCRC) for Dwin_SendWithCRC
    dwin.o(i.Dwin_PageChange) refers to dwin.o(.bss) for .bss
    dwin.o(i.Dwin_Poll) refers to rt_memcpy_v6.o(.text) for __aeabi_memcpy
    dwin.o(i.Dwin_Poll) refers to dwin.o(.bss) for .bss
    dwin.o(i.Dwin_Read) refers to dwin.o(i.Dwin_SendWithCRC) for Dwin_SendWithCRC
    dwin.o(i.Dwin_Read) refers to dwin.o(.bss) for .bss
    dwin.o(i.Dwin_Send) refers to stm32h7xx_hal_uart.o(i.HAL_UART_Transmit_DMA) for HAL_UART_Transmit_DMA
    dwin.o(i.Dwin_Send) refers to cmsis_os.o(i.osDelay) for osDelay
    dwin.o(i.Dwin_Send) refers to usart.o(.bss) for huart1
    dwin.o(i.Dwin_SendWithCRC) refers to rt_memclr_w.o(.text) for __aeabi_memclr4
    dwin.o(i.Dwin_SendWithCRC) refers to rt_memcpy_v6.o(.text) for __aeabi_memcpy
    dwin.o(i.Dwin_SendWithCRC) refers to stm32h7xx_hal_uart.o(i.HAL_UART_Transmit_DMA) for HAL_UART_Transmit_DMA
    dwin.o(i.Dwin_SendWithCRC) refers to cmsis_os.o(i.osDelay) for osDelay
    dwin.o(i.Dwin_SendWithCRC) refers to usart.o(.bss) for huart1
    dwin.o(i.Dwin_Set_Color) refers to dwin.o(i.Dwin_SendWithCRC) for Dwin_SendWithCRC
    dwin.o(i.Dwin_Set_Color) refers to dwin.o(.bss) for .bss
    dwin.o(i.Dwin_TouchAction) refers to dwin.o(i.Dwin_SendWithCRC) for Dwin_SendWithCRC
    dwin.o(i.Dwin_TouchAction) refers to dwin.o(.bss) for .bss
[...]
    xPendingReadyList                        0x240106e0   Data          20  tasks.o(.bss)
    xTasksWaitingTermination                 0x240106f4   Data          20  tasks.o(.bss)
    xSuspendedTaskList                       0x24010708   Data          20  tasks.o(.bss)
    .bss                                     0x2401071c   Section      232  timers.o(.bss)
    xStaticTimerQueue                        0x2401071c   Data          72  timers.o(.bss)
    ucStaticTimerQueueStorage                0x24010764   Data         120  timers.o(.bss)
    xActiveTimerList1                        0x240107dc   Data          20  timers.o(.bss)
    xActiveTimerList2                        0x240107f0   Data          20  timers.o(.bss)
    .bss                                     0x24010804   Section    10240  heap_4.o(.bss)
    ucHeap                                   0x24010804   Data       10240  heap_4.o(.bss)
    .bss                                     0x24013004   Section       96  libspace.o(.bss)
    HEAP                                     0x24013068   Section     8192  startup_stm32h743xx.o(HEAP)
    Heap_Mem                                 0x24013068   Data        8192  startup_stm32h743xx.o(HEAP)
    STACK                                    0x24015068   Section     8192  startup_stm32h743xx.o(STACK)
    Stack_Mem                                0x24015068   Data        8192  startup_stm32h743xx.o(STACK)
    __initial_sp                             0x24017068   Data           0  startup_stm32h743xx.o(STACK)

    Global Symbols

    Symbol Name                              Value     Ov Type        Size  Object(Section)

    BuildAttributes$$THM_ISAv4$E$P$D$K$B$S$7EM$VFPv5_D16$PE$PLD8$A:L22UL41UL21$X:L11$S22US41US21$IEEE1$IW$USESV6$~STKCKD$USESV7$~SHL$OTIME$ROPI$IEEEX$EBA8$UX$STANDARDLIB$REQ8$PRES8$EABIv2 0x00000000   Number         0  anon$$obj.o ABSOLUTE
    __ARM_use_no_argv                        0x00000000   Number         0  main.o ABSOLUTE
    _printf_flags                            0x00000000   Number         0  printf_stubs.o ABSOLUTE
    _printf_return_value                     0x00000000   Number         0  printf_stubs.o ABSOLUTE
    _printf_sizespec                         0x00000000   Number         0  printf_stubs.o ABSOLUTE
    _printf_widthprec                        0x00000000   Number         0  printf_stubs.o ABSOLUTE
    __ARM_exceptions_init                     - Undefined Weak Reference
    __alloca_initialize                       - Undefined Weak Reference
    __arm_preinit_                            - Undefined Weak Reference
    __cpp_initialize__aeabi_                  - Undefined Weak Reference
    __cxa_finalize                            - Undefined Weak Reference
    __sigvec_lookup                           - Undefined Weak Reference
    _atexit_init                              - Undefined Weak Reference
    _call_atexit_fns                          - Undefined Weak Reference
    _clock_init                               - Undefined Weak Reference
    _fp_trap_init                             - Undefined Weak Reference
    _fp_trap_shutdown                         - Undefined Weak Reference
    _get_lc_collate                           - Undefined Weak Reference
    _get_lc_monetary                          - Undefined Weak Reference
    _get_lc_time                              - Undefined Weak Reference
    _getenv_init                              - Undefined Weak Reference
    _handle_redirection                       - Undefined Weak Reference
    _init_alloc                               - Undefined Weak Reference
    _init_user_alloc                          - Undefined Weak Reference
    _initio                                   - Undefined Weak Reference
    _printf_mbtowc                            - Undefined Weak Reference
    _printf_wc                                - Undefined Weak Reference
    _rand_init                                - Undefined Weak Reference
    _signal_finish                            - Undefined Weak Reference
    _signal_init                              - Undefined Weak Reference
    _terminate_alloc                          - Undefined Weak Reference
    _terminate_user_alloc                     - Undefined Weak Reference
    _terminateio                              - Undefined Weak Reference
    __Vectors_Size                           0x00000298   Number         0  startup_stm32h743xx.o ABSOLUTE
    __Vectors                                0x08000000   Data           4  startup_stm32h743xx.o(RESET)
    __Vectors_End                            0x08000298   Data           0  startup_stm32h743xx.o(RESET)
    __main                                   0x08000299   Thumb Code     8  __main.o(!!!main)
    __scatterload                            0x080002a1   Thumb Code     0  __scatter.o(!!!scatter)
    __scatterload_rt2                        0x080002a1   Thumb Code    44  __scatter.o(!!!scatter)
    __scatterload_rt2_thumb_only             0x080002a1   Thumb Code     0  __scatter.o(!!!scatter)
    __scatterload_null                       0x080002af   Thumb Code     0  __scatter.o(!!!scatter)
    __scatterload_copy                       0x080002d5   Thumb Code    26  __scatter_copy.o(!!handler_copy)
    __scatterload_zeroinit                   0x080002f1   Thumb Code    28  __scatter_zi.o(!!handler_zi)
    __rt_lib_init                            0x0800030d   Thumb Code     0  libinit.o(.ARM.Collect$$libinit$$00000000)
    __rt_lib_init_fp_1                       0x0800030f   Thumb Code     0  libinit2.o(.ARM.Collect$$libinit$$00000001)
    __rt_lib_init_alloca_1                   0x08000313   Thumb Code     0  libinit2.o(.ARM.Collect$$libinit$$0000002E)
    __rt_lib_init_argv_1                     0x08000313   Thumb Code     0  libinit2.o(.ARM.Collect$$libinit$$0000002C)
    __rt_lib_init_atexit_1                   0x08000313   Thumb Code     0  libinit2.o(.ARM.Collect$$libinit$$0000001B)
    __rt_lib_init_clock_1                    0x08000313   Thumb Code     0  libinit2.o(.ARM.Collect$$libinit$$00000021)
    __rt_lib_init_cpp_1                      0x08000313   Thumb Code     0  libinit2.o(.ARM.Collect$$libinit$$00000032)
    __rt_lib_init_exceptions_1               0x08000313   Thumb Code     0  libinit2.o(.ARM.Collect$$libinit$$00000030)
    __rt_lib_init_fp_trap_1                  0x08000313   Thumb Code     0  libinit2.o(.ARM.Collect$$libinit$$0000001F)
    __rt_lib_init_getenv_1                   0x08000313   Thumb Code     0  libinit2.o(.ARM.Collect$$libinit$$00000023)
    __rt_lib_init_heap_1                     0x08000313   Thumb Code     0  libinit2.o(.ARM.Collect$$libinit$$0000000A)
    __rt_lib_init_lc_collate_1               0x08000313   Thumb Code     0  libinit2.o(.ARM.Collect$$libinit$$00000011)
    __rt_lib_init_lc_ctype_1                 0x08000313   Thumb Code     0  libinit2.o(.ARM.Collect$$libinit$$00000013)
    __rt_lib_init_lc_monetary_1              0x08000313   Thumb Code     0  libinit2.o(.ARM.Collect$$libinit$$00000015)
    __rt_lib_init_lc_numeric_1               0x08000313   Thumb Code     0  libinit2.o(.ARM.Collect$$libinit$$00000017)
    __rt_lib_init_lc_time_1                  0x08000313   Thumb Code     0  libinit2.o(.ARM.Collect$$libinit$$00000019)
    __rt_lib_init_preinit_1                  0x08000313   Thumb Code     0  libinit2.o(.ARM.Collect$$libinit$$00000004)
    __rt_lib_init_rand_1                     0x08000313   Thumb Code     0  libinit2.o(.ARM.Collect$$libinit$$0000000E)
    __rt_lib_init_return                     0x08000313   Thumb Code     0  libinit2.o(.ARM.Collect$$libinit$$00000033)
    __rt_lib_init_signal_1                   0x08000313   Thumb Code     0  libinit2.o(.ARM.Collect$$libinit$$0000001D)
    __rt_lib_init_stdio_1                    0x08000313   Thumb Code     0  libinit2.o(.ARM.Collect$$libinit$$00000025)
    __rt_lib_init_user_alloc_1               0x08000313   Thumb Code     0  libinit2.o(.ARM.Collect$$libinit$$0000000C)
    __rt_lib_shutdown                        0x08000315   Thumb Code     0  libshutdown.o(.ARM.Collect$$libshutdown$$00000000)
    __rt_lib_shutdown_cpp_1                  0x08000317   Thumb Code     0  libshutdown2.o(.ARM.Collect$$libshutdown$$00000002)
    __rt_lib_shutdown_fp_trap_1              0x08000317   Thumb Code     0  libshutdown2.o(.ARM.Collect$$libshutdown$$00000007)
    __rt_lib_shutdown_heap_1                 0x08000317   Thumb Code     0  libshutdown2.o(.ARM.Collect$$libshutdown$$0000000F)
    __rt_lib_shutdown_return                 0x08000317   Thumb Code     0  libshutdown2.o(.ARM.Collect$$libshutdown$$00000010)
    __rt_lib_shutdown_signal_1               0x08000317   Thumb Code     0  libshutdown2.o(.ARM.Collect$$libshutdown$$0000000A)
    __rt_lib_shutdown_stdio_1                0x08000317   Thumb Code     0  libshutdown2.o(.ARM.Collect$$libshutdown$$00000004)
    __rt_lib_shutdown_user_alloc_1           0x08000317   Thumb Code     0  libshutdown2.o(.ARM.Collect$$libshutdown$$0000000C)
    __rt_entry                               0x08000319   Thumb Code     0  __rtentry.o(.ARM.Collect$$rtentry$$00000000)
    __rt_entry_presh_1                       0x08000319   Thumb Code     0  __rtentry2.o(.ARM.Collect$$rtentry$$00000002)
    __rt_entry_sh                            0x08000319   Thumb Code     0  __rtentry4.o(.ARM.Collect$$rtentry$$00000004)
    __rt_entry_li                            0x0800031f   Thumb Code     0  __rtentry2.o(.ARM.Collect$$rtentry$$0000000A)
    __rt_entry_postsh_1                      0x0800031f   Thumb Code     0  __rtentry2.o(.ARM.Collect$$rtentry$$00000009)
    __rt_entry_main                          0x08000323   Thumb Code     0  __rtentry2.o(.ARM.Collect$$rtentry$$0000000D)
    __rt_entry_postli_1                      0x08000323   Thumb Code     0  __rtentry2.o(.ARM.Collect$$rtentry$$0000000C)
    __rt_exit                                0x0800032b   Thumb Code     0  rtexit.o(.ARM.Collect$$rtexit$$00000000)
    __rt_exit_ls                             0x0800032d   Thumb Code     0  rtexit2.o(.ARM.Collect$$rtexit$$00000003)
    __rt_exit_prels_1                        0x0800032d   Thumb Code     0  rtexit2.o(.ARM.Collect$$rtexit$$00000002)
    __rt_exit_exit                           0x08000331   Thumb Code     0  rtexit2.o(.ARM.Collect$$rtexit$$00000004)
    SVC_Handler                              0x08000339   Thumb Code    28  port.o(.emb_text)
    __asm___6_port_c_39a90d8d__prvStartFirstTask 0x08000359   Thumb Code    36  port.o(.emb_text)
    __asm___6_port_c_39a90d8d__prvEnableVFP  0x08000381   Thumb Code    16  port.o(.emb_text)
    PendSV_Handler                           0x08000395   Thumb Code    88  port.o(.emb_text)
    vPortGetIPSR                             0x080003f1   Thumb Code     6  port.o(.emb_text)
    Reset_Handler                            0x080003f9   Thumb Code     8  startup_stm32h743xx.o(.text)
    ADC3_IRQHandler                          0x08000413   Thumb Code     0  startup_stm32h743xx.o(.text)
    ADC_IRQHandler                           0x08000413   Thumb Code     0  startup_stm32h743xx.o(.text)
    BDMA_Channel0_IRQHandler                 0x08000413   Thumb Code     0  startup_stm32h743xx.o(.text)
    BDMA_Channel1_IRQHandler                 0x08000413   Thumb Code     0  startup_stm32h743xx.o(.text)
    BDMA_Channel2_IRQHandler                 0x08000413   Thumb Code     0  startup_stm32h743xx.o(.text)
    BDMA_Channel3_IRQHandler                 0x08000413   Thumb Code     0  startup_stm32h743xx.o(.text)
    BDMA_Channel4_IRQHandler                 0x08000413   Thumb Code     0  startup_stm32h743xx.o(.text)
    BDMA_Channel5_IRQHandler                 0x08000413   Thumb Code     0  startup_stm32h743xx.o(.text)
    BDMA_Channel6_IRQHandler                 0x08000413   Thumb Code     0  startup_stm32h743xx.o(.text)
    BDMA_Channel7_IRQHandler                 0x08000413   Thumb Code     0  startup_stm32h743xx.o(.text)
    CEC_IRQHandler                           0x08000413   Thumb Code     0  startup_stm32h743xx.o(.text)
    COMP1_IRQHandler                         0x08000413   Thumb Code     0  startup_stm32h743xx.o(.text)
    CRS_IRQHandler                           0x08000413   Thumb Code     0  startup_stm32h743xx.o(.text)
    DCMI_IRQHandler                          0x08000413   Thumb Code     0  startup_stm32h743xx.o(.text)
    DFSDM1_FLT0_IRQHandler                   0x08000413   Thumb Code     0  startup_stm32h743xx.o(.text)
    DFSDM1_FLT1_IRQHandler                   0x08000413   Thumb Code     0  startup_stm32h743xx.o(.text)
    DFSDM1_FLT2_IRQHandler                   0x08000413   Thumb Code     0  startup_stm32h743xx.o(.text)
    DFSDM1_FLT3_IRQHandler                   0x08000413   Thumb Code     0  startup_stm32h743xx.o(.text)
    DMA1_Stream2_IRQHandler                  0x08000413   Thumb Code     0  startup_stm32h743xx.o(.text)
    DMA1_Stream3_IRQHandler                  0x08000413   Thumb Code     0  startup_stm32h743xx.o(.text)
    DMA1_Stream4_IRQHandler                  0x08000413   Thumb Code     0  startup_stm32h743xx.o(.text)
    DMA1_Stream5_IRQHandler                  0x08000413   Thumb Code     0  startup_stm32h743xx.o(.text)
    DMA1_Stream6_IRQHandler                  0x08000413   Thumb Code     0  startup_stm32h743xx.o(.text)
    DMA1_Stream7_IRQHandler                  0x08000413   Thumb Code     0  startup_stm32h743xx.o(.text)
    DMA2D_IRQHandler                         0x08000413   Thumb Code     0  startup_stm32h743xx.o(.text)
    DMA2_Stream0_IRQHandler                  0x08000413   Thumb Code     0  startup_stm32h743xx.o(.text)
    DMA2_Stream1_IRQHandler                  0x08000413   Thumb Code     0  startup_stm32h743xx.o(.text)
    DMA2_Stream2_IRQHandler                  0x08000413   Thumb Code     0  startup_stm32h743xx.o(.text)
    DMA2_Stream3_IRQHandler                  0x08000413   Thumb Code     0  startup_stm32h743xx.o(.text)
    DMA2_Stream4_IRQHandler                  0x08000413   Thumb Code     0  startup_stm32h743xx.o(.text)
    DMA2_Stream5_IRQHandler                  0x08000413   Thumb Code     0  startup_stm32h743xx.o(.text)
    DMA2_Stream6_IRQHandler                  0x08000413   Thumb Code     0  startup_stm32h743xx.o(.text)
    DMA2_Stream7_IRQHandler                  0x08000413   Thumb Code     0  startup_stm32h743xx.o(.text)
    DMAMUX1_OVR_IRQHandler                   0x08000413   Thumb Code     0  startup_stm32h743xx.o(.text)
    DMAMUX2_OVR_IRQHandler                   0x08000413   Thumb Code     0  startup_stm32h743xx.o(.text)
    ECC_IRQHandler                           0x08000413   Thumb Code     0  startup_stm32h743xx.o(.text)
    ETH_IRQHandler                           0x08000413   Thumb Code     0  startup_stm32h743xx.o(.text)
    ETH_WKUP_IRQHandler                      0x08000413   Thumb Code     0  startup_stm32h743xx.o(.text)
    EXTI0_IRQHandler                         0x08000413   Thumb Code     0  startup_stm32h743xx.o(.text)
    EXTI15_10_IRQHandler                     0x08000413   Thumb Code     0  startup_stm32h743xx.o(.text)
    EXTI1_IRQHandler                         0x08000413   Thumb Code     0  startup_stm32h743xx.o(.text)
    EXTI2_IRQHandler                         0x08000413   Thumb Code     0  startup_stm32h743xx.o(.text)
    EXTI3_IRQHandler                         0x08000413   Thumb Code     0  startup_stm32h743xx.o(.text)
    EXTI4_IRQHandler                         0x08000413   Thumb Code     0  startup_stm32h743xx.o(.text)
    EXTI9_5_IRQHandler                       0x08000413   Thumb Code     0  startup_stm32h743xx.o(.text)
    FDCAN1_IT0_IRQHandler                    0x08000413   Thumb Code     0  startup_stm32h743xx.o(.text)
    FDCAN1_IT1_IRQHandler                    0x08000413   Thumb Code     0  startup_stm32h743xx.o(.text)
    FDCAN2_IT0_IRQHandler                    0x08000413   Thumb Code     0  startup_stm32h743xx.o(.text)
    FDCAN2_IT1_IRQHandler                    0x08000413   Thumb Code     0  startup_stm32h743xx.o(.text)
    FDCAN_CAL_IRQHandler                     0x08000413   Thumb Code     0  startup_stm32h743xx.o(.text)
    FLASH_IRQHandler                         0x08000413   Thumb Code     0  startup_stm32h743xx.o(.text)
    FMC_IRQHandler                           0x08000413   Thumb Code     0  startup_stm32h743xx.o(.text)
    FPU_IRQHandler                           0x08000413   Thumb Code     0  startup_stm32h743xx.o(.text)
    HRTIM1_FLT_IRQHandler                    0x08000413   Thumb Code     0  startup_stm32h743xx.o(.text)
    HRTIM1_Master_IRQHandler                 0x08000413   Thumb Code     0  startup_stm32h743xx.o(.text)
    HRTIM1_TIMA_IRQHandler                   0x08000413   Thumb Code     0  startup_stm32h743xx.o(.text)
    HRTIM1_TIMB_IRQHandler                   0x08000413   Thumb Code     0  startup_stm32h743xx.o(.text)
    HRTIM1_TIMC_IRQHandler                   0x08000413   Thumb Code     0  startup_stm32h743xx.o(.text)
    HRTIM1_TIMD_IRQHandler                   0x08000413   Thumb Code     0  startup_stm32h743xx.o(.text)
    HRTIM1_TIME_IRQHandler                   0x08000413   Thumb Code     0  startup_stm32h743xx.o(.text)
    HSEM1_IRQHandler                         0x08000413   Thumb Code     0  startup_stm32h743xx.o(.text)
    I2C1_ER_IRQHandler                       0x08000413   Thumb Code     0  startup_stm32h743xx.o(.text)
    I2C1_EV_IRQHandler                       0x08000413   Thumb Code     0  startup_stm32h743xx.o(.text)
    I2C2_ER_IRQHandler                       0x08000413   Thumb Code     0  startup_stm32h743xx.o(.text)
    I2C2_EV_IRQHandler                       0x08000413   Thumb Code     0  startup_stm32h743xx.o(.text)
    I2C3_ER_IRQHandler                       0x08000413   Thumb Code     0  startup_stm32h743xx.o(.text)
    I2C3_EV_IRQHandler                       0x08000413   Thumb Code     0  startup_stm32h743xx.o(.text)
    I2C4_ER_IRQHandler                       0x08000413   Thumb Code     0  startup_stm32h743xx.o(.text)
    I2C4_EV_IRQHandler                       0x08000413   Thumb Code     0  startup_stm32h743xx.o(.text)
    JPEG_IRQHandler                          0x08000413   Thumb Code     0  startup_stm32h743xx.o(.text)
    LPTIM1_IRQHandler                        0x08000413   Thumb Code     0  startup_stm32h743xx.o(.text)
    LPTIM2_IRQHandler                        0x08000413   Thumb Code     0  startup_stm32h743xx.o(.text)
    LPTIM3_IRQHandler                        0x08000413   Thumb Code     0  startup_stm32h743xx.o(.text)
    LPTIM4_IRQHandler                        0x08000413   Thumb Code     0  startup_stm32h743xx.o(.text)
    LPTIM5_IRQHandler                        0x08000413   Thumb Code     0  startup_stm32h743xx.o(.text)
    LPUART1_IRQHandler                       0x08000413   Thumb Code     0  startup_stm32h743xx.o(.text)
    LTDC_ER_IRQHandler                       0x08000413   Thumb Code     0  startup_stm32h743xx.o(.text)
    LTDC_IRQHandler                          0x08000413   Thumb Code     0  startup_stm32h743xx.o(.text)
    MDIOS_IRQHandler                         0x08000413   Thumb Code     0  startup_stm32h743xx.o(.text)
    MDIOS_WKUP_IRQHandler                    0x08000413   Thumb Code     0  startup_stm32h743xx.o(.text)
    MDMA_IRQHandler                          0x08000413   Thumb Code     0  startup_stm32h743xx.o(.text)
    OTG_FS_EP1_IN_IRQHandler                 0x08000413   Thumb Code     0  startup_stm32h743xx.o(.text)
    OTG_FS_EP1_OUT_IRQHandler                0x08000413   Thumb Code     0  startup_stm32h743xx.o(.text)
    OTG_FS_IRQHandler                        0x08000413   Thumb Code     0  startup_stm32h743xx.o(.text)
    OTG_FS_WKUP_IRQHandler                   0x08000413   Thumb Code     0  startup_stm32h743xx.o(.text)
    OTG_HS_EP1_IN_IRQHandler                 0x08000413   Thumb Code     0  startup_stm32h743xx.o(.text)
    OTG_HS_EP1_OUT_IRQHandler                0x08000413   Thumb Code     0  startup_stm32h743xx.o(.text)
    OTG_HS_IRQHandler                        0x08000413   Thumb Code     0  startup_stm32h743xx.o(.text)
    OTG_HS_WKUP_IRQHandler                   0x08000413   Thumb Code     0  startup_stm32h743xx.o(.text)
    PVD_AVD_IRQHandler                       0x08000413   Thumb Code     0  startup_stm32h743xx.o(.text)
    QUADSPI_IRQHandler                       0x08000413   Thumb Code     0  startup_stm32h743xx.o(.text)
    RCC_IRQHandler                           0x08000413   Thumb Code     0  startup_stm32h743xx.o(.text)
    RNG_IRQHandler                           0x08000413   Thumb Code     0  startup_stm32h743xx.o(.text)
    RTC_Alarm_IRQHandler                     0x08000413   Thumb Code     0  startup_stm32h743xx.o(.text)
    RTC_WKUP_IRQHandler                      0x08000413   Thumb Code     0  startup_stm32h743xx.o(.text)
    SAI1_IRQHandler                          0x08000413   Thumb Code     0  startup_stm32h743xx.o(.text)
    SAI2_IRQHandler                          0x08000413   Thumb Code     0  startup_stm32h743xx.o(.text)
    SAI3_IRQHandler                          0x08000413   Thumb Code     0  startup_stm32h743xx.o(.text)
    SAI4_IRQHandler                          0x08000413   Thumb Code     0  startup_stm32h743xx.o(.text)
    SDMMC1_IRQHandler                        0x08000413   Thumb Code     0  startup_stm32h743xx.o(.text)
    SDMMC2_IRQHandler                        0x08000413   Thumb Code     0  startup_stm32h743xx.o(.text)
    SPDIF_RX_IRQHandler                      0x08000413   Thumb Code     0  startup_stm32h743xx.o(.text)
    SPI1_IRQHandler                          0x08000413   Thumb Code     0  startup_stm32h743xx.o(.text)
    SPI2_IRQHandler                          0x08000413   Thumb Code     0  startup_stm32h743xx.o(.text)
    SPI3_IRQHandler                          0x08000413   Thumb Code     0  startup_stm32h743xx.o(.text)
    SPI4_IRQHandler                          0x08000413   Thumb Code     0  startup_stm32h743xx.o(.text)
    SPI5_IRQHandler                          0x08000413   Thumb Code     0  startup_stm32h743xx.o(.text)
    SPI6_IRQHandler                          0x08000413   Thumb Code     0  startup_stm32h743xx.o(.text)
    SWPMI1_IRQHandler                        0x08000413   Thumb Code     0  startup_stm32h743xx.o(.text)
    TAMP_STAMP_IRQHandler                    0x08000413   Thumb Code     0  startup_stm32h743xx.o(.text)
    TIM15_IRQHandler                         0x08000413   Thumb Code     0  startup_stm32h743xx.o(.text)
    TIM16_IRQHandler                         0x08000413   Thumb Code     0  startup_stm32h743xx.o(.text)
    TIM17_IRQHandler                         0x08000413   Thumb Code     0  startup_stm32h743xx.o(.text)
    TIM1_BRK_IRQHandler                      0x08000413   Thumb Code     0  startup_stm32h743xx.o(.text)
    TIM1_CC_IRQHandler                       0x08000413   Thumb Code     0  startup_stm32h743xx.o(.text)
    TIM1_TRG_COM_IRQHandler                  0x08000413   Thumb Code     0  startup_stm32h743xx.o(.text)
    TIM1_UP_IRQHandler                       0x08000413   Thumb Code     0  startup_stm32h743xx.o(.text)
    TIM5_IRQHandler                          0x08000413   Thumb Code     0  startup_stm32h743xx.o(.text)
    TIM7_IRQHandler                          0x08000413   Thumb Code     0  startup_stm32h743xx.o(.text)
    TIM8_BRK_TIM12_IRQHandler                0x08000413   Thumb Code     0  startup_stm32h743xx.o(.text)
    TIM8_CC_IRQHandler                       0x08000413   Thumb Code     0  startup_stm32h743xx.o(.text)
    TIM8_TRG_COM_TIM14_IRQHandler            0x08000413   Thumb Code     0  startup_stm32h743xx.o(.text)
    TIM8_UP_TIM13_IRQHandler                 0x08000413   Thumb Code     0  startup_stm32h743xx.o(.text)
    UART4_IRQHandler                         0x08000413   Thumb Code     0  startup_stm32h743xx.o(.text)
    UART5_IRQHandler                         0x08000413   Thumb Code     0  startup_stm32h743xx.o(.text)
    UART7_IRQHandler                         0x08000413   Thumb Code     0  startup_stm32h743xx.o(.text)
    UART8_IRQHandler                         0x08000413   Thumb Code     0  startup_stm32h743xx.o(.text)
    USART2_IRQHandler                        0x08000413   Thumb Code     0  startup_stm32h743xx.o(.text)
    USART3_IRQHandler                        0x08000413   Thumb Code     0  startup_stm32h743xx.o(.text)
    USART6_IRQHandler                        0x08000413   Thumb Code     0  startup_stm32h743xx.o(.text)
    WAKEUP_PIN_IRQHandler                    0x08000413   Thumb Code     0  startup_stm32h743xx.o(.text)
    WWDG_IRQHandler                          0x08000413   Thumb Code     0  startup_stm32h743xx.o(.text)
    __user_initial_stackheap                 0x08000415   Thumb Code     0  startup_stm32h743xx.o(.text)
    __aeabi_uldivmod                         0x08000439   Thumb Code     0  lludivv7m.o(.text)
    _ll_udiv                                 0x08000439   Thumb Code   238  lludivv7m.o(.text)
    __aeabi_memcpy                           0x08000527   Thumb Code     0  rt_memcpy_v6.o(.text)
    __rt_memcpy                              0x08000527   Thumb Code   138  rt_memcpy_v6.o(.text)
    _memcpy_lastbytes                        0x0800058d   Thumb Code     0  rt_memcpy_v6.o(.text)
    __aeabi_memcpy4                          0x080005b1   Thumb Code     0  rt_memcpy_w.o(.text)
    __aeabi_memcpy8                          0x080005b1   Thumb Code     0  rt_memcpy_w.o(.text)
    __rt_memcpy_w                            0x080005b1   Thumb Code   100  rt_memcpy_w.o(.text)
    _memcpy_lastbytes_aligned                0x080005f9   Thumb Code     0  rt_memcpy_w.o(.text)
    __aeabi_memclr                           0x08000615   Thumb Code     0  rt_memclr.o(.text)
    __rt_memclr                              0x08000615   Thumb Code    68  rt_memclr.o(.text)
    _memset                                  0x08000619   Thumb Code     0  rt_memclr.o(.text)
    __aeabi_memclr4                          0x08000659   Thumb Code     0  rt_memclr_w.o(.text)
    __aeabi_memclr8                          0x08000659   Thumb Code     0  rt_memclr_w.o(.text)
    __rt_memclr_w                            0x08000659   Thumb Code    78  rt_memclr_w.o(.text)
    _memset_w                                0x0800065d   Thumb Code     0  rt_memclr_w.o(.text)
    __use_two_region_memory                  0x080006a7   Thumb Code     2  heapauxi.o(.text)
    __rt_heap_escrow$2region                 0x080006a9   Thumb Code     2  heapauxi.o(.text)
    __rt_heap_expand$2region                 0x080006ab   Thumb Code     2  heapauxi.o(.text)
    __read_errno                             0x080006ad   Thumb Code    10  _rserrno.o(.text)
    __set_errno                              0x080006b7   Thumb Code    12  _rserrno.o(.text)
    __aeabi_errno_addr                       0x080006c5   Thumb Code     8  rt_errno_addr_intlibspace.o(.text)
    __errno$intlibspace                      0x080006c5   Thumb Code     0  rt_errno_addr_intlibspace.o(.text)
    __rt_errno_addr$intlibspace              0x080006c5   Thumb Code     0  rt_errno_addr_intlibspace.o(.text)
    __user_libspace                          0x080006cd   Thumb Code     8  libspace.o(.text)
    __user_perproc_libspace                  0x080006cd   Thumb Code     0  libspace.o(.text)
    __user_perthread_libspace                0x080006cd   Thumb Code     0  libspace.o(.text)
    __user_setup_stackheap                   0x080006d5   Thumb Code    74  sys_stackheap_outer.o(.text)
    exit                                     0x0800071f   Thumb Code    18  exit.o(.text)
    _sys_exit                                0x08000731   Thumb Code     8  sys_exit.o(.text)
    __I$use$semihosting                      0x0800073d   Thumb Code     0  use_no_semi.o(.text)
    __use_no_semihosting_swi                 0x0800073d   Thumb Code     2  use_no_semi.o(.text)
    BusFault_Handler                         0x0800073f   Thumb Code     2  stm32h7xx_it.o(i.BusFault_Handler)
    __semihosting_library_function           0x0800073f   Thumb Code     0  indicate_semi.o(.text)
    DMA1_Stream0_IRQHandler                  0x08000741   Thumb Code     6  stm32h7xx_it.o(i.DMA1_Stream0_IRQHandler)
    DMA1_Stream1_IRQHandler                  0x0800074d   Thumb Code     6  stm32h7xx_it.o(i.DMA1_Stream1_IRQHandler)
    DebugMon_Handler                         0x08000a69   Thumb Code     2  stm32h7xx_it.o(i.DebugMon_Handler)
    Dwin_Curve_Clear                         0x08000a6d   Thumb Code   126  dwin.o(i.Dwin_Curve_Clear)
    Dwin_Curve_SchMd                         0x08000af1   Thumb Code   566  dwin.o(i.Dwin_Curve_SchMd)
    Dwin_HandleTask                          0x08000d31   Thumb Code    60  freertos.o(i.Dwin_HandleTask)
    Dwin_Init                                0x08000d79   Thumb Code    52  dwin.o(i.Dwin_Init)
    Dwin_PageChange                          0x08000db9   Thumb Code   188  dwin.o(i.Dwin_PageChange)
    Dwin_Poll                                0x08000e79   Thumb Code   100  dwin.o(i.Dwin_Poll)
    Dwin_ReciveNew                           0x08000ee5   Thumb Code     6  dwin.o(i.Dwin_ReciveNew)
    Dwin_SendWithCRC                         0x08000ef1   Thumb Code   236  dwin.o(i.Dwin_SendWithCRC)
    Dwin_Write                               0x08000fe5   Thumb Code   214  dwin.o(i.Dwin_Write)
    Error_Handler                            0x080010c1   Thumb Code     4  main.o(i.Error_Handler)
    HAL_DMA_Abort                            0x080010c5   Thumb Code   758  stm32h7xx_hal_dma.o(i.HAL_DMA_Abort)
    HAL_DMA_Abort_IT                         0x0800141d   Thumb Code   524  stm32h7xx_hal_dma.o(i.HAL_DMA_Abort_IT)
    HAL_DMA_GetError                         0x08001689   Thumb Code     4  stm32h7xx_hal_dma.o(i.HAL_DMA_GetError)
    HAL_DMA_IRQHandler                       0x0800168d   Thumb Code  1782  stm32h7xx_hal_dma.o(i.HAL_DMA_IRQHandler)
    HAL_DMA_Init                             0x08001dd9   Thumb Code  1302  stm32h7xx_hal_dma.o(i.HAL_DMA_Init)
    HAL_DMA_Start_IT                         0x08002311   Thumb Code   566  stm32h7xx_hal_dma.o(i.HAL_DMA_Start_IT)
    HAL_GPIO_Init                            0x080025a9   Thumb Code   546  stm32h7xx_hal_gpio.o(i.HAL_GPIO_Init)
    HAL_GPIO_ReadPin                         0x080027d5   Thumb Code    10  stm32h7xx_hal_gpio.o(i.HAL_GPIO_ReadPin)
    HAL_GPIO_WritePin                        0x080027df   Thumb Code    10  stm32h7xx_hal_gpio.o(i.HAL_GPIO_WritePin)
    HAL_GetREVID                             0x080027e9   Thumb Code     8  stm32h7xx_hal.o(i.HAL_GetREVID)
    HAL_GetTick                              0x080027f5   Thumb Code     6  stm32h7xx_hal.o(i.HAL_GetTick)
    HAL_IWDG_Init                            0x08002801   Thumb Code   112  stm32h7xx_hal_iwdg.o(i.HAL_IWDG_Init)
    HAL_IWDG_Refresh                         0x08002871   Thumb Code    12  stm32h7xx_hal_iwdg.o(i.HAL_IWDG_Refresh)
    HAL_IncTick                              0x0800287d   Thumb Code    12  stm32h7xx_hal.o(i.HAL_IncTick)
    HAL_Init                                 0x0800288d   Thumb Code    76  stm32h7xx_hal.o(i.HAL_Init)
    HAL_InitTick                             0x080028e9   Thumb Code   126  stm32h7xx_hal_timebase_tim.o(i.HAL_InitTick)
    HAL_MPU_ConfigRegion                     0x08002979   Thumb Code    92  stm32h7xx_hal_cortex.o(i.HAL_MPU_ConfigRegion)
    HAL_MPU_Disable                          0x080029d9   Thumb Code    22  stm32h7xx_hal_cortex.o(i.HAL_MPU_Disable)
    HAL_MPU_Enable                           0x080029f9   Thumb Code    28  stm32h7xx_hal_cortex.o(i.HAL_MPU_Enable)
    HAL_MspInit                              0x08002a1d   Thumb Code    32  stm32h7xx_hal_msp.o(i.HAL_MspInit)
    HAL_NVIC_EnableIRQ                       0x08002a41   Thumb Code    30  stm32h7xx_hal_cortex.o(i.HAL_NVIC_EnableIRQ)
    HAL_NVIC_SetPriority                     0x08002a61   Thumb Code    92  stm32h7xx_hal_cortex.o(i.HAL_NVIC_SetPriority)
    HAL_NVIC_SetPriorityGrouping             0x08002ac1   Thumb Code    30  stm32h7xx_hal_cortex.o(i.HAL_NVIC_SetPriorityGrouping)
    HAL_PWREx_ConfigSupply                   0x08002ae5   Thumb Code    84  stm32h7xx_hal_pwr_ex.o(i.HAL_PWREx_ConfigSupply)
    HAL_RCCEx_GetD3PCLK1Freq                 0x08002b41   Thumb Code    26  stm32h7xx_hal_rcc_ex.o(i.HAL_RCCEx_GetD3PCLK1Freq)
    HAL_RCCEx_GetPLL2ClockFreq               0x08002b65   Thumb Code   392  stm32h7xx_hal_rcc_ex.o(i.HAL_RCCEx_GetPLL2ClockFreq)
    HAL_RCCEx_GetPLL3ClockFreq               0x08002d11   Thumb Code   392  stm32h7xx_hal_rcc_ex.o(i.HAL_RCCEx_GetPLL3ClockFreq)
    HAL_RCCEx_PeriphCLKConfig                0x08002ebd   Thumb Code  2438  stm32h7xx_hal_rcc_ex.o(i.HAL_RCCEx_PeriphCLKConfig)
    HAL_RCC_ClockConfig                      0x0800384d   Thumb Code   618  stm32h7xx_hal_rcc.o(i.HAL_RCC_ClockConfig)
    HAL_RCC_GetClockConfig                   0x08003ae1   Thumb Code    94  stm32h7xx_hal_rcc.o(i.HAL_RCC_GetClockConfig)
    HAL_RCC_GetHCLKFreq                      0x08003b4d   Thumb Code    56  stm32h7xx_hal_rcc.o(i.HAL_RCC_GetHCLKFreq)
    HAL_RCC_GetPCLK1Freq                     0x08003b95   Thumb Code    72  stm32h7xx_hal_rcc.o(i.HAL_RCC_GetPCLK1Freq)
    HAL_RCC_GetPCLK2Freq                     0x08003bf1   Thumb Code    72  stm32h7xx_hal_rcc.o(i.HAL_RCC_GetPCLK2Freq)
    HAL_RCC_GetSysClockFreq                  0x08003c4d   Thumb Code   378  stm32h7xx_hal_rcc.o(i.HAL_RCC_GetSysClockFreq)
    HAL_RCC_OscConfig                        0x08003df5   Thumb Code  1490  stm32h7xx_hal_rcc.o(i.HAL_RCC_OscConfig)
    HAL_TIMEx_Break2Callback                 0x080043d5   Thumb Code     2  stm32h7xx_hal_tim_ex.o(i.HAL_TIMEx_Break2Callback)
    HAL_TIMEx_BreakCallback                  0x080043d7   Thumb Code     2  stm32h7xx_hal_tim_ex.o(i.HAL_TIMEx_BreakCallback)
    HAL_TIMEx_CommutCallback                 0x080043d9   Thumb Code     2  stm32h7xx_hal_tim_ex.o(i.HAL_TIMEx_CommutCallback)
    HAL_TIMEx_MasterConfigSynchronization    0x080043dd   Thumb Code   148  stm32h7xx_hal_tim_ex.o(i.HAL_TIMEx_MasterConfigSynchronization)
    HAL_TIM_Base_Init                        0x08004479   Thumb Code    98  stm32h7xx_hal_tim.o(i.HAL_TIM_Base_Init)
    HAL_TIM_Base_MspInit                     0x080044dd   Thumb Code   310  tim.o(i.HAL_TIM_Base_MspInit)
    HAL_TIM_Base_Start_IT                    0x0800462d   Thumb Code   124  stm32h7xx_hal_tim.o(i.HAL_TIM_Base_Start_IT)
    HAL_TIM_ConfigClockSource                0x080046ad   Thumb Code   438  stm32h7xx_hal_tim.o(i.HAL_TIM_ConfigClockSource)
    HAL_TIM_IC_CaptureCallback               0x08004865   Thumb Code   870  tim.o(i.HAL_TIM_IC_CaptureCallback)
    HAL_TIM_IC_ConfigChannel                 0x08004bed   Thumb Code   464  stm32h7xx_hal_tim.o(i.HAL_TIM_IC_ConfigChannel)
    HAL_TIM_IC_Init                          0x08004dbd   Thumb Code    98  stm32h7xx_hal_tim.o(i.HAL_TIM_IC_Init)
    HAL_TIM_IC_MspInit                       0x08004e1f   Thumb Code     2  stm32h7xx_hal_tim.o(i.HAL_TIM_IC_MspInit)
    HAL_TIM_IC_Start_IT                      0x08004e21   Thumb Code   314  stm32h7xx_hal_tim.o(i.HAL_TIM_IC_Start_IT)
    HAL_TIM_IRQHandler                       0x08004f61   Thumb Code   392  stm32h7xx_hal_tim.o(i.HAL_TIM_IRQHandler)
    HAL_TIM_OC_DelayElapsedCallback          0x080050e9   Thumb Code     2  stm32h7xx_hal_tim.o(i.HAL_TIM_OC_DelayElapsedCallback)
    HAL_TIM_PWM_PulseFinishedCallback        0x080050eb   Thumb Code     2  stm32h7xx_hal_tim.o(i.HAL_TIM_PWM_PulseFinishedCallback)
    HAL_TIM_PeriodElapsedCallback            0x080050ed   Thumb Code   530  main.o(i.HAL_TIM_PeriodElapsedCallback)
    HAL_TIM_ReadCapturedValue                0x0800532d   Thumb Code    46  stm32h7xx_hal_tim.o(i.HAL_TIM_ReadCapturedValue)
    HAL_TIM_TriggerCallback                  0x0800535b   Thumb Code     2  stm32h7xx_hal_tim.o(i.HAL_TIM_TriggerCallback)
    HAL_UARTEx_DisableFifoMode               0x0800535d   Thumb Code    72  stm32h7xx_hal_uart_ex.o(i.HAL_UARTEx_DisableFifoMode)
    HAL_UARTEx_RxEventCallback               0x080053a5   Thumb Code     2  usart.o(i.HAL_UARTEx_RxEventCallback)
    HAL_UARTEx_RxFifoFullCallback            0x080053a7   Thumb Code     2  stm32h7xx_hal_uart_ex.o(i.HAL_UARTEx_RxFifoFullCallback)
    HAL_UARTEx_SetRxFifoThreshold            0x080053a9   Thumb Code   134  stm32h7xx_hal_uart_ex.o(i.HAL_UARTEx_SetRxFifoThreshold)
    HAL_UARTEx_SetTxFifoThreshold            0x08005435   Thumb Code   134  stm32h7xx_hal_uart_ex.o(i.HAL_UARTEx_SetTxFifoThreshold)
    HAL_UARTEx_TxFifoEmptyCallback           0x080054c1   Thumb Code     2  stm32h7xx_hal_uart_ex.o(i.HAL_UARTEx_TxFifoEmptyCallback)
    HAL_UARTEx_WakeupCallback                0x080054c3   Thumb Code     2  stm32h7xx_hal_uart_ex.o(i.HAL_UARTEx_WakeupCallback)
    HAL_UART_DMAStop                         0x080054c5   Thumb Code   194  stm32h7xx_hal_uart.o(i.HAL_UART_DMAStop)
    HAL_UART_ErrorCallback                   0x08005587   Thumb Code     2  stm32h7xx_hal_uart.o(i.HAL_UART_ErrorCallback)
    HAL_UART_IRQHandler                      0x08005589   Thumb Code   882  stm32h7xx_hal_uart.o(i.HAL_UART_IRQHandler)
    HAL_UART_Init                            0x08005945   Thumb Code   110  stm32h7xx_hal_uart.o(i.HAL_UART_Init)
    HAL_UART_MspInit                         0x080059b5   Thumb Code   250  usart.o(i.HAL_UART_MspInit)
    HAL_UART_Receive_DMA                     0x08005acd   Thumb Code   194  stm32h7xx_hal_uart.o(i.HAL_UART_Receive_DMA)
    HAL_UART_RxCpltCallback                  0x08005b9d   Thumb Code     2  usart.o(i.HAL_UART_RxCpltCallback)
    HAL_UART_RxHalfCpltCallback              0x08005b9f   Thumb Code     2  stm32h7xx_hal_uart.o(i.HAL_UART_RxHalfCpltCallback)
    HAL_UART_Transmit_DMA                    0x08005ba1   Thumb Code   150  stm32h7xx_hal_uart.o(i.HAL_UART_Transmit_DMA)
    HAL_UART_TxCpltCallback                  0x08005c45   Thumb Code     2  stm32h7xx_hal_uart.o(i.HAL_UART_TxCpltCallback)
    HAL_UART_TxHalfCpltCallback              0x08005c47   Thumb Code     2  stm32h7xx_hal_uart.o(i.HAL_UART_TxHalfCpltCallback)
    HardFault_Handler                        0x08005c49   Thumb Code     2  stm32h7xx_it.o(i.HardFault_Handler)
    Idog_Task                                0x08005c4d   Thumb Code    38  freertos.o(i.Idog_Task)
    Init_List                                0x08005c7d   Thumb Code    80  dwin.o(i.Init_List)
    Led_Task                                 0x08005cd1   Thumb Code    38  freertos.o(i.Led_Task)
    MX_DMA_Init                              0x08005d01   Thumb Code    56  dma.o(i.MX_DMA_Init)
    MX_FREERTOS_Init                         0x08005d3d   Thumb Code   136  freertos.o(i.MX_FREERTOS_Init)
    MX_GPIO_Init                             0x08005dcd   Thumb Code   150  gpio.o(i.MX_GPIO_Init)
    MX_IWDG1_Init                            0x08005e6d   Thumb Code    38  iwdg.o(i.MX_IWDG1_Init)
    MX_TIM3_Init                             0x08005e9d   Thumb Code   210  tim.o(i.MX_TIM3_Init)
    MX_TIM4_Init                             0x08005f79   Thumb Code   170  tim.o(i.MX_TIM4_Init)
    MX_TIM6_Init                             0x0800602d   Thumb Code    72  tim.o(i.MX_TIM6_Init)
    MX_USART1_UART_Init                      0x0800607d   Thumb Code   120  usart.o(i.MX_USART1_UART_Init)
    MemManage_Handler                        0x08006105   Thumb Code     2  stm32h7xx_it.o(i.MemManage_Handler)
    NMI_Handler                              0x08006107   Thumb Code     2  stm32h7xx_it.o(i.NMI_Handler)
    Report_Task                              0x08006391   Thumb Code    26  freertos.o(i.Report_Task)
    Report_TimeConsum                        0x080063b1   Thumb Code   204  dwin.o(i.Report_TimeConsum)
    SysTick_Handler                          0x080066c5   Thumb Code    38  port.o(i.SysTick_Handler)
    SystemClock_Config                       0x080066f1   Thumb Code   178  main.o(i.SystemClock_Config)
    SystemInit                               0x080067ad   Thumb Code   208  system_stm32h7xx.o(i.SystemInit)
    TIM2_IRQHandler                          0x080068b9   Thumb Code     6  stm32h7xx_it.o(i.TIM2_IRQHandler)
    TIM3_IRQHandler                          0x080068c5   Thumb Code     6  stm32h7xx_it.o(i.TIM3_IRQHandler)
    TIM4_IRQHandler                          0x080068d1   Thumb Code     6  stm32h7xx_it.o(i.TIM4_IRQHandler)
    TIM6_DAC_IRQHandler                      0x080068dd   Thumb Code     6  stm32h7xx_it.o(i.TIM6_DAC_IRQHandler)
    TIM_Base_SetConfig                       0x080068e9   Thumb Code   164  stm32h7xx_hal_tim.o(i.TIM_Base_SetConfig)
    UART_AdvFeatureConfig                    0x080069ad   Thumb Code   218  stm32h7xx_hal_uart.o(i.UART_AdvFeatureConfig)
    UART_CheckIdleState                      0x08006a87   Thumb Code   100  stm32h7xx_hal_uart.o(i.UART_CheckIdleState)
    UART_SetConfig                           0x08006c49   Thumb Code   934  stm32h7xx_hal_uart.o(i.UART_SetConfig)
    UART_WaitOnFlagUntilTimeout              0x0800700d   Thumb Code   194  stm32h7xx_hal_uart.o(i.UART_WaitOnFlagUntilTimeout)
    USART1_IRQHandler                        0x080070d1   Thumb Code   148  stm32h7xx_it.o(i.USART1_IRQHandler)
    UsageFault_Handler                       0x080071ad   Thumb Code     2  stm32h7xx_it.o(i.UsageFault_Handler)
    Wave_Handle                              0x080071b1   Thumb Code   586  dwin.o(i.Wave_Handle)
    Wave_HandleTask                          0x08007411   Thumb Code    36  freertos.o(i.Wave_HandleTask)
    __ARM_fpclassify                         0x08007439   Thumb Code    48  fpclassify.o(i.__ARM_fpclassify)
    __hardfp_pow                             0x08007469   Thumb Code  2140  pow.o(i.__hardfp_pow)
    __kernel_poly                            0x08007d61   Thumb Code   112  poly.o(i.__kernel_poly)
    __mathlib_dbl_divzero                    0x08007dd1   Thumb Code    14  dunder.o(i.__mathlib_dbl_divzero)
    __mathlib_dbl_infnan2                    0x08007df1   Thumb Code     6  dunder.o(i.__mathlib_dbl_infnan2)
    __mathlib_dbl_invalid                    0x08007df9   Thumb Code    10  dunder.o(i.__mathlib_dbl_invalid)
    __mathlib_dbl_overflow                   0x08007e11   Thumb Code    10  dunder.o(i.__mathlib_dbl_overflow)
    __mathlib_dbl_underflow                  0x08007e29   Thumb Code    10  dunder.o(i.__mathlib_dbl_underflow)
    fabs                                     0x08007e41   Thumb Code    24  fabs.o(i.fabs)
    main                                     0x08007e59   Thumb Code   368  main.o(i.main)
    osDelay                                  0x08007fe9   Thumb Code    16  cmsis_os.o(i.osDelay)
    osKernelStart                            0x08007ff9   Thumb Code    10  cmsis_os.o(i.osKernelStart)
    osThreadCreate                           0x08008003   Thumb Code   108  cmsis_os.o(i.osThreadCreate)
    pvPortMalloc                             0x080086b1   Thumb Code   394  heap_4.o(i.pvPortMalloc)
    pxPortInitialiseStack                    0x08008849   Thumb Code    42  port.o(i.pxPortInitialiseStack)
    sqrt                                     0x08008879   Thumb Code   106  sqrt.o(i.sqrt)
    ulTaskNotifyTake                         0x080088e5   Thumb Code    94  tasks.o(i.ulTaskNotifyTake)
    uxListRemove                             0x0800894d   Thumb Code    38  list.o(i.uxListRemove)
    uxTaskResetEventItemValue                0x08008975   Thumb Code    20  tasks.o(i.uxTaskResetEventItemValue)
    vApplicationGetIdleTaskMemory            0x0800898d   Thumb Code    20  freertos.o(i.vApplicationGetIdleTaskMemory)
    vApplicationGetTimerTaskMemory           0x080089a5   Thumb Code    22  freertos.o(i.vApplicationGetTimerTaskMemory)
    vListInitialise                          0x080089c1   Thumb Code    22  list.o(i.vListInitialise)
    vListInitialiseItem                      0x080089d7   Thumb Code     6  list.o(i.vListInitialiseItem)
    vListInsert                              0x080089dd   Thumb Code    60  list.o(i.vListInsert)
    vListInsertEnd                           0x08008a19   Thumb Code    24  list.o(i.vListInsertEnd)
    vPortEnterCritical                       0x08008a31   Thumb Code    56  port.o(i.vPortEnterCritical)
    vPortExitCritical                        0x08008a71   Thumb Code    38  port.o(i.vPortExitCritical)
    vPortFree                                0x08008a9d   Thumb Code   160  heap_4.o(i.vPortFree)
    vPortSetupTimerInterrupt                 0x08008b45   Thumb Code    32  port.o(i.vPortSetupTimerInterrupt)
    vPortValidateInterruptPriority           0x08008b69   Thumb Code    74  port.o(i.vPortValidateInterruptPriority)
    vQueueAddToRegistry                      0x08008bbd   Thumb Code    32  queue.o(i.vQueueAddToRegistry)
    vQueueWaitForMessageRestricted           0x08008be1   Thumb Code    72  queue.o(i.vQueueWaitForMessageRestricted)
    vTaskDelay                               0x08008c29   Thumb Code    66  tasks.o(i.vTaskDelay)
    vTaskInternalSetTimeOutState             0x08008c75   Thumb Code    12  tasks.o(i.vTaskInternalSetTimeOutState)
    vTaskMissedYield                         0x08008c85   Thumb Code     8  tasks.o(i.vTaskMissedYield)
    vTaskPlaceOnEventList                    0x08008c91   Thumb Code    46  tasks.o(i.vTaskPlaceOnEventList)
    vTaskPlaceOnEventListRestricted          0x08008cc5   Thumb Code    54  tasks.o(i.vTaskPlaceOnEventListRestricted)
    vTaskPlaceOnUnorderedEventList           0x08008d01   Thumb Code    78  tasks.o(i.vTaskPlaceOnUnorderedEventList)
    vTaskRemoveFromUnorderedEventList        0x08008d55   Thumb Code   104  tasks.o(i.vTaskRemoveFromUnorderedEventList)
    vTaskStartScheduler                      0x08008dc5   Thumb Code   124  tasks.o(i.vTaskStartScheduler)
    vTaskSuspendAll                          0x08008e51   Thumb Code    10  tasks.o(i.vTaskSuspendAll)
    vTaskSwitchContext                       0x08008e61   Thumb Code    84  tasks.o(i.vTaskSwitchContext)
    xEventGroupCreate                        0x08008ebd   Thumb Code    28  event_groups.o(i.xEventGroupCreate)
    xEventGroupSetBits                       0x08008ed9   Thumb Code   152  event_groups.o(i.xEventGroupSetBits)
    xEventGroupWaitBits                      0x08008f71   Thumb Code   272  event_groups.o(i.xEventGroupWaitBits)
    xPortStartScheduler                      0x08009085   Thumb Code   232  port.o(i.xPortStartScheduler)
    xQueueGenericCreateStatic                0x08009189   Thumb Code   176  queue.o(i.xQueueGenericCreateStatic)
    xQueueGenericSend                        0x08009239   Thumb Code   464  queue.o(i.xQueueGenericSend)
    xQueueGenericSendFromISR                 0x0800940d   Thumb Code   282  queue.o(i.xQueueGenericSendFromISR)
    xQueueReceive                            0x08009529   Thumb Code   342  queue.o(i.xQueueReceive)
    xTaskCheckForTimeOut                     0x08009685   Thumb Code   124  tasks.o(i.xTaskCheckForTimeOut)
    xTaskCreate                              0x08009705   Thumb Code   182  tasks.o(i.xTaskCreate)
    xTaskCreateStatic                        0x080097bb   Thumb Code   206  tasks.o(i.xTaskCreateStatic)
    xTaskGenericNotify                       0x08009889   Thumb Code   220  tasks.o(i.xTaskGenericNotify)
    xTaskGetSchedulerState                   0x08009971   Thumb Code    24  tasks.o(i.xTaskGetSchedulerState)
    xTaskGetTickCount                        0x0800998d   Thumb Code     6  tasks.o(i.xTaskGetTickCount)
    xTaskIncrementTick                       0x08009999   Thumb Code   226  tasks.o(i.xTaskIncrementTick)
    xTaskPriorityDisinherit                  0x08009a85   Thumb Code   156  tasks.o(i.xTaskPriorityDisinherit)
    xTaskRemoveFromEventList                 0x08009b29   Thumb Code   106  tasks.o(i.xTaskRemoveFromEventList)
    xTaskResumeAll                           0x08009ba1   Thumb Code   426  tasks.o(i.xTaskResumeAll)
    xTimerCreateTimerTask                    0x08009d59   Thumb Code   140  timers.o(i.xTimerCreateTimerTask)
    xTimerGenericCommand                     0x08009e05   Thumb Code   116  timers.o(i.xTimerGenericCommand)
    __fpl_dcheck_NaN1                        0x08009e7d   Thumb Code    10  dcheck1.o(x$fpl$dcheck1)
    _fp_init                                 0x08009e8d   Thumb Code    10  fpinit.o(x$fpl$fpinit)
    __fplib_config_fpu_vfp                   0x08009e95   Thumb Code     0  fpinit.o(x$fpl$fpinit)
    __fplib_config_pureend_doubles           0x08009e95   Thumb Code     0  fpinit.o(x$fpl$fpinit)
    __fpl_return_NaN                         0x08009e97   Thumb Code   100  retnan.o(x$fpl$retnan)
    __ARM_scalbn                             0x08009efb   Thumb Code    92  scalbn.o(x$fpl$scalbn)
    __fpl_cmpreturn                          0x08009f57   Thumb Code    48  trapv.o(x$fpl$trapveneer)
    __I$use$fp                               0x08009f86   Number         0  usenofp.o(x$fpl$usenofp)
    UARTPrescTable                           0x0800a01c   Data          24  stm32h7xx_hal_uart.o(.constdata)
    D1CorePrescTable                         0x0800a044   Data          16  system_stm32h7xx.o(.constdata)
    __mathlib_zero                           0x0800a0e0   Data           8  qnan.o(.constdata)
    Region$$Table$$Base                      0x0800a128   Number         0  anon$$obj.o(Region$$Table)
    Region$$Table$$Limit                     0x0800a148   Number         0  anon$$obj.o(Region$$Table)
    RecvHandle                               0x24000000   Data          16  dwin.o(.data)
    led_state                                0x24000010   Data           1  freertos.o(.data)
    Event_Handle                             0x24000014   Data           4  freertos.o(.data)
    Uart_TaskHandle                          0x24000018   Data           4  freertos.o(.data)
    Run_TaskHandle                           0x2400001c   Data           4  freertos.o(.data)
    Data_HandleTaskHandle                    0x24000020   Data           4  freertos.o(.data)
    Dwin_TaskHandle                          0x24000024   Data           4  freertos.o(.data)
    IWDG_TaskHandle                          0x24000028   Data           4  freertos.o(.data)
    uwTickFreq                               0x2400002c   Data           1  stm32h7xx_hal.o(.data)
    uwTickPrio                               0x24000030   Data           4  stm32h7xx_hal.o(.data)
    uwTick                                   0x24000034   Data           4  stm32h7xx_hal.o(.data)
    SystemCoreClock                          0x24000038   Data           4  system_stm32h7xx.o(.data)
    SystemD2Clock                            0x2400003c   Data           4  system_stm32h7xx.o(.data)
    pxCurrentTCB                             0x24000040   Data           4  tasks.o(.data)
    g_Dwin                                   0x240000bc   Data          16  dwin.o(.bss)
    g_map                                    0x240000cc   Data         256  dwin.o(.bss)
    List_Map                                 0x240001cc   Data       62928  dwin.o(.bss)
    Report                                   0x2400f79c   Data          28  dwin.o(.bss)
    hiwdg1                                   0x2400fe60   Data          16  iwdg.o(.bss)
    htim3                                    0x2400fe70   Data          76  tim.o(.bss)
    htim4                                    0x2400febc   Data          76  tim.o(.bss)
    htim6                                    0x2400ff08   Data          76  tim.o(.bss)
    Uart_Dma                                 0x2400ff54   Data        1164  usart.o(.bss)
    huart1                                   0x240103e0   Data         144  usart.o(.bss)
    hdma_usart1_rx                           0x24010470   Data         120  usart.o(.bss)
    hdma_usart1_tx                           0x240104e8   Data         120  usart.o(.bss)
    htim2                                    0x24010560   Data          76  stm32h7xx_hal_timebase_tim.o(.bss)
    xQueueRegistry                           0x240105ac   Data         128  queue.o(.bss)
    __libspace_start                         0x24013004   Data          96  libspace.o(.bss)
    __temporary_stack_top$libspace           0x24013064   Data           0  libspace.o(.bss)



==============================================================================

Memory Map of the image

  Image Entry point : 0x08000299

  Load Region LR_IROM1 (Base: 0x08000000, Size: 0x0000a204, Max: 0x00200000, ABSOLUTE)

    Execution Region ER_IROM1 (Exec base: 0x08000000, Load base: 0x08000000, Size: 0x0000a148, Max: 0x00200000, ABSOLUTE)

    Exec Addr    Load Addr    Size         Type   Attr      Idx    E Section Name        Object

    0x08000000   0x08000000   0x00000298   Data   RO            3    RESET               startup_stm32h743xx.o
    0x08000298   0x08000298   0x00000008   Code   RO         6008  * !!!main             c_w.l(__main.o)
    0x080002a0   0x080002a0   0x00000034   Code   RO         6405    !!!scatter          c_w.l(__scatter.o)
    0x080002d4   0x080002d4   0x0000001a   Code   RO         6407    !!handler_copy      c_w.l(__scatter_copy.o)
    0x080002ee   0x080002ee   0x00000002   PAD
    0x080002f0   0x080002f0   0x0000001c   Code   RO         6409    !!handler_zi        c_w.l(__scatter_zi.o)
    0x0800030c   0x0800030c   0x00000002   Code   RO         6267    .ARM.Collect$$libinit$$00000000  c_w.l(libinit.o)
    0x0800030e   0x0800030e   0x00000004   Code   RO         6285    .ARM.Collect$$libinit$$00000001  c_w.l(libinit2.o)
    0x08000312   0x08000312   0x00000000   Code   RO         6288    .ARM.Collect$$libinit$$00000004  c_w.l(libinit2.o)
    0x08000312   0x08000312   0x00000000   Code   RO         6291    .ARM.Collect$$libinit$$0000000A  c_w.l(libinit2.o)
    0x08000312   0x08000312   0x00000000   Code   RO         6293    .ARM.Collect$$libinit$$0000000C  c_w.l(libinit2.o)
    0x08000312   0x08000312   0x00000000   Code   RO         6295    .ARM.Collect$$libinit$$0000000E  c_w.l(libinit2.o)
    0x08000312   0x08000312   0x00000000   Code   RO         6298    .ARM.Collect$$libinit$$00000011  c_w.l(libinit2.o)
    0x08000312   0x08000312   0x00000000   Code   RO         6300    .ARM.Collect$$libinit$$00000013  c_w.l(libinit2.o)
    0x08000312   0x08000312   0x00000000   Code   RO         6302    .ARM.Collect$$libinit$$00000015  c_w.l(libinit2.o)
    0x08000312   0x08000312   0x00000000   Code   RO         6304    .ARM.Collect$$libinit$$00000017  c_w.l(libinit2.o)
    0x08000312   0x08000312   0x00000000   Code   RO         6306    .ARM.Collect$$libinit$$00000019  c_w.l(libinit2.o)
    0x08000312   0x08000312   0x00000000   Code   RO         6308    .ARM.Collect$$libinit$$0000001B  c_w.l(libinit2.o)
    0x08000312   0x08000312   0x00000000   Code   RO         6310    .ARM.Collect$$libinit$$0000001D  c_w.l(libinit2.o)
    0x08000312   0x08000312   0x00000000   Code   RO         6312    .ARM.Collect$$libinit$$0000001F  c_w.l(libinit2.o)
    0x08000312   0x08000312   0x00000000   Code   RO         6314    .ARM.Collect$$libinit$$00000021  c_w.l(libinit2.o)
    0x08000312   0x08000312   0x00000000   Code   RO         6316    .ARM.Collect$$libinit$$00000023  c_w.l(libinit2.o)
    0x08000312   0x08000312   0x00000000   Code   RO         6318    .ARM.Collect$$libinit$$00000025  c_w.l(libinit2.o)
    0x08000312   0x08000312   0x00000000   Code   RO         6322    .ARM.Collect$$libinit$$0000002C  c_w.l(libinit2.o)
    0x08000312   0x08000312   0x00000000   Code   RO         6324    .ARM.Collect$$libinit$$0000002E  c_w.l(libinit2.o)
    0x08000312   0x08000312   0x00000000   Code   RO         6326    .ARM.Collect$$libinit$$00000030  c_w.l(libinit2.o)
    0x08000312   0x08000312   0x00000000   Code   RO         6328    .ARM.Collect$$libinit$$00000032  c_w.l(libinit2.o)
    0x08000312   0x08000312   0x00000002   Code   RO         6329    .ARM.Collect$$libinit$$00000033  c_w.l(libinit2.o)
    0x08000314   0x08000314   0x00000002   Code   RO         6362    .ARM.Collect$$libshutdown$$00000000  c_w.l(libshutdown.o)
    0x08000316   0x08000316   0x00000000   Code   RO         6388    .ARM.Collect$$libshutdown$$00000002  c_w.l(libshutdown2.o)
    0x08000316   0x08000316   0x00000000   Code   RO         6390    .ARM.Collect$$libshutdown$$00000004  c_w.l(libshutdown2.o)
    0x08000316   0x08000316   0x00000000   Code   RO         6393    .ARM.Collect$$libshutdown$$00000007  c_w.l(libshutdown2.o)
    0x08000316   0x08000316   0x00000000   Code   RO         6396    .ARM.Collect$$libshutdown$$0000000A  c_w.l(libshutdown2.o)
    0x08000316   0x08000316   0x00000000   Code   RO         6398    .ARM.Collect$$libshutdown$$0000000C  c_w.l(libshutdown2.o)
    0x08000316   0x08000316   0x00000000   Code   RO         6401    .ARM.Collect$$libshutdown$$0000000F  c_w.l(libshutdown2.o)
    0x08000316   0x08000316   0x00000002   Code   RO         6402    .ARM.Collect$$libshutdown$$00000010  c_w.l(libshutdown2.o)
    0x08000318   0x08000318   0x00000000   Code   RO         6024    .ARM.Collect$$rtentry$$00000000  c_w.l(__rtentry.o)
    0x08000318   0x08000318   0x00000000   Code   RO         6173    .ARM.Collect$$rtentry$$00000002  c_w.l(__rtentry2.o)
    0x08000318   0x08000318   0x00000006   Code   RO         6185    .ARM.Collect$$rtentry$$00000004  c_w.l(__rtentry4.o)
    0x0800031e   0x0800031e   0x00000000   Code   RO         6175    .ARM.Collect$$rtentry$$00000009  c_w.l(__rtentry2.o)
    0x0800031e   0x0800031e   0x00000004   Code   RO         6176    .ARM.Collect$$rtentry$$0000000A  c_w.l(__rtentry2.o)
    0x08000322   0x08000322   0x00000000   Code   RO         6178    .ARM.Collect$$rtentry$$0000000C  c_w.l(__rtentry2.o)
    0x08000322   0x08000322   0x00000008   Code   RO         6179    .ARM.Collect$$rtentry$$0000000D  c_w.l(__rtentry2.o)
    0x0800032a   0x0800032a   0x00000002   Code   RO         6272    .ARM.Collect$$rtexit$$00000000  c_w.l(rtexit.o)
    0x0800032c   0x0800032c   0x00000000   Code   RO         6335    .ARM.Collect$$rtexit$$00000002  c_w.l(rtexit2.o)
    0x0800032c   0x0800032c   0x00000004   Code   RO         6336    .ARM.Collect$$rtexit$$00000003  c_w.l(rtexit2.o)
    0x08000330   0x08000330   0x00000006   Code   RO         6337    .ARM.Collect$$rtexit$$00000004  c_w.l(rtexit2.o)
    0x08000336   0x08000336   0x00000002   PAD
    0x08000338   0x08000338   0x000000be   Code   RO         5913    .emb_text           port.o
    0x080003f6   0x080003f6   0x00000002   PAD
    0x080003f8   0x080003f8   0x00000040   Code   RO            4    .text               startup_stm32h743xx.o
    0x08000438   0x08000438   0x000000ee   Code   RO         5992    .text               c_w.l(lludivv7m.o)
    0x08000526   0x08000526   0x0000008a   Code   RO         5996    .text               c_w.l(rt_memcpy_v6.o)
    0x080005b0   0x080005b0   0x00000064   Code   RO         5998    .text               c_w.l(rt_memcpy_w.o)
    0x08000614   0x08000614   0x00000044   Code   RO         6002    .text               c_w.l(rt_memclr.o)
    0x08000658   0x08000658   0x0000004e   Code   RO         6004    .text               c_w.l(rt_memclr_w.o)
    0x080006a6   0x080006a6   0x00000006   Code   RO         6006    .text               c_w.l(heapauxi.o)
    0x080006ac   0x080006ac   0x00000016   Code   RO         6029    .text               c_w.l(_rserrno.o)
    0x080006c2   0x080006c2   0x00000002   PAD
    0x080006c4   0x080006c4   0x00000008   Code   RO         6192    .text               c_w.l(rt_errno_addr_intlibspace.o)
    0x080006cc   0x080006cc   0x00000008   Code   RO         6214    .text               c_w.l(libspace.o)
    0x080006d4   0x080006d4   0x0000004a   Code   RO         6217    .text               c_w.l(sys_stackheap_outer.o)
    0x0800071e   0x0800071e   0x00000012   Code   RO         6256    .text               c_w.l(exit.o)
    0x08000730   0x08000730   0x0000000c   Code   RO         6332    .text               c_w.l(sys_exit.o)
    0x0800073c   0x0800073c   0x00000002   Code   RO         6351    .text               c_w.l(use_no_semi.o)
    0x0800073e   0x0800073e   0x00000000   Code   RO         6353    .text               c_w.l(indicate_semi.o)
    0x0800073e   0x0800073e   0x00000002   Code   RO          701    i.BusFault_Handler  stm32h7xx_it.o
    0x08000740   0x08000740   0x0000000c   Code   RO          702    i.DMA1_Stream0_IRQHandler  stm32h7xx_it.o
    0x0800074c   0x0800074c   0x0000000c   Code   RO          703    i.DMA1_Stream1_IRQHandler  stm32h7xx_it.o
    0x08000758   0x08000758   0x000000dc   Code   RO         1621    i.DMA_CalcBaseAndBitshift  stm32h7xx_hal_dma.o
    0x08000834   0x08000834   0x00000234   Code   RO         1622    i.DMA_SetConfig     stm32h7xx_hal_dma.o
    0x08000a68   0x08000a68   0x00000002   Code   RO          704    i.DebugMon_Handler  stm32h7xx_it.o
    0x08000a6a   0x08000a6a   0x00000002   PAD
    0x08000a6c   0x08000a6c   0x00000084   Code   RO           16    i.Dwin_Curve_Clear  dwin.o
    0x08000af0   0x08000af0   0x00000240   Code   RO           18    i.Dwin_Curve_SchMd  dwin.o
    0x08000d30   0x08000d30   0x00000048   Code   RO          442    i.Dwin_HandleTask   freertos.o
    0x08000d78   0x08000d78   0x00000040   Code   RO           19    i.Dwin_Init         dwin.o
    0x08000db8   0x08000db8   0x000000c0   Code   RO           20    i.Dwin_PageChange   dwin.o
    0x08000e78   0x08000e78   0x0000006c   Code   RO           21    i.Dwin_Poll         dwin.o
    0x08000ee4   0x08000ee4   0x0000000c   Code   RO          154    i.Dwin_ReciveNew    dwin.o
    0x08000ef0   0x08000ef0   0x000000f4   Code   RO           24    i.Dwin_SendWithCRC  dwin.o
    0x08000fe4   0x08000fe4   0x000000dc   Code   RO           27    i.Dwin_Write        dwin.o
    0x080010c0   0x080010c0   0x00000004   Code   RO          347    i.Error_Handler     main.o
    0x080010c4   0x080010c4   0x00000358   Code   RO         1623    i.HAL_DMA_Abort     stm32h7xx_hal_dma.o
    0x0800141c   0x0800141c   0x0000026c   Code   RO         1624    i.HAL_DMA_Abort_IT  stm32h7xx_hal_dma.o
    0x08001688   0x08001688   0x00000004   Code   RO         1626    i.HAL_DMA_GetError  stm32h7xx_hal_dma.o
    0x0800168c   0x0800168c   0x0000074c   Code   RO         1628    i.HAL_DMA_IRQHandler  stm32h7xx_hal_dma.o
    0x08001dd8   0x08001dd8   0x00000538   Code   RO         1629    i.HAL_DMA_Init      stm32h7xx_hal_dma.o
    0x08002310   0x08002310   0x00000298   Code   RO         1633    i.HAL_DMA_Start_IT  stm32h7xx_hal_dma.o
    0x080025a8   0x080025a8   0x0000022c   Code   RO         1474    i.HAL_GPIO_Init     stm32h7xx_hal_gpio.o
    0x080027d4   0x080027d4   0x0000000a   Code   RO         1476    i.HAL_GPIO_ReadPin  stm32h7xx_hal_gpio.o
    0x080027de   0x080027de   0x0000000a   Code   RO         1478    i.HAL_GPIO_WritePin  stm32h7xx_hal_gpio.o
    0x080027e8   0x080027e8   0x0000000c   Code   RO         2321    i.HAL_GetREVID      stm32h7xx_hal.o
    0x080027f4   0x080027f4   0x0000000c   Code   RO         2322    i.HAL_GetTick       stm32h7xx_hal.o
    0x08002800   0x08002800   0x00000070   Code   RO         3158    i.HAL_IWDG_Init     stm32h7xx_hal_iwdg.o
    0x08002870   0x08002870   0x0000000c   Code   RO         3159    i.HAL_IWDG_Refresh  stm32h7xx_hal_iwdg.o
    0x0800287c   0x0800287c   0x00000010   Code   RO         2328    i.HAL_IncTick       stm32h7xx_hal.o
    0x0800288c   0x0800288c   0x0000005c   Code   RO         2329    i.HAL_Init          stm32h7xx_hal.o
    0x080028e8   0x080028e8   0x00000090   Code   RO          825    i.HAL_InitTick      stm32h7xx_hal_timebase_tim.o
    0x08002978   0x08002978   0x00000060   Code   RO          865    i.HAL_MPU_ConfigRegion  stm32h7xx_hal_cortex.o
    0x080029d8   0x080029d8   0x00000020   Code   RO          866    i.HAL_MPU_Disable   stm32h7xx_hal_cortex.o
    0x080029f8   0x080029f8   0x00000024   Code   RO          867    i.HAL_MPU_Enable    stm32h7xx_hal_cortex.o
    0x08002a1c   0x08002a1c   0x00000024   Code   RO          801    i.HAL_MspInit       stm32h7xx_hal_msp.o
    0x08002a40   0x08002a40   0x0000001e   Code   RO          870    i.HAL_NVIC_EnableIRQ  stm32h7xx_hal_cortex.o
    0x08002a5e   0x08002a5e   0x00000002   PAD
    0x08002a60   0x08002a60   0x00000060   Code   RO          876    i.HAL_NVIC_SetPriority  stm32h7xx_hal_cortex.o
    0x08002ac0   0x08002ac0   0x00000024   Code   RO          877    i.HAL_NVIC_SetPriorityGrouping  stm32h7xx_hal_cortex.o
    0x08002ae4   0x08002ae4   0x0000005c   Code   RO         2050    i.HAL_PWREx_ConfigSupply  stm32h7xx_hal_pwr_ex.o
    0x08002b40   0x08002b40   0x00000024   Code   RO         1116    i.HAL_RCCEx_GetD3PCLK1Freq  stm32h7xx_hal_rcc_ex.o
    0x08002b64   0x08002b64   0x000001ac   Code   RO         1118    i.HAL_RCCEx_GetPLL2ClockFreq  stm32h7xx_hal_rcc_ex.o
    0x08002d10   0x08002d10   0x000001ac   Code   RO         1119    i.HAL_RCCEx_GetPLL3ClockFreq  stm32h7xx_hal_rcc_ex.o
    0x08002ebc   0x08002ebc   0x00000990   Code   RO         1125    i.HAL_RCCEx_PeriphCLKConfig  stm32h7xx_hal_rcc_ex.o
    0x0800384c   0x0800384c   0x00000294   Code   RO         1001    i.HAL_RCC_ClockConfig  stm32h7xx_hal_rcc.o
    0x08003ae0   0x08003ae0   0x0000006c   Code   RO         1005    i.HAL_RCC_GetClockConfig  stm32h7xx_hal_rcc.o
    0x08003b4c   0x08003b4c   0x00000048   Code   RO         1006    i.HAL_RCC_GetHCLKFreq  stm32h7xx_hal_rcc.o
    0x08003b94   0x08003b94   0x0000005c   Code   RO         1008    i.HAL_RCC_GetPCLK1Freq  stm32h7xx_hal_rcc.o
    0x08003bf0   0x08003bf0   0x0000005c   Code   RO         1009    i.HAL_RCC_GetPCLK2Freq  stm32h7xx_hal_rcc.o
    0x08003c4c   0x08003c4c   0x000001a8   Code   RO         1010    i.HAL_RCC_GetSysClockFreq  stm32h7xx_hal_rcc.o
    0x08003df4   0x08003df4   0x000005e0   Code   RO         1013    i.HAL_RCC_OscConfig  stm32h7xx_hal_rcc.o
    0x080043d4   0x080043d4   0x00000002   Code   RO         3857    i.HAL_TIMEx_Break2Callback  stm32h7xx_hal_tim_ex.o
    0x080043d6   0x080043d6   0x00000002   Code   RO         3858    i.HAL_TIMEx_BreakCallback  stm32h7xx_hal_tim_ex.o
    0x080043d8   0x080043d8   0x00000002   Code   RO         3859    i.HAL_TIMEx_CommutCallback  stm32h7xx_hal_tim_ex.o
    0x080043da   0x080043da   0x00000002   PAD
    0x080043dc   0x080043dc   0x0000009c   Code   RO         3879    i.HAL_TIMEx_MasterConfigSynchronization  stm32h7xx_hal_tim_ex.o
    0x08004478   0x08004478   0x00000062   Code   RO         3190    i.HAL_TIM_Base_Init  stm32h7xx_hal_tim.o
    0x080044da   0x080044da   0x00000002   PAD
    0x080044dc   0x080044dc   0x00000150   Code   RO          577    i.HAL_TIM_Base_MspInit  tim.o
    0x0800462c   0x0800462c   0x00000080   Code   RO         3195    i.HAL_TIM_Base_Start_IT  stm32h7xx_hal_tim.o
    0x080046ac   0x080046ac   0x000001b6   Code   RO         3199    i.HAL_TIM_ConfigClockSource  stm32h7xx_hal_tim.o
    0x08004862   0x08004862   0x00000002   PAD
    0x08004864   0x08004864   0x00000388   Code   RO          578    i.HAL_TIM_IC_CaptureCallback  tim.o
    0x08004bec   0x08004bec   0x000001d0   Code   RO         3226    i.HAL_TIM_IC_ConfigChannel  stm32h7xx_hal_tim.o
    0x08004dbc   0x08004dbc   0x00000062   Code   RO         3229    i.HAL_TIM_IC_Init   stm32h7xx_hal_tim.o
    0x08004e1e   0x08004e1e   0x00000002   Code   RO         3231    i.HAL_TIM_IC_MspInit  stm32h7xx_hal_tim.o
    0x08004e20   0x08004e20   0x00000140   Code   RO         3234    i.HAL_TIM_IC_Start_IT  stm32h7xx_hal_tim.o
    0x08004f60   0x08004f60   0x00000188   Code   RO         3238    i.HAL_TIM_IRQHandler  stm32h7xx_hal_tim.o
    0x080050e8   0x080050e8   0x00000002   Code   RO         3241    i.HAL_TIM_OC_DelayElapsedCallback  stm32h7xx_hal_tim.o
    0x080050ea   0x080050ea   0x00000002   Code   RO         3268    i.HAL_TIM_PWM_PulseFinishedCallback  stm32h7xx_hal_tim.o
    0x080050ec   0x080050ec   0x00000240   Code   RO          348    i.HAL_TIM_PeriodElapsedCallback  main.o
    0x0800532c   0x0800532c   0x0000002e   Code   RO         3278    i.HAL_TIM_ReadCapturedValue  stm32h7xx_hal_tim.o
    0x0800535a   0x0800535a   0x00000002   Code   RO         3281    i.HAL_TIM_TriggerCallback  stm32h7xx_hal_tim.o
    0x0800535c   0x0800535c   0x00000048   Code   RO         4551    i.HAL_UARTEx_DisableFifoMode  stm32h7xx_hal_uart_ex.o
    0x080053a4   0x080053a4   0x00000002   Code   RO          642    i.HAL_UARTEx_RxEventCallback  usart.o
    0x080053a6   0x080053a6   0x00000002   Code   RO         4558    i.HAL_UARTEx_RxFifoFullCallback  stm32h7xx_hal_uart_ex.o
    0x080053a8   0x080053a8   0x0000008c   Code   RO         4559    i.HAL_UARTEx_SetRxFifoThreshold  stm32h7xx_hal_uart_ex.o
    0x08005434   0x08005434   0x0000008c   Code   RO         4560    i.HAL_UARTEx_SetTxFifoThreshold  stm32h7xx_hal_uart_ex.o
    0x080054c0   0x080054c0   0x00000002   Code   RO         4562    i.HAL_UARTEx_TxFifoEmptyCallback  stm32h7xx_hal_uart_ex.o
    0x080054c2   0x080054c2   0x00000002   Code   RO         4563    i.HAL_UARTEx_WakeupCallback  stm32h7xx_hal_uart_ex.o
    0x080054c4   0x080054c4   0x000000c2   Code   RO         4164    i.HAL_UART_DMAStop  stm32h7xx_hal_uart.o
    0x08005586   0x08005586   0x00000002   Code   RO         4168    i.HAL_UART_ErrorCallback  stm32h7xx_hal_uart.o
    0x08005588   0x08005588   0x000003bc   Code   RO         4171    i.HAL_UART_IRQHandler  stm32h7xx_hal_uart.o
    0x08005944   0x08005944   0x0000006e   Code   RO         4172    i.HAL_UART_Init     stm32h7xx_hal_uart.o
    0x080059b2   0x080059b2   0x00000002   PAD
    0x080059b4   0x080059b4   0x00000118   Code   RO          644    i.HAL_UART_MspInit  usart.o
    0x08005acc   0x08005acc   0x000000d0   Code   RO         4176    i.HAL_UART_Receive_DMA  stm32h7xx_hal_uart.o
    0x08005b9c   0x08005b9c   0x00000002   Code   RO          645    i.HAL_UART_RxCpltCallback  usart.o
    0x08005b9e   0x08005b9e   0x00000002   Code   RO         4180    i.HAL_UART_RxHalfCpltCallback  stm32h7xx_hal_uart.o
    0x08005ba0   0x08005ba0   0x000000a4   Code   RO         4182    i.HAL_UART_Transmit_DMA  stm32h7xx_hal_uart.o
    0x08005c44   0x08005c44   0x00000002   Code   RO         4184    i.HAL_UART_TxCpltCallback  stm32h7xx_hal_uart.o
    0x08005c46   0x08005c46   0x00000002   Code   RO         4185    i.HAL_UART_TxHalfCpltCallback  stm32h7xx_hal_uart.o
    0x08005c48   0x08005c48   0x00000002   Code   RO          705    i.HardFault_Handler  stm32h7xx_it.o
    0x08005c4a   0x08005c4a   0x00000002   PAD
    0x08005c4c   0x08005c4c   0x00000030   Code   RO          443    i.Idog_Task         freertos.o
    0x08005c7c   0x08005c7c   0x00000054   Code   RO           30    i.Init_List         dwin.o
    0x08005cd0   0x08005cd0   0x00000030   Code   RO          444    i.Led_Task          freertos.o
    0x08005d00   0x08005d00   0x0000003c   Code   RO          522    i.MX_DMA_Init       dma.o
    0x08005d3c   0x08005d3c   0x00000090   Code   RO          445    i.MX_FREERTOS_Init  freertos.o
    0x08005dcc   0x08005dcc   0x000000a0   Code   RO          414    i.MX_GPIO_Init      gpio.o
    0x08005e6c   0x08005e6c   0x00000030   Code   RO          546    i.MX_IWDG1_Init     iwdg.o
    0x08005e9c   0x08005e9c   0x000000dc   Code   RO          579    i.MX_TIM3_Init      tim.o
    0x08005f78   0x08005f78   0x000000b4   Code   RO          580    i.MX_TIM4_Init      tim.o
    0x0800602c   0x0800602c   0x00000050   Code   RO          581    i.MX_TIM6_Init      tim.o
    0x0800607c   0x0800607c   0x00000088   Code   RO          646    i.MX_USART1_UART_Init  usart.o
    0x08006104   0x08006104   0x00000002   Code   RO          706    i.MemManage_Handler  stm32h7xx_it.o
    0x08006106   0x08006106   0x00000002   Code   RO          707    i.NMI_Handler       stm32h7xx_it.o
    0x08006108   0x08006108   0x00000144   Code   RO         1128    i.RCCEx_PLL2_Config  stm32h7xx_hal_rcc_ex.o
    0x0800624c   0x0800624c   0x00000144   Code   RO         1129    i.RCCEx_PLL3_Config  stm32h7xx_hal_rcc_ex.o
    0x08006390   0x08006390   0x00000020   Code   RO          446    i.Report_Task       freertos.o
    0x080063b0   0x080063b0   0x000000d8   Code   RO           31    i.Report_TimeConsum  dwin.o
    0x08006488   0x08006488   0x000000a8   Code   RO           32    i.Reset_Option      dwin.o
    0x08006530   0x08006530   0x0000015c   Code   RO          582    i.Save_CounterValue  tim.o
    0x0800668c   0x0800668c   0x00000038   Code   RO           33    i.Sure_Option       dwin.o
    0x080066c4   0x080066c4   0x0000002c   Code   RO         5914    i.SysTick_Handler   port.o
    0x080066f0   0x080066f0   0x000000bc   Code   RO          349    i.SystemClock_Config  main.o
    0x080067ac   0x080067ac   0x0000010c   Code   RO         4659    i.SystemInit        system_stm32h7xx.o
    0x080068b8   0x080068b8   0x0000000c   Code   RO          708    i.TIM2_IRQHandler   stm32h7xx_it.o
    0x080068c4   0x080068c4   0x0000000c   Code   RO          709    i.TIM3_IRQHandler   stm32h7xx_it.o
    0x080068d0   0x080068d0   0x0000000c   Code   RO          710    i.TIM4_IRQHandler   stm32h7xx_it.o
    0x080068dc   0x080068dc   0x0000000c   Code   RO          711    i.TIM6_DAC_IRQHandler  stm32h7xx_it.o
    0x080068e8   0x080068e8   0x000000c4   Code   RO         3283    i.TIM_Base_SetConfig  stm32h7xx_hal_tim.o
    0x080069ac   0x080069ac   0x000000da   Code   RO         4186    i.UART_AdvFeatureConfig  stm32h7xx_hal_uart.o
    0x08006a86   0x08006a86   0x00000064   Code   RO         4187    i.UART_CheckIdleState  stm32h7xx_hal_uart.o
    0x08006aea   0x08006aea   0x00000014   Code   RO         4188    i.UART_DMAAbortOnError  stm32h7xx_hal_uart.o
    0x08006afe   0x08006afe   0x0000009a   Code   RO         4189    i.UART_DMAError     stm32h7xx_hal_uart.o
    0x08006b98   0x08006b98   0x0000005c   Code   RO         4190    i.UART_DMAReceiveCplt  stm32h7xx_hal_uart.o
    0x08006bf4   0x08006bf4   0x0000001c   Code   RO         4192    i.UART_DMARxHalfCplt  stm32h7xx_hal_uart.o
    0x08006c10   0x08006c10   0x0000002e   Code   RO         4194    i.UART_DMATransmitCplt  stm32h7xx_hal_uart.o
    0x08006c3e   0x08006c3e   0x0000000a   Code   RO         4196    i.UART_DMATxHalfCplt  stm32h7xx_hal_uart.o
    0x08006c48   0x08006c48   0x000003c4   Code   RO         4202    i.UART_SetConfig    stm32h7xx_hal_uart.o
    0x0800700c   0x0800700c   0x000000c2   Code   RO         4209    i.UART_WaitOnFlagUntilTimeout  stm32h7xx_hal_uart.o
    0x080070ce   0x080070ce   0x00000002   PAD
    0x080070d0   0x080070d0   0x000000dc   Code   RO          712    i.USART1_IRQHandler  stm32h7xx_it.o
    0x080071ac   0x080071ac   0x00000002   Code   RO          713    i.UsageFault_Handler  stm32h7xx_it.o
    0x080071ae   0x080071ae   0x00000002   PAD
    0x080071b0   0x080071b0   0x00000260   Code   RO           34    i.Wave_Handle       dwin.o
    0x08007410   0x08007410   0x00000028   Code   RO          447    i.Wave_HandleTask   freertos.o
    0x08007438   0x08007438   0x00000030   Code   RO         6155    i.__ARM_fpclassify  m_wv.l(fpclassify.o)
    0x08007468   0x08007468   0x000008f8   Code   RO         6010    i.__hardfp_pow      m_wv.l(pow.o)
    0x08007d60   0x08007d60   0x00000070   Code   RO         6157    i.__kernel_poly     m_wv.l(poly.o)
    0x08007dd0   0x08007dd0   0x00000020   Code   RO         6135    i.__mathlib_dbl_divzero  m_wv.l(dunder.o)
    0x08007df0   0x08007df0   0x00000006   Code   RO         6137    i.__mathlib_dbl_infnan2  m_wv.l(dunder.o)
    0x08007df6   0x08007df6   0x00000002   PAD
    0x08007df8   0x08007df8   0x00000018   Code   RO         6138    i.__mathlib_dbl_invalid  m_wv.l(dunder.o)
    0x08007e10   0x08007e10   0x00000018   Code   RO         6139    i.__mathlib_dbl_overflow  m_wv.l(dunder.o)
    0x08007e28   0x08007e28   0x00000018   Code   RO         6141    i.__mathlib_dbl_underflow  m_wv.l(dunder.o)
    0x08007e40   0x08007e40   0x00000018   Code   RO         6151    i.fabs              m_wv.l(fabs.o)
    0x08007e58   0x08007e58   0x00000190   Code   RO          350    i.main              main.o
    0x08007fe8   0x08007fe8   0x00000010   Code   RO         5518    i.osDelay           cmsis_os.o
    0x08007ff8   0x08007ff8   0x0000000a   Code   RO         5521    i.osKernelStart     cmsis_os.o
    0x08008002   0x08008002   0x0000006c   Code   RO         5555    i.osThreadCreate    cmsis_os.o
    0x0800806e   0x0800806e   0x00000002   PAD
    0x08008070   0x08008070   0x00000074   Code   RO         5112    i.prvAddCurrentTaskToDelayedList  tasks.o
    0x080080e4   0x080080e4   0x000000e4   Code   RO         5113    i.prvAddNewTaskToReadyList  tasks.o
    0x080081c8   0x080081c8   0x0000008c   Code   RO         5114    i.prvIdleTask       tasks.o
    0x08008254   0x08008254   0x000000d0   Code   RO         5403    i.prvSampleTimeNow  timers.o
    0x08008324   0x08008324   0x0000002c   Code   RO         5915    i.prvTaskExitError  port.o
    0x08008350   0x08008350   0x000002f4   Code   RO         5404    i.prvTimerTask      timers.o
    0x08008644   0x08008644   0x0000006c   Code   RO         4830    i.prvUnlockQueue    queue.o
    0x080086b0   0x080086b0   0x00000198   Code   RO         5868    i.pvPortMalloc      heap_4.o
    0x08008848   0x08008848   0x00000030   Code   RO         5916    i.pxPortInitialiseStack  port.o
    0x08008878   0x08008878   0x0000006a   Code   RO         6162    i.sqrt              m_wv.l(sqrt.o)
    0x080088e2   0x080088e2   0x00000002   PAD
    0x080088e4   0x080088e4   0x00000068   Code   RO         5116    i.ulTaskNotifyTake  tasks.o
    0x0800894c   0x0800894c   0x00000026   Code   RO         4790    i.uxListRemove      list.o
    0x08008972   0x08008972   0x00000002   PAD
    0x08008974   0x08008974   0x00000018   Code   RO         5121    i.uxTaskResetEventItemValue  tasks.o
    0x0800898c   0x0800898c   0x00000018   Code   RO          448    i.vApplicationGetIdleTaskMemory  freertos.o
    0x080089a4   0x080089a4   0x0000001c   Code   RO          449    i.vApplicationGetTimerTaskMemory  freertos.o
    0x080089c0   0x080089c0   0x00000016   Code   RO         4791    i.vListInitialise   list.o
    0x080089d6   0x080089d6   0x00000006   Code   RO         4792    i.vListInitialiseItem  list.o
    0x080089dc   0x080089dc   0x0000003c   Code   RO         4793    i.vListInsert       list.o
    0x08008a18   0x08008a18   0x00000018   Code   RO         4794    i.vListInsertEnd    list.o
    0x08008a30   0x08008a30   0x00000040   Code   RO         5918    i.vPortEnterCritical  port.o
    0x08008a70   0x08008a70   0x0000002c   Code   RO         5919    i.vPortExitCritical  port.o
    0x08008a9c   0x08008a9c   0x000000a8   Code   RO         5869    i.vPortFree         heap_4.o
    0x08008b44   0x08008b44   0x00000024   Code   RO         5920    i.vPortSetupTimerInterrupt  port.o
    0x08008b68   0x08008b68   0x00000054   Code   RO         5921    i.vPortValidateInterruptPriority  port.o
    0x08008bbc   0x08008bbc   0x00000024   Code   RO         4834    i.vQueueAddToRegistry  queue.o
    0x08008be0   0x08008be0   0x00000048   Code   RO         4837    i.vQueueWaitForMessageRestricted  queue.o
    0x08008c28   0x08008c28   0x0000004c   Code   RO         5122    i.vTaskDelay        tasks.o
    0x08008c74   0x08008c74   0x00000010   Code   RO         5125    i.vTaskInternalSetTimeOutState  tasks.o
    0x08008c84   0x08008c84   0x0000000c   Code   RO         5126    i.vTaskMissedYield  tasks.o
    0x08008c90   0x08008c90   0x00000034   Code   RO         5128    i.vTaskPlaceOnEventList  tasks.o
    0x08008cc4   0x08008cc4   0x0000003c   Code   RO         5129    i.vTaskPlaceOnEventListRestricted  tasks.o
    0x08008d00   0x08008d00   0x00000054   Code   RO         5130    i.vTaskPlaceOnUnorderedEventList  tasks.o
    0x08008d54   0x08008d54   0x00000070   Code   RO         5133    i.vTaskRemoveFromUnorderedEventList  tasks.o
    0x08008dc4   0x08008dc4   0x0000008c   Code   RO         5136    i.vTaskStartScheduler  tasks.o
    0x08008e50   0x08008e50   0x00000010   Code   RO         5138    i.vTaskSuspendAll   tasks.o
    0x08008e60   0x08008e60   0x0000005c   Code   RO         5139    i.vTaskSwitchContext  tasks.o
    0x08008ebc   0x08008ebc   0x0000001c   Code   RO         4705    i.xEventGroupCreate  event_groups.o
    0x08008ed8   0x08008ed8   0x00000098   Code   RO         4708    i.xEventGroupSetBits  event_groups.o
    0x08008f70   0x08008f70   0x00000114   Code   RO         4710    i.xEventGroupWaitBits  event_groups.o
    0x08009084   0x08009084   0x00000104   Code   RO         5922    i.xPortStartScheduler  port.o
    0x08009188   0x08009188   0x000000b0   Code   RO         4841    i.xQueueGenericCreateStatic  queue.o
    0x08009238   0x08009238   0x000001d4   Code   RO         4843    i.xQueueGenericSend  queue.o
    0x0800940c   0x0800940c   0x0000011a   Code   RO         4844    i.xQueueGenericSendFromISR  queue.o
    0x08009526   0x08009526   0x00000002   PAD
    0x08009528   0x08009528   0x0000015c   Code   RO         4850    i.xQueueReceive     queue.o
    0x08009684   0x08009684   0x00000080   Code   RO         5141    i.xTaskCheckForTimeOut  tasks.o
    0x08009704   0x08009704   0x000000b6   Code   RO         5142    i.xTaskCreate       tasks.o
    0x080097ba   0x080097ba   0x000000ce   Code   RO         5143    i.xTaskCreateStatic  tasks.o
    0x08009888   0x08009888   0x000000e8   Code   RO         5144    i.xTaskGenericNotify  tasks.o
    0x08009970   0x08009970   0x0000001c   Code   RO         5147    i.xTaskGetSchedulerState  tasks.o
    0x0800998c   0x0800998c   0x0000000c   Code   RO         5148    i.xTaskGetTickCount  tasks.o
    0x08009998   0x08009998   0x000000ec   Code   RO         5150    i.xTaskIncrementTick  tasks.o
    0x08009a84   0x08009a84   0x000000a4   Code   RO         5153    i.xTaskPriorityDisinherit  tasks.o
    0x08009b28   0x08009b28   0x00000078   Code   RO         5155    i.xTaskRemoveFromEventList  tasks.o
    0x08009ba0   0x08009ba0   0x000001b8   Code   RO         5156    i.xTaskResumeAll    tasks.o
    0x08009d58   0x08009d58   0x000000ac   Code   RO         5411    i.xTimerCreateTimerTask  timers.o
    0x08009e04   0x08009e04   0x00000078   Code   RO         5412    i.xTimerGenericCommand  timers.o
    0x08009e7c   0x08009e7c   0x00000010   Code   RO         6212    x$fpl$dcheck1       fz_wv.l(dcheck1.o)
    0x08009e8c   0x08009e8c   0x0000000a   Code   RO         6347    x$fpl$fpinit        fz_wv.l(fpinit.o)
    0x08009e96   0x08009e96   0x00000064   Code   RO         6270    x$fpl$retnan        fz_wv.l(retnan.o)
    0x08009efa   0x08009efa   0x0000005c   Code   RO         6132    x$fpl$scalbn        fz_wv.l(scalbn.o)
    0x08009f56   0x08009f56   0x00000030   Code   RO         6330    x$fpl$trapveneer    fz_wv.l(trapv.o)
    0x08009f86   0x08009f86   0x00000000   Code   RO         6134    x$fpl$usenofp       fz_wv.l(usenofp.o)
    0x08009f86   0x08009f86   0x00000002   PAD
    0x08009f88   0x08009f88   0x0000008c   Data   RO          451    .constdata          freertos.o
    0x0800a014   0x0800a014   0x00000008   Data   RO         1635    .constdata          stm32h7xx_hal_dma.o
    0x0800a01c   0x0800a01c   0x00000018   Data   RO         4210    .constdata          stm32h7xx_hal_uart.o
    0x0800a034   0x0800a034   0x00000010   Data   RO         4564    .constdata          stm32h7xx_hal_uart_ex.o
    0x0800a044   0x0800a044   0x00000010   Data   RO         4660    .constdata          system_stm32h7xx.o
    0x0800a054   0x0800a054   0x00000004   PAD
    0x0800a058   0x0800a058   0x00000088   Data   RO         6013    .constdata          m_wv.l(pow.o)
    0x0800a0e0   0x0800a0e0   0x00000008   Data   RO         6159    .constdata          m_wv.l(qnan.o)
    0x0800a0e8   0x0800a0e8   0x00000040   Data   RO          452    .conststring        freertos.o
    0x0800a128   0x0800a128   0x00000020   Data   RO         6403    Region$$Table       anon$$obj.o


    Execution Region RW_IRAM1 (Exec base: 0x20000000, Load base: 0x0800a148, Size: 0x00000000, Max: 0x00020000, ABSOLUTE)

    **** No section assigned to this execution region ****


    Execution Region RW_IRAM2 (Exec base: 0x24000000, Load base: 0x0800a148, Size: 0x00017068, Max: 0x00080000, ABSOLUTE)

    Exec Addr    Load Addr    Size         Type   Attr      Idx    E Section Name        Object

    0x24000000   0x0800a148   0x00000010   Data   RW           36    .data               dwin.o
    0x24000010   0x0800a158   0x0000001c   Data   RW          453    .data               freertos.o
    0x2400002c   0x0800a174   0x0000000c   Data   RW         2351    .data               stm32h7xx_hal.o
    0x24000038   0x0800a180   0x00000008   Data   RW         4661    .data               system_stm32h7xx.o
    0x24000040   0x0800a188   0x0000003c   Data   RW         5159    .data               tasks.o
    0x2400007c   0x0800a1c4   0x00000014   Data   RW         5418    .data               timers.o
    0x24000090   0x0800a1d8   0x00000020   Data   RW         5875    .data               heap_4.o
    0x240000b0   0x0800a1f8   0x0000000c   Data   RW         5923    .data               port.o
    0x240000bc        -       0x0000f6fc   Zero   RW           35    .bss                dwin.o
    0x2400f7b8        -       0x000006a8   Zero   RW          450    .bss                freertos.o
    0x2400fe60        -       0x00000010   Zero   RW          547    .bss                iwdg.o
    0x2400fe70        -       0x000000e4   Zero   RW          583    .bss                tim.o
    0x2400ff54        -       0x0000060c   Zero   RW          647    .bss                usart.o
    0x24010560        -       0x0000004c   Zero   RW          828    .bss                stm32h7xx_hal_timebase_tim.o
    0x240105ac        -       0x00000080   Zero   RW         4853    .bss                queue.o
    0x2401062c        -       0x000000f0   Zero   RW         5158    .bss                tasks.o
    0x2401071c        -       0x000000e8   Zero   RW         5417    .bss                timers.o
    0x24010804        -       0x00002800   Zero   RW         5874    .bss                heap_4.o
    0x24013004        -       0x00000060   Zero   RW         6215    .bss                c_w.l(libspace.o)
    0x24013064   0x0800a204   0x00000004   PAD
    0x24013068        -       0x00002000   Zero   RW            2    HEAP                startup_stm32h743xx.o
    0x24015068        -       0x00002000   Zero   RW            1    STACK               startup_stm32h743xx.o


==============================================================================

Image component sizes


      Code (inc. data)   RO Data    RW Data    ZI Data      Debug   Object Name

       134          0          0          0          0      23549   cmsis_os.o
        60          4          0          0          0        922   dma.o
      2680        126          0         16      63228    1364983   dwin.o
       456          4          0          0          0      26356   event_groups.o
       436         60        204         28       1704       6283   freertos.o
       160         10          0          0          0       1151   gpio.o
       576         22          0         32      10240       4367   heap_4.o
        48         10          0          0         16        765   iwdg.o
       150          0          0          0          0       3862   list.o
      1168         88          0          0          0      42612   main.o
       814         90          0         12          0      12353   port.o
      1490         14          0          0        128      15596   queue.o
        64         26        664          0      16384        868   startup_stm32h743xx.o
       132         30          0         12          0      22281   stm32h7xx_hal.o
       326         32          0          0          0      40772   stm32h7xx_hal_cortex.o
      6132        770          8          0          0      11173   stm32h7xx_hal_dma.o
       576         10          0          0          0       3311   stm32h7xx_hal_gpio.o
       124          0          0          0          0       2107   stm32h7xx_hal_iwdg.o
        36          4          0          0          0        966   stm32h7xx_hal_msp.o
        92          8          0          0          0        825   stm32h7xx_hal_pwr_ex.o
      2952        204          0          0          0       8553   stm32h7xx_hal_rcc.o
      3988        188          0          0          0       8125   stm32h7xx_hal_rcc_ex.o
      2188         50          0          0          0      13968   stm32h7xx_hal_tim.o
       162          8          0          0          0       3320   stm32h7xx_hal_tim_ex.o
       144         18          0          0         76       1707   stm32h7xx_hal_timebase_tim.o
      3466        174         24          0          0      36750   stm32h7xx_hal_uart.o
       358         12         16          0          0       5442   stm32h7xx_hal_uart_ex.o
       304        108          0          0          0       6513   stm32h7xx_it.o
         0          0          0          0          0        392   stream_buffer.o
       268         60         16          8          0       1626   system_stm32h7xx.o
      3020        224          0         60        240      32179   tasks.o
      2068        104          0          0        228       5693   tim.o
      1256         60          0         20        232      30139   timers.o
       420         46          0          0       1548       3884   usart.o

    ----------------------------------------------------------------------
     36274       2564        968        188      94024    1743393   Object Totals
         0          0         32          0          0          0   (incl. Generated)
        26          0          4          0          0          0   (incl. Padding)

    ----------------------------------------------------------------------

      Code (inc. data)   RO Data    RW Data    ZI Data      Debug   Library Member Name

         8          0          0          0          0         68   __main.o
         0          0          0          0          0          0   __rtentry.o
        12          0          0          0          0          0   __rtentry2.o
         6          0          0          0          0          0   __rtentry4.o
        52          8          0          0          0          0   __scatter.o
        26          0          0          0          0          0   __scatter_copy.o
        28          0          0          0          0          0   __scatter_zi.o
        22          0          0          0          0        100   _rserrno.o
        18          0          0          0          0         80   exit.o
         6          0          0          0          0        152   heapauxi.o
         0          0          0          0          0          0   indicate_semi.o
         2          0          0          0          0          0   libinit.o
         6          0          0          0          0          0   libinit2.o
         2          0          0          0          0          0   libshutdown.o
         2          0          0          0          0          0   libshutdown2.o
         8          4          0          0         96         68   libspace.o
       238          0          0          0          0        100   lludivv7m.o
         8          4          0          0          0         68   rt_errno_addr_intlibspace.o
        68          0          0          0          0         68   rt_memclr.o
        78          0          0          0          0         80   rt_memclr_w.o
       138          0          0          0          0         68   rt_memcpy_v6.o
       100          0          0          0          0         80   rt_memcpy_w.o
         2          0          0          0          0          0   rtexit.o
        10          0          0          0          0          0   rtexit2.o
        12          4          0          0          0         68   sys_exit.o
        74          0          0          0          0         80   sys_stackheap_outer.o
         2          0          0          0          0         68   use_no_semi.o
        16          4          0          0          0        116   dcheck1.o
        10          0          0          0          0        116   fpinit.o
       100          0          0          0          0        116   retnan.o
        92          0          0          0          0        116   scalbn.o
        48          0          0          0          0        116   trapv.o
         0          0          0          0          0          0   usenofp.o
       110         60          0          0          0        580   dunder.o
        24          0          0          0          0        124   fabs.o
        48          0          0          0          0        124   fpclassify.o
       112          0          0          0          0        116   poly.o
      2296        304        136          0          0        320   pow.o
         0          0          8          0          0          0   qnan.o
       106          0          0          0          0        140   sqrt.o

    ----------------------------------------------------------------------
      3902        388        144          0        100       3132   Library Totals
        12          0          0          0          4          0   (incl. Padding)

    ----------------------------------------------------------------------

      Code (inc. data)   RO Data    RW Data    ZI Data      Debug   Library Name

       928         20          0          0         96       1148   c_w.l
       266          4          0          0          0        580   fz_wv.l
      2696        364        144          0          0       1404   m_wv.l

    ----------------------------------------------------------------------
      3902        388        144          0        100       3132   Library Totals

    ----------------------------------------------------------------------

==============================================================================


      Code (inc. data)   RO Data    RW Data    ZI Data      Debug   

     40176       2952       1112        188      94124    1726405   Grand Totals
     40176       2952       1112        188      94124    1726405   ELF Image Totals
     40176       2952       1112        188          0          0   ROM Totals

==============================================================================

    Total RO  Size (Code + RO Data)                41288 (  40.32kB)
    Total RW  Size (RW Data + ZI Data)             94312 (  92.10kB)
    Total ROM Size (Code + RO Data + RW Data)      41476 (  40.50kB)

==============================================================================

