<html>
<body>
<pre>
<h1>µVision Build Log</h1>
<h2>Tool Versions:</h2>
IDE-Version: ¦ÌVision V5.27.1.0
Copyright (C) 2019 ARM Ltd and ARM Germany GmbH. All rights reserved.
License Information: li Cai Hong Li, a, LIC=MPPLD-8GJUL-SBEEJ-UKGG2-X5RI0-DGTN4
 
Tool Versions:
Toolchain:       MDK-ARM Plus  Version: 5.27.1.0
Toolchain Path:  C:\Keil_v5\ARM\ARMCC\Bin
C Compiler:      Armcc.exe V5.06 update 6 (build 750)
Assembler:       Armasm.exe V5.06 update 6 (build 750)
Linker/Locator:  ArmLink.exe V5.06 update 6 (build 750)
Library Manager: ArmAr.exe V5.06 update 6 (build 750)
Hex Converter:   FromElf.exe V5.06 update 6 (build 750)
CPU DLL:         SARMCM3.DLL V5.27.1.0
Dialog DLL:      DCM.DLL V1.17.2.0
Target DLL:      Segger\JL2CM3.dll V2.99.35.0
Dialog DLL:      TCM.DLL V1.36.1.0
 
<h2>Project:</h2>
g:\STM32_Workers\STM32H7\High_voltage_circuit_breaker\Breaker\MDK-ARM\Breaker.uvprojx
Project File Date:  12/24/2021

<h2>Output:</h2>
*** Using Compiler 'V5.06 update 6 (build 750)', folder: 'C:\Keil_v5\ARM\ARMCC\Bin'
Rebuild target 'Breaker'
assembling startup_stm32h743xx.s...
compiling main.c...
compiling gpio.c...
compiling freertos.c...
compiling Dwin.c...
compiling adc.c...
compiling dma.c...
compiling tim.c...
compiling iwdg.c...
compiling bdma.c...
compiling mdcrc16.c...
compiling usart.c...
compiling mdrecbuffer.c...
compiling mdregpool.c...
compiling stm32h7xx_hal_msp.c...
compiling stm32h7xx_it.c...
compiling croutine.c...
compiling stm32h7xx_hal_timebase_tim.c...
compiling queue.c...
compiling stream_buffer.c...
compiling event_groups.c...
compiling list.c...
compiling heap_4.c...
compiling timers.c...
compiling mdrtuslave.c...
compiling tasks.c...
compiling cmsis_os.c...
compiling port.c...
compiling stm32h7xx_hal_rcc.c...
compiling stm32h7xx_hal_adc_ex.c...
compiling stm32h7xx_hal_adc.c...
compiling stm32h7xx_hal_rcc_ex.c...
compiling stm32h7xx_hal_flash_ex.c...
compiling stm32h7xx_hal_flash.c...
compiling stm32h7xx_hal_hsem.c...
compiling stm32h7xx_hal_gpio.c...
compiling stm32h7xx_hal_dma.c...
compiling stm32h7xx_hal_mdma.c...
compiling stm32h7xx_hal_dma_ex.c...
compiling stm32h7xx_hal_pwr.c...
compiling stm32h7xx_hal_pwr_ex.c...
compiling stm32h7xx_hal.c...
compiling stm32h7xx_hal_cortex.c...
compiling stm32h7xx_hal_i2c_ex.c...
compiling stm32h7xx_hal_exti.c...
compiling stm32h7xx_hal_i2c.c...
compiling stm32h7xx_hal_uart_ex.c...
compiling stm32h7xx_hal_iwdg.c...
compiling stm32h7xx_hal_tim_ex.c...
compiling stm32h7xx_hal_uart.c...
compiling stm32h7xx_hal_tim.c...
compiling system_stm32h7xx.c...
linking...
Breaker\Breaker.sct(17): warning: L6314W: No section matches pattern croutine.o(RO).
Breaker\Breaker.sct(21): warning: L6329W: Pattern stream_buffer.o(RO) only matches removed unused sections.
Program Size: Code=47620 RO-data=1184 RW-data=204 ZI-data=88812  
Finished: 0 information, 2 warning and 0 error messages.
FromELF: creating hex file...
"Breaker\Breaker.axf" - 0 Error(s), 2 Warning(s).

<h2>Software Packages used:</h2>

Package Vendor: ARM
                http://www.keil.com/pack/ARM.CMSIS.5.8.0.pack
                ARM.CMSIS.5.8.0
                CMSIS (Common Microcontroller Software Interface Standard)
   * Component: CORE Version: 5.5.0

Package Vendor: Keil
                https://www.keil.com/pack/Keil.STM32H7xx_DFP.2.7.0.pack
                Keil.STM32H7xx_DFP.2.7.0
                STMicroelectronics STM32H7 Series Device Support and Examples

<h2>Collection of Component include folders:</h2>
  .\RTE\_Breaker
  C:\Users\Administrator\AppData\Local\Arm\Packs\ARM\CMSIS\5.8.0\CMSIS\Core\Include
  C:\Users\Administrator\AppData\Local\Arm\Packs\Keil\STM32H7xx_DFP\2.7.0\Drivers\CMSIS\Device\ST\STM32H7xx\Include

<h2>Collection of Component Files used:</h2>

   * Component: ARM::CMSIS:CORE:5.5.0
      Include file:  CMSIS\Core\Include\tz_context.h
Build Time Elapsed:  00:00:16
</pre>
</body>
</html>
