Component: ARM Compiler 5.06 update 6 (build 750) Tool: armlink [4d35ed]

==============================================================================

Section Cross References

    startup_stm32h743xx.o(STACK) refers (Special) to heapauxi.o(.text) for __use_two_region_memory
    startup_stm32h743xx.o(HEAP) refers (Special) to heapauxi.o(.text) for __use_two_region_memory
    startup_stm32h743xx.o(RESET) refers (Special) to heapauxi.o(.text) for __use_two_region_memory
    startup_stm32h743xx.o(RESET) refers to startup_stm32h743xx.o(STACK) for __initial_sp
    startup_stm32h743xx.o(RESET) refers to startup_stm32h743xx.o(.text) for Reset_Handler
    startup_stm32h743xx.o(RESET) refers to stm32h7xx_it.o(i.NMI_Handler) for NMI_Handler
    startup_stm32h743xx.o(RESET) refers to stm32h7xx_it.o(i.HardFault_Handler) for HardFault_Handler
    startup_stm32h743xx.o(RESET) refers to stm32h7xx_it.o(i.MemManage_Handler) for MemManage_Handler
    startup_stm32h743xx.o(RESET) refers to stm32h7xx_it.o(i.BusFault_Handler) for BusFault_Handler
    startup_stm32h743xx.o(RESET) refers to stm32h7xx_it.o(i.UsageFault_Handler) for UsageFault_Handler
    startup_stm32h743xx.o(RESET) refers to port.o(.emb_text) for SVC_Handler
    startup_stm32h743xx.o(RESET) refers to stm32h7xx_it.o(i.DebugMon_Handler) for DebugMon_Handler
    startup_stm32h743xx.o(RESET) refers to port.o(i.SysTick_Handler) for SysTick_Handler
    startup_stm32h743xx.o(RESET) refers to stm32h7xx_it.o(i.DMA1_Stream0_IRQHandler) for DMA1_Stream0_IRQHandler
    startup_stm32h743xx.o(RESET) refers to stm32h7xx_it.o(i.DMA1_Stream1_IRQHandler) for DMA1_Stream1_IRQHandler
    startup_stm32h743xx.o(RESET) refers to stm32h7xx_it.o(i.TIM2_IRQHandler) for TIM2_IRQHandler
    startup_stm32h743xx.o(RESET) refers to stm32h7xx_it.o(i.TIM3_IRQHandler) for TIM3_IRQHandler
    startup_stm32h743xx.o(RESET) refers to stm32h7xx_it.o(i.USART1_IRQHandler) for USART1_IRQHandler
    startup_stm32h743xx.o(RESET) refers to stm32h7xx_it.o(i.TIM5_IRQHandler) for TIM5_IRQHandler
    startup_stm32h743xx.o(.text) refers (Special) to heapauxi.o(.text) for __use_two_region_memory
    startup_stm32h743xx.o(.text) refers to system_stm32h7xx.o(i.SystemInit) for SystemInit
    startup_stm32h743xx.o(.text) refers to __main.o(!!!main) for __main
    startup_stm32h743xx.o(.text) refers to startup_stm32h743xx.o(HEAP) for Heap_Mem
    startup_stm32h743xx.o(.text) refers to startup_stm32h743xx.o(STACK) for Stack_Mem
    dwin.o(i.DWIN_83H) refers to rt_memcpy_v6.o(.text) for __aeabi_memcpy
    dwin.o(i.DWIN_83H) refers to dwin.o(.bss) for .bss
    dwin.o(i.DWIN_83H) refers to dwin.o(.data) for .data
    dwin.o(i.DWIN_AnalyzeApp) refers to rt_memcpy_v6.o(.text) for __aeabi_memcpy
    dwin.o(i.DWIN_AnalyzeApp) refers to dwin.o(.bss) for .bss
    dwin.o(i.DWIN_AnalyzeApp) refers to dwin.o(.data) for .data
    dwin.o(i.DWIN_CURVE) refers to stm32h7xx_hal_uart.o(i.HAL_UART_Transmit_DMA) for HAL_UART_Transmit_DMA
    dwin.o(i.DWIN_CURVE) refers to cmsis_os.o(i.osDelay) for osDelay
    dwin.o(i.DWIN_CURVE) refers to dwin.o(.bss) for .bss
    dwin.o(i.DWIN_CURVE) refers to usart.o(.bss) for huart1
    dwin.o(i.DWIN_CURVE_CLEAR) refers to stm32h7xx_hal_uart.o(i.HAL_UART_Transmit_DMA) for HAL_UART_Transmit_DMA
    dwin.o(i.DWIN_CURVE_CLEAR) refers to cmsis_os.o(i.osDelay) for osDelay
    dwin.o(i.DWIN_CURVE_CLEAR) refers to dwin.o(.bss) for .bss
    dwin.o(i.DWIN_CURVE_CLEAR) refers to usart.o(.bss) for huart1
    dwin.o(i.DWIN_CURVE_MULTICHANNEL) refers to stm32h7xx_hal_uart.o(i.HAL_UART_Transmit_DMA) for HAL_UART_Transmit_DMA
    dwin.o(i.DWIN_CURVE_MULTICHANNEL) refers to cmsis_os.o(i.osDelay) for osDelay
    dwin.o(i.DWIN_CURVE_MULTICHANNEL) refers to dwin.o(.bss) for .bss
    dwin.o(i.DWIN_CURVE_MULTICHANNEL) refers to usart.o(.bss) for huart1
    dwin.o(i.DWIN_InportMap) refers to dwin.o(.data) for .data
    dwin.o(i.DWIN_InportMap) refers to dwin.o(.bss) for .bss
    dwin.o(i.DWIN_PageChange) refers to stm32h7xx_hal_uart.o(i.HAL_UART_Transmit_DMA) for HAL_UART_Transmit_DMA
    dwin.o(i.DWIN_PageChange) refers to cmsis_os.o(i.osDelay) for osDelay
    dwin.o(i.DWIN_PageChange) refers to dwin.o(.bss) for .bss
    dwin.o(i.DWIN_PageChange) refers to usart.o(.bss) for huart1
    dwin.o(i.DWIN_Poll) refers to rt_memcpy_v6.o(.text) for __aeabi_memcpy
    dwin.o(i.DWIN_Poll) refers to dwin.o(.bss) for .bss
    dwin.o(i.DWIN_Poll) refers to dwin.o(.data) for .data
    dwin.o(i.DWIN_READ) refers to stm32h7xx_hal_uart.o(i.HAL_UART_Transmit_DMA) for HAL_UART_Transmit_DMA
    dwin.o(i.DWIN_READ) refers to cmsis_os.o(i.osDelay) for osDelay
    dwin.o(i.DWIN_READ) refers to dwin.o(.bss) for .bss
    dwin.o(i.DWIN_READ) refers to usart.o(.bss) for huart1
    dwin.o(i.DWIN_ReciveNew) refers to dwin.o(.bss) for .bss
    dwin.o(i.DWIN_Send) refers to stm32h7xx_hal_uart.o(i.HAL_UART_Transmit_DMA) for HAL_UART_Transmit_DMA
    dwin.o(i.DWIN_Send) refers to cmsis_os.o(i.osDelay) for osDelay
[...]
    i.UART_DMAReceiveCplt                    0x080059e0   Section        0  stm32h7xx_hal_uart.o(i.UART_DMAReceiveCplt)
    UART_DMAReceiveCplt                      0x080059e1   Thumb Code    92  stm32h7xx_hal_uart.o(i.UART_DMAReceiveCplt)
    i.UART_DMARxHalfCplt                     0x08005a3c   Section        0  stm32h7xx_hal_uart.o(i.UART_DMARxHalfCplt)
    UART_DMARxHalfCplt                       0x08005a3d   Thumb Code    28  stm32h7xx_hal_uart.o(i.UART_DMARxHalfCplt)
    i.UART_DMATransmitCplt                   0x08005a58   Section        0  stm32h7xx_hal_uart.o(i.UART_DMATransmitCplt)
    UART_DMATransmitCplt                     0x08005a59   Thumb Code    46  stm32h7xx_hal_uart.o(i.UART_DMATransmitCplt)
    i.UART_DMATxHalfCplt                     0x08005a86   Section        0  stm32h7xx_hal_uart.o(i.UART_DMATxHalfCplt)
    UART_DMATxHalfCplt                       0x08005a87   Thumb Code    10  stm32h7xx_hal_uart.o(i.UART_DMATxHalfCplt)
    i.UART_SetConfig                         0x08005a90   Section        0  stm32h7xx_hal_uart.o(i.UART_SetConfig)
    i.UART_WaitOnFlagUntilTimeout            0x08005e54   Section        0  stm32h7xx_hal_uart.o(i.UART_WaitOnFlagUntilTimeout)
    i.USART1_IRQHandler                      0x08005f18   Section        0  stm32h7xx_it.o(i.USART1_IRQHandler)
    i.Uart_TxTask                            0x08005fec   Section        0  freertos.o(i.Uart_TxTask)
    i.UsageFault_Handler                     0x08006030   Section        0  stm32h7xx_it.o(i.UsageFault_Handler)
    i.main                                   0x08006034   Section        0  main.o(i.main)
    i.osDelay                                0x08006088   Section        0  cmsis_os.o(i.osDelay)
    i.osKernelStart                          0x08006098   Section        0  cmsis_os.o(i.osKernelStart)
    i.osThreadCreate                         0x080060a2   Section        0  cmsis_os.o(i.osThreadCreate)
    i.prvAddCurrentTaskToDelayedList         0x08006110   Section        0  tasks.o(i.prvAddCurrentTaskToDelayedList)
    prvAddCurrentTaskToDelayedList           0x08006111   Thumb Code   106  tasks.o(i.prvAddCurrentTaskToDelayedList)
    i.prvAddNewTaskToReadyList               0x08006184   Section        0  tasks.o(i.prvAddNewTaskToReadyList)
    prvAddNewTaskToReadyList                 0x08006185   Thumb Code   194  tasks.o(i.prvAddNewTaskToReadyList)
    i.prvIdleTask                            0x08006268   Section        0  tasks.o(i.prvIdleTask)
    prvIdleTask                              0x08006269   Thumb Code   126  tasks.o(i.prvIdleTask)
    i.prvSampleTimeNow                       0x080062f4   Section        0  timers.o(i.prvSampleTimeNow)
    prvSampleTimeNow                         0x080062f5   Thumb Code   202  timers.o(i.prvSampleTimeNow)
    i.prvTaskExitError                       0x080063c4   Section        0  port.o(i.prvTaskExitError)
    prvTaskExitError                         0x080063c5   Thumb Code    38  port.o(i.prvTaskExitError)
    i.prvTimerTask                           0x080063f0   Section        0  timers.o(i.prvTimerTask)
    prvTimerTask                             0x080063f1   Thumb Code   748  timers.o(i.prvTimerTask)
    i.prvUnlockQueue                         0x080066e4   Section        0  queue.o(i.prvUnlockQueue)
    prvUnlockQueue                           0x080066e5   Thumb Code   108  queue.o(i.prvUnlockQueue)
    i.pvPortMalloc                           0x08006750   Section        0  heap_4.o(i.pvPortMalloc)
    i.pxPortInitialiseStack                  0x080068e8   Section        0  port.o(i.pxPortInitialiseStack)
    i.uxListRemove                           0x08006918   Section        0  list.o(i.uxListRemove)
    i.vApplicationGetIdleTaskMemory          0x08006940   Section        0  freertos.o(i.vApplicationGetIdleTaskMemory)
    i.vApplicationGetTimerTaskMemory         0x08006958   Section        0  freertos.o(i.vApplicationGetTimerTaskMemory)
    i.vListInitialise                        0x08006974   Section        0  list.o(i.vListInitialise)
    i.vListInitialiseItem                    0x0800698a   Section        0  list.o(i.vListInitialiseItem)
    i.vListInsert                            0x08006990   Section        0  list.o(i.vListInsert)
    i.vListInsertEnd                         0x080069cc   Section        0  list.o(i.vListInsertEnd)
    i.vPortEnterCritical                     0x080069e4   Section        0  port.o(i.vPortEnterCritical)
    i.vPortExitCritical                      0x08006a24   Section        0  port.o(i.vPortExitCritical)
    i.vPortFree                              0x08006a50   Section        0  heap_4.o(i.vPortFree)
    i.vPortSetupTimerInterrupt               0x08006af8   Section        0  port.o(i.vPortSetupTimerInterrupt)
    i.vPortValidateInterruptPriority         0x08006b1c   Section        0  port.o(i.vPortValidateInterruptPriority)
    i.vQueueAddToRegistry                    0x08006b70   Section        0  queue.o(i.vQueueAddToRegistry)
    i.vQueueWaitForMessageRestricted         0x08006b94   Section        0  queue.o(i.vQueueWaitForMessageRestricted)
    i.vTaskDelay                             0x08006bdc   Section        0  tasks.o(i.vTaskDelay)
    i.vTaskInternalSetTimeOutState           0x08006c28   Section        0  tasks.o(i.vTaskInternalSetTimeOutState)
    i.vTaskMissedYield                       0x08006c38   Section        0  tasks.o(i.vTaskMissedYield)
    i.vTaskPlaceOnEventList                  0x08006c44   Section        0  tasks.o(i.vTaskPlaceOnEventList)
    i.vTaskPlaceOnEventListRestricted        0x08006c78   Section        0  tasks.o(i.vTaskPlaceOnEventListRestricted)
    i.vTaskStartScheduler                    0x08006cb4   Section        0  tasks.o(i.vTaskStartScheduler)
    i.vTaskSuspendAll                        0x08006d40   Section        0  tasks.o(i.vTaskSuspendAll)
    i.vTaskSwitchContext                     0x08006d50   Section        0  tasks.o(i.vTaskSwitchContext)
    i.xPortStartScheduler                    0x08006dac   Section        0  port.o(i.xPortStartScheduler)
    i.xQueueGenericCreateStatic              0x08006eb0   Section        0  queue.o(i.xQueueGenericCreateStatic)
    i.xQueueGenericSend                      0x08006f60   Section        0  queue.o(i.xQueueGenericSend)
    i.xQueueGenericSendFromISR               0x08007134   Section        0  queue.o(i.xQueueGenericSendFromISR)
    i.xQueueReceive                          0x08007250   Section        0  queue.o(i.xQueueReceive)
    i.xTaskCheckForTimeOut                   0x080073ac   Section        0  tasks.o(i.xTaskCheckForTimeOut)
    i.xTaskCreate                            0x0800742c   Section        0  tasks.o(i.xTaskCreate)
    i.xTaskCreateStatic                      0x080074e2   Section        0  tasks.o(i.xTaskCreateStatic)
    i.xTaskGetSchedulerState                 0x080075b0   Section        0  tasks.o(i.xTaskGetSchedulerState)
    i.xTaskGetTickCount                      0x080075cc   Section        0  tasks.o(i.xTaskGetTickCount)
    i.xTaskIncrementTick                     0x080075d8   Section        0  tasks.o(i.xTaskIncrementTick)
    i.xTaskPriorityDisinherit                0x080076c4   Section        0  tasks.o(i.xTaskPriorityDisinherit)
    i.xTaskRemoveFromEventList               0x08007768   Section        0  tasks.o(i.xTaskRemoveFromEventList)
    i.xTaskResumeAll                         0x080077e0   Section        0  tasks.o(i.xTaskResumeAll)
    i.xTimerCreateTimerTask                  0x08007998   Section        0  timers.o(i.xTimerCreateTimerTask)
    i.xTimerGenericCommand                   0x08007a44   Section        0  timers.o(i.xTimerGenericCommand)
    x$fpl$fpinit                             0x08007abc   Section       10  fpinit.o(x$fpl$fpinit)
    $v0                                      0x08007abc   Number         0  fpinit.o(x$fpl$fpinit)
    .constdata                               0x08007ac8   Section       56  freertos.o(.constdata)
    .constdata                               0x08007b00   Section        8  stm32h7xx_hal_dma.o(.constdata)
    flagBitshiftOffset                       0x08007b00   Data           8  stm32h7xx_hal_dma.o(.constdata)
    .constdata                               0x08007b08   Section       24  stm32h7xx_hal_uart.o(.constdata)
    .constdata                               0x08007b20   Section       16  stm32h7xx_hal_uart_ex.o(.constdata)
    numerator                                0x08007b20   Data           8  stm32h7xx_hal_uart_ex.o(.constdata)
    denominator                              0x08007b28   Data           8  stm32h7xx_hal_uart_ex.o(.constdata)
    .constdata                               0x08007b30   Section       16  system_stm32h7xx.o(.constdata)
    .conststring                             0x08007b40   Section       22  freertos.o(.conststring)
    .data                                    0x24000000   Section       12  freertos.o(.data)
    .data                                    0x2400000c   Section       12  stm32h7xx_hal.o(.data)
    .data                                    0x24000018   Section        8  system_stm32h7xx.o(.data)
    .data                                    0x24000020   Section       60  tasks.o(.data)
    uxDeletedTasksWaitingCleanUp             0x24000024   Data           4  tasks.o(.data)
    uxCurrentNumberOfTasks                   0x24000028   Data           4  tasks.o(.data)
    xTickCount                               0x2400002c   Data           4  tasks.o(.data)
    uxTopReadyPriority                       0x24000030   Data           4  tasks.o(.data)
    xSchedulerRunning                        0x24000034   Data           4  tasks.o(.data)
    xPendedTicks                             0x24000038   Data           4  tasks.o(.data)
    xYieldPending                            0x2400003c   Data           4  tasks.o(.data)
    xNumOfOverflows                          0x24000040   Data           4  tasks.o(.data)
    uxTaskNumber                             0x24000044   Data           4  tasks.o(.data)
    xNextTaskUnblockTime                     0x24000048   Data           4  tasks.o(.data)
    xIdleTaskHandle                          0x2400004c   Data           4  tasks.o(.data)
    uxSchedulerSuspended                     0x24000050   Data           4  tasks.o(.data)
    pxDelayedTaskList                        0x24000054   Data           4  tasks.o(.data)
    pxOverflowDelayedTaskList                0x24000058   Data           4  tasks.o(.data)
    .data                                    0x2400005c   Section       20  timers.o(.data)
    xTimerQueue                              0x2400005c   Data           4  timers.o(.data)
    xTimerTaskHandle                         0x24000060   Data           4  timers.o(.data)
    xLastTime                                0x24000064   Data           4  timers.o(.data)
    pxCurrentTimerList                       0x24000068   Data           4  timers.o(.data)
    pxOverflowTimerList                      0x2400006c   Data           4  timers.o(.data)
    .data                                    0x24000070   Section       32  heap_4.o(.data)
    pxEnd                                    0x24000070   Data           4  heap_4.o(.data)
    xFreeBytesRemaining                      0x24000074   Data           4  heap_4.o(.data)
    xMinimumEverFreeBytesRemaining           0x24000078   Data           4  heap_4.o(.data)
    xNumberOfSuccessfulAllocations           0x2400007c   Data           4  heap_4.o(.data)
    xNumberOfSuccessfulFrees                 0x24000080   Data           4  heap_4.o(.data)
    xBlockAllocatedBit                       0x24000084   Data           4  heap_4.o(.data)
    xStart                                   0x24000088   Data           8  heap_4.o(.data)
    .data                                    0x24000090   Section       12  port.o(.data)
    ucMaxSysCallPriority                     0x24000090   Data           1  port.o(.data)
    uxCriticalNesting                        0x24000094   Data           4  port.o(.data)
    ulMaxPRIGROUPValue                       0x24000098   Data           4  port.o(.data)
    .bss                                     0x2400009c   Section     5836  dwin.o(.bss)
    .bss                                     0x24001768   Section     1704  freertos.o(.bss)
    xIdleTaskTCBBuffer                       0x24001768   Data          84  freertos.o(.bss)
    xIdleStack                               0x240017bc   Data         512  freertos.o(.bss)
    xTimerTaskTCBBuffer                      0x240019bc   Data          84  freertos.o(.bss)
    xTimerStack                              0x24001a10   Data        1024  freertos.o(.bss)
    .bss                                     0x24001e10   Section      152  tim.o(.bss)
    .bss                                     0x24001ea8   Section     1416  usart.o(.bss)
    .bss                                     0x24002430   Section       76  stm32h7xx_hal_timebase_tim.o(.bss)
    .bss                                     0x2400247c   Section      128  queue.o(.bss)
    .bss                                     0x240024fc   Section      240  tasks.o(.bss)
    pxReadyTasksLists                        0x240024fc   Data         140  tasks.o(.bss)
    xDelayedTaskList1                        0x24002588   Data          20  tasks.o(.bss)
    xDelayedTaskList2                        0x2400259c   Data          20  tasks.o(.bss)
    xPendingReadyList                        0x240025b0   Data          20  tasks.o(.bss)
    xTasksWaitingTermination                 0x240025c4   Data          20  tasks.o(.bss)
    xSuspendedTaskList                       0x240025d8   Data          20  tasks.o(.bss)
    .bss                                     0x240025ec   Section      232  timers.o(.bss)
    xStaticTimerQueue                        0x240025ec   Data          72  timers.o(.bss)
    ucStaticTimerQueueStorage                0x24002634   Data         120  timers.o(.bss)
    xActiveTimerList1                        0x240026ac   Data          20  timers.o(.bss)
    xActiveTimerList2                        0x240026c0   Data          20  timers.o(.bss)
    .bss                                     0x240026d4   Section    10240  heap_4.o(.bss)
    ucHeap                                   0x240026d4   Data       10240  heap_4.o(.bss)
    .bss                                     0x24004ed4   Section       96  libspace.o(.bss)
    HEAP                                     0x24004f38   Section      512  startup_stm32h743xx.o(HEAP)
    Heap_Mem                                 0x24004f38   Data         512  startup_stm32h743xx.o(HEAP)
    STACK                                    0x24005138   Section     8192  startup_stm32h743xx.o(STACK)
    Stack_Mem                                0x24005138   Data        8192  startup_stm32h743xx.o(STACK)
    __initial_sp                             0x24007138   Data           0  startup_stm32h743xx.o(STACK)

    Global Symbols

    Symbol Name                              Value     Ov Type        Size  Object(Section)

    BuildAttributes$$THM_ISAv4$E$P$D$K$B$S$7EM$VFPv5_D16$PE$PLD8$A:L22UL41UL21$X:L11$S22US41US21$IEEE1$IW$USESV6$~STKCKD$USESV7$~SHL$OTIME$ROPI$IEEEJ$EBA8$UX$STANDARDLIB$REQ8$PRES8$EABIv2 0x00000000   Number         0  anon$$obj.o ABSOLUTE
    __ARM_use_no_argv                        0x00000000   Number         0  main.o ABSOLUTE
    _printf_flags                            0x00000000   Number         0  printf_stubs.o ABSOLUTE
    _printf_return_value                     0x00000000   Number         0  printf_stubs.o ABSOLUTE
    _printf_sizespec                         0x00000000   Number         0  printf_stubs.o ABSOLUTE
    _printf_widthprec                        0x00000000   Number         0  printf_stubs.o ABSOLUTE
    __ARM_exceptions_init                     - Undefined Weak Reference
    __alloca_initialize                       - Undefined Weak Reference
    __arm_preinit_                            - Undefined Weak Reference
    __cpp_initialize__aeabi_                  - Undefined Weak Reference
    __cxa_finalize                            - Undefined Weak Reference
    __sigvec_lookup                           - Undefined Weak Reference
    _atexit_init                              - Undefined Weak Reference
    _call_atexit_fns                          - Undefined Weak Reference
    _clock_init                               - Undefined Weak Reference
    _fp_trap_init                             - Undefined Weak Reference
    _fp_trap_shutdown                         - Undefined Weak Reference
    _get_lc_collate                           - Undefined Weak Reference
    _get_lc_monetary                          - Undefined Weak Reference
    _get_lc_time                              - Undefined Weak Reference
    _getenv_init                              - Undefined Weak Reference
    _handle_redirection                       - Undefined Weak Reference
    _init_alloc                               - Undefined Weak Reference
    _init_user_alloc                          - Undefined Weak Reference
    _initio                                   - Undefined Weak Reference
    _printf_mbtowc                            - Undefined Weak Reference
    _printf_wc                                - Undefined Weak Reference
    _rand_init                                - Undefined Weak Reference
    _signal_finish                            - Undefined Weak Reference
    _signal_init                              - Undefined Weak Reference
    _terminate_alloc                          - Undefined Weak Reference
    _terminate_user_alloc                     - Undefined Weak Reference
    _terminateio                              - Undefined Weak Reference
    __Vectors_Size                           0x00000298   Number         0  startup_stm32h743xx.o ABSOLUTE
    __Vectors                                0x08000000   Data           4  startup_stm32h743xx.o(RESET)
    __Vectors_End                            0x08000298   Data           0  startup_stm32h743xx.o(RESET)
    __main                                   0x08000299   Thumb Code     8  __main.o(!!!main)
    __scatterload                            0x080002a1   Thumb Code     0  __scatter.o(!!!scatter)
    __scatterload_rt2                        0x080002a1   Thumb Code    44  __scatter.o(!!!scatter)
    __scatterload_rt2_thumb_only             0x080002a1   Thumb Code     0  __scatter.o(!!!scatter)
    __scatterload_null                       0x080002af   Thumb Code     0  __scatter.o(!!!scatter)
    __scatterload_copy                       0x080002d5   Thumb Code    26  __scatter_copy.o(!!handler_copy)
    __scatterload_zeroinit                   0x080002f1   Thumb Code    28  __scatter_zi.o(!!handler_zi)
    __rt_lib_init                            0x0800030d   Thumb Code     0  libinit.o(.ARM.Collect$$libinit$$00000000)
    __rt_lib_init_fp_1                       0x0800030f   Thumb Code     0  libinit2.o(.ARM.Collect$$libinit$$00000001)
    __rt_lib_init_alloca_1                   0x08000313   Thumb Code     0  libinit2.o(.ARM.Collect$$libinit$$0000002E)
    __rt_lib_init_argv_1                     0x08000313   Thumb Code     0  libinit2.o(.ARM.Collect$$libinit$$0000002C)
    __rt_lib_init_atexit_1                   0x08000313   Thumb Code     0  libinit2.o(.ARM.Collect$$libinit$$0000001B)
    __rt_lib_init_clock_1                    0x08000313   Thumb Code     0  libinit2.o(.ARM.Collect$$libinit$$00000021)
    __rt_lib_init_cpp_1                      0x08000313   Thumb Code     0  libinit2.o(.ARM.Collect$$libinit$$00000032)
    __rt_lib_init_exceptions_1               0x08000313   Thumb Code     0  libinit2.o(.ARM.Collect$$libinit$$00000030)
    __rt_lib_init_fp_trap_1                  0x08000313   Thumb Code     0  libinit2.o(.ARM.Collect$$libinit$$0000001F)
    __rt_lib_init_getenv_1                   0x08000313   Thumb Code     0  libinit2.o(.ARM.Collect$$libinit$$00000023)
    __rt_lib_init_heap_1                     0x08000313   Thumb Code     0  libinit2.o(.ARM.Collect$$libinit$$0000000A)
    __rt_lib_init_lc_collate_1               0x08000313   Thumb Code     0  libinit2.o(.ARM.Collect$$libinit$$00000011)
    __rt_lib_init_lc_ctype_1                 0x08000313   Thumb Code     0  libinit2.o(.ARM.Collect$$libinit$$00000013)
    __rt_lib_init_lc_monetary_1              0x08000313   Thumb Code     0  libinit2.o(.ARM.Collect$$libinit$$00000015)
    __rt_lib_init_lc_numeric_1               0x08000313   Thumb Code     0  libinit2.o(.ARM.Collect$$libinit$$00000017)
    __rt_lib_init_lc_time_1                  0x08000313   Thumb Code     0  libinit2.o(.ARM.Collect$$libinit$$00000019)
    __rt_lib_init_preinit_1                  0x08000313   Thumb Code     0  libinit2.o(.ARM.Collect$$libinit$$00000004)
    __rt_lib_init_rand_1                     0x08000313   Thumb Code     0  libinit2.o(.ARM.Collect$$libinit$$0000000E)
    __rt_lib_init_return                     0x08000313   Thumb Code     0  libinit2.o(.ARM.Collect$$libinit$$00000033)
    __rt_lib_init_signal_1                   0x08000313   Thumb Code     0  libinit2.o(.ARM.Collect$$libinit$$0000001D)
    __rt_lib_init_stdio_1                    0x08000313   Thumb Code     0  libinit2.o(.ARM.Collect$$libinit$$00000025)
    __rt_lib_init_user_alloc_1               0x08000313   Thumb Code     0  libinit2.o(.ARM.Collect$$libinit$$0000000C)
    __rt_lib_shutdown                        0x08000315   Thumb Code     0  libshutdown.o(.ARM.Collect$$libshutdown$$00000000)
    __rt_lib_shutdown_cpp_1                  0x08000317   Thumb Code     0  libshutdown2.o(.ARM.Collect$$libshutdown$$00000002)
    __rt_lib_shutdown_fp_trap_1              0x08000317   Thumb Code     0  libshutdown2.o(.ARM.Collect$$libshutdown$$00000007)
    __rt_lib_shutdown_heap_1                 0x08000317   Thumb Code     0  libshutdown2.o(.ARM.Collect$$libshutdown$$0000000F)
    __rt_lib_shutdown_return                 0x08000317   Thumb Code     0  libshutdown2.o(.ARM.Collect$$libshutdown$$00000010)
    __rt_lib_shutdown_signal_1               0x08000317   Thumb Code     0  libshutdown2.o(.ARM.Collect$$libshutdown$$0000000A)
    __rt_lib_shutdown_stdio_1                0x08000317   Thumb Code     0  libshutdown2.o(.ARM.Collect$$libshutdown$$00000004)
    __rt_lib_shutdown_user_alloc_1           0x08000317   Thumb Code     0  libshutdown2.o(.ARM.Collect$$libshutdown$$0000000C)
    __rt_entry                               0x08000319   Thumb Code     0  __rtentry.o(.ARM.Collect$$rtentry$$00000000)
    __rt_entry_presh_1                       0x08000319   Thumb Code     0  __rtentry2.o(.ARM.Collect$$rtentry$$00000002)
    __rt_entry_sh                            0x08000319   Thumb Code     0  __rtentry4.o(.ARM.Collect$$rtentry$$00000004)
    __rt_entry_li                            0x0800031f   Thumb Code     0  __rtentry2.o(.ARM.Collect$$rtentry$$0000000A)
    __rt_entry_postsh_1                      0x0800031f   Thumb Code     0  __rtentry2.o(.ARM.Collect$$rtentry$$00000009)
    __rt_entry_main                          0x08000323   Thumb Code     0  __rtentry2.o(.ARM.Collect$$rtentry$$0000000D)
    __rt_entry_postli_1                      0x08000323   Thumb Code     0  __rtentry2.o(.ARM.Collect$$rtentry$$0000000C)
    __rt_exit                                0x0800032b   Thumb Code     0  rtexit.o(.ARM.Collect$$rtexit$$00000000)
    __rt_exit_ls                             0x0800032d   Thumb Code     0  rtexit2.o(.ARM.Collect$$rtexit$$00000003)
    __rt_exit_prels_1                        0x0800032d   Thumb Code     0  rtexit2.o(.ARM.Collect$$rtexit$$00000002)
    __rt_exit_exit                           0x08000331   Thumb Code     0  rtexit2.o(.ARM.Collect$$rtexit$$00000004)
    SVC_Handler                              0x08000339   Thumb Code    28  port.o(.emb_text)
    __asm___6_port_c_39a90d8d__prvStartFirstTask 0x08000359   Thumb Code    36  port.o(.emb_text)
    __asm___6_port_c_39a90d8d__prvEnableVFP  0x08000381   Thumb Code    16  port.o(.emb_text)
    PendSV_Handler                           0x08000395   Thumb Code    88  port.o(.emb_text)
    vPortGetIPSR                             0x080003f1   Thumb Code     6  port.o(.emb_text)
    Reset_Handler                            0x080003f9   Thumb Code     8  startup_stm32h743xx.o(.text)
    ADC3_IRQHandler                          0x08000413   Thumb Code     0  startup_stm32h743xx.o(.text)
    ADC_IRQHandler                           0x08000413   Thumb Code     0  startup_stm32h743xx.o(.text)
    BDMA_Channel0_IRQHandler                 0x08000413   Thumb Code     0  startup_stm32h743xx.o(.text)
    BDMA_Channel1_IRQHandler                 0x08000413   Thumb Code     0  startup_stm32h743xx.o(.text)
    BDMA_Channel2_IRQHandler                 0x08000413   Thumb Code     0  startup_stm32h743xx.o(.text)
    BDMA_Channel3_IRQHandler                 0x08000413   Thumb Code     0  startup_stm32h743xx.o(.text)
    BDMA_Channel4_IRQHandler                 0x08000413   Thumb Code     0  startup_stm32h743xx.o(.text)
    BDMA_Channel5_IRQHandler                 0x08000413   Thumb Code     0  startup_stm32h743xx.o(.text)
    BDMA_Channel6_IRQHandler                 0x08000413   Thumb Code     0  startup_stm32h743xx.o(.text)
    BDMA_Channel7_IRQHandler                 0x08000413   Thumb Code     0  startup_stm32h743xx.o(.text)
    CEC_IRQHandler                           0x08000413   Thumb Code     0  startup_stm32h743xx.o(.text)
    COMP1_IRQHandler                         0x08000413   Thumb Code     0  startup_stm32h743xx.o(.text)
    CRS_IRQHandler                           0x08000413   Thumb Code     0  startup_stm32h743xx.o(.text)
    DCMI_IRQHandler                          0x08000413   Thumb Code     0  startup_stm32h743xx.o(.text)
    DFSDM1_FLT0_IRQHandler                   0x08000413   Thumb Code     0  startup_stm32h743xx.o(.text)
    DFSDM1_FLT1_IRQHandler                   0x08000413   Thumb Code     0  startup_stm32h743xx.o(.text)
    DFSDM1_FLT2_IRQHandler                   0x08000413   Thumb Code     0  startup_stm32h743xx.o(.text)
    DFSDM1_FLT3_IRQHandler                   0x08000413   Thumb Code     0  startup_stm32h743xx.o(.text)
    DMA1_Stream2_IRQHandler                  0x08000413   Thumb Code     0  startup_stm32h743xx.o(.text)
    DMA1_Stream3_IRQHandler                  0x08000413   Thumb Code     0  startup_stm32h743xx.o(.text)
    DMA1_Stream4_IRQHandler                  0x08000413   Thumb Code     0  startup_stm32h743xx.o(.text)
    DMA1_Stream5_IRQHandler                  0x08000413   Thumb Code     0  startup_stm32h743xx.o(.text)
    DMA1_Stream6_IRQHandler                  0x08000413   Thumb Code     0  startup_stm32h743xx.o(.text)
    DMA1_Stream7_IRQHandler                  0x08000413   Thumb Code     0  startup_stm32h743xx.o(.text)
    DMA2D_IRQHandler                         0x08000413   Thumb Code     0  startup_stm32h743xx.o(.text)
    DMA2_Stream0_IRQHandler                  0x08000413   Thumb Code     0  startup_stm32h743xx.o(.text)
    DMA2_Stream1_IRQHandler                  0x08000413   Thumb Code     0  startup_stm32h743xx.o(.text)
    DMA2_Stream2_IRQHandler                  0x08000413   Thumb Code     0  startup_stm32h743xx.o(.text)
    DMA2_Stream3_IRQHandler                  0x08000413   Thumb Code     0  startup_stm32h743xx.o(.text)
    DMA2_Stream4_IRQHandler                  0x08000413   Thumb Code     0  startup_stm32h743xx.o(.text)
    DMA2_Stream5_IRQHandler                  0x08000413   Thumb Code     0  startup_stm32h743xx.o(.text)
    DMA2_Stream6_IRQHandler                  0x08000413   Thumb Code     0  startup_stm32h743xx.o(.text)
    DMA2_Stream7_IRQHandler                  0x08000413   Thumb Code     0  startup_stm32h743xx.o(.text)
    DMAMUX1_OVR_IRQHandler                   0x08000413   Thumb Code     0  startup_stm32h743xx.o(.text)
    DMAMUX2_OVR_IRQHandler                   0x08000413   Thumb Code     0  startup_stm32h743xx.o(.text)
    ECC_IRQHandler                           0x08000413   Thumb Code     0  startup_stm32h743xx.o(.text)
    ETH_IRQHandler                           0x08000413   Thumb Code     0  startup_stm32h743xx.o(.text)
    ETH_WKUP_IRQHandler                      0x08000413   Thumb Code     0  startup_stm32h743xx.o(.text)
    EXTI0_IRQHandler                         0x08000413   Thumb Code     0  startup_stm32h743xx.o(.text)
    EXTI15_10_IRQHandler                     0x08000413   Thumb Code     0  startup_stm32h743xx.o(.text)
    EXTI1_IRQHandler                         0x08000413   Thumb Code     0  startup_stm32h743xx.o(.text)
    EXTI2_IRQHandler                         0x08000413   Thumb Code     0  startup_stm32h743xx.o(.text)
    EXTI3_IRQHandler                         0x08000413   Thumb Code     0  startup_stm32h743xx.o(.text)
    EXTI4_IRQHandler                         0x08000413   Thumb Code     0  startup_stm32h743xx.o(.text)
    EXTI9_5_IRQHandler                       0x08000413   Thumb Code     0  startup_stm32h743xx.o(.text)
    FDCAN1_IT0_IRQHandler                    0x08000413   Thumb Code     0  startup_stm32h743xx.o(.text)
    FDCAN1_IT1_IRQHandler                    0x08000413   Thumb Code     0  startup_stm32h743xx.o(.text)
    FDCAN2_IT0_IRQHandler                    0x08000413   Thumb Code     0  startup_stm32h743xx.o(.text)
    FDCAN2_IT1_IRQHandler                    0x08000413   Thumb Code     0  startup_stm32h743xx.o(.text)
    FDCAN_CAL_IRQHandler                     0x08000413   Thumb Code     0  startup_stm32h743xx.o(.text)
    FLASH_IRQHandler                         0x08000413   Thumb Code     0  startup_stm32h743xx.o(.text)
    FMC_IRQHandler                           0x08000413   Thumb Code     0  startup_stm32h743xx.o(.text)
    FPU_IRQHandler                           0x08000413   Thumb Code     0  startup_stm32h743xx.o(.text)
    HRTIM1_FLT_IRQHandler                    0x08000413   Thumb Code     0  startup_stm32h743xx.o(.text)
    HRTIM1_Master_IRQHandler                 0x08000413   Thumb Code     0  startup_stm32h743xx.o(.text)
    HRTIM1_TIMA_IRQHandler                   0x08000413   Thumb Code     0  startup_stm32h743xx.o(.text)
    HRTIM1_TIMB_IRQHandler                   0x08000413   Thumb Code     0  startup_stm32h743xx.o(.text)
    HRTIM1_TIMC_IRQHandler                   0x08000413   Thumb Code     0  startup_stm32h743xx.o(.text)
    HRTIM1_TIMD_IRQHandler                   0x08000413   Thumb Code     0  startup_stm32h743xx.o(.text)
    HRTIM1_TIME_IRQHandler                   0x08000413   Thumb Code     0  startup_stm32h743xx.o(.text)
    HSEM1_IRQHandler                         0x08000413   Thumb Code     0  startup_stm32h743xx.o(.text)
    I2C1_ER_IRQHandler                       0x08000413   Thumb Code     0  startup_stm32h743xx.o(.text)
    I2C1_EV_IRQHandler                       0x08000413   Thumb Code     0  startup_stm32h743xx.o(.text)
    I2C2_ER_IRQHandler                       0x08000413   Thumb Code     0  startup_stm32h743xx.o(.text)
    I2C2_EV_IRQHandler                       0x08000413   Thumb Code     0  startup_stm32h743xx.o(.text)
    I2C3_ER_IRQHandler                       0x08000413   Thumb Code     0  startup_stm32h743xx.o(.text)
    I2C3_EV_IRQHandler                       0x08000413   Thumb Code     0  startup_stm32h743xx.o(.text)
    I2C4_ER_IRQHandler                       0x08000413   Thumb Code     0  startup_stm32h743xx.o(.text)
    I2C4_EV_IRQHandler                       0x08000413   Thumb Code     0  startup_stm32h743xx.o(.text)
    JPEG_IRQHandler                          0x08000413   Thumb Code     0  startup_stm32h743xx.o(.text)
    LPTIM1_IRQHandler                        0x08000413   Thumb Code     0  startup_stm32h743xx.o(.text)
    LPTIM2_IRQHandler                        0x08000413   Thumb Code     0  startup_stm32h743xx.o(.text)
    LPTIM3_IRQHandler                        0x08000413   Thumb Code     0  startup_stm32h743xx.o(.text)
    LPTIM4_IRQHandler                        0x08000413   Thumb Code     0  startup_stm32h743xx.o(.text)
    LPTIM5_IRQHandler                        0x08000413   Thumb Code     0  startup_stm32h743xx.o(.text)
    LPUART1_IRQHandler                       0x08000413   Thumb Code     0  startup_stm32h743xx.o(.text)
    LTDC_ER_IRQHandler                       0x08000413   Thumb Code     0  startup_stm32h743xx.o(.text)
    LTDC_IRQHandler                          0x08000413   Thumb Code     0  startup_stm32h743xx.o(.text)
    MDIOS_IRQHandler                         0x08000413   Thumb Code     0  startup_stm32h743xx.o(.text)
    MDIOS_WKUP_IRQHandler                    0x08000413   Thumb Code     0  startup_stm32h743xx.o(.text)
    MDMA_IRQHandler                          0x08000413   Thumb Code     0  startup_stm32h743xx.o(.text)
    OTG_FS_EP1_IN_IRQHandler                 0x08000413   Thumb Code     0  startup_stm32h743xx.o(.text)
    OTG_FS_EP1_OUT_IRQHandler                0x08000413   Thumb Code     0  startup_stm32h743xx.o(.text)
    OTG_FS_IRQHandler                        0x08000413   Thumb Code     0  startup_stm32h743xx.o(.text)
    OTG_FS_WKUP_IRQHandler                   0x08000413   Thumb Code     0  startup_stm32h743xx.o(.text)
    OTG_HS_EP1_IN_IRQHandler                 0x08000413   Thumb Code     0  startup_stm32h743xx.o(.text)
    OTG_HS_EP1_OUT_IRQHandler                0x08000413   Thumb Code     0  startup_stm32h743xx.o(.text)
    OTG_HS_IRQHandler                        0x08000413   Thumb Code     0  startup_stm32h743xx.o(.text)
    OTG_HS_WKUP_IRQHandler                   0x08000413   Thumb Code     0  startup_stm32h743xx.o(.text)
    PVD_AVD_IRQHandler                       0x08000413   Thumb Code     0  startup_stm32h743xx.o(.text)
    QUADSPI_IRQHandler                       0x08000413   Thumb Code     0  startup_stm32h743xx.o(.text)
    RCC_IRQHandler                           0x08000413   Thumb Code     0  startup_stm32h743xx.o(.text)
    RNG_IRQHandler                           0x08000413   Thumb Code     0  startup_stm32h743xx.o(.text)
    RTC_Alarm_IRQHandler                     0x08000413   Thumb Code     0  startup_stm32h743xx.o(.text)
    RTC_WKUP_IRQHandler                      0x08000413   Thumb Code     0  startup_stm32h743xx.o(.text)
    SAI1_IRQHandler                          0x08000413   Thumb Code     0  startup_stm32h743xx.o(.text)
    SAI2_IRQHandler                          0x08000413   Thumb Code     0  startup_stm32h743xx.o(.text)
    SAI3_IRQHandler                          0x08000413   Thumb Code     0  startup_stm32h743xx.o(.text)
    SAI4_IRQHandler                          0x08000413   Thumb Code     0  startup_stm32h743xx.o(.text)
    SDMMC1_IRQHandler                        0x08000413   Thumb Code     0  startup_stm32h743xx.o(.text)
    SDMMC2_IRQHandler                        0x08000413   Thumb Code     0  startup_stm32h743xx.o(.text)
    SPDIF_RX_IRQHandler                      0x08000413   Thumb Code     0  startup_stm32h743xx.o(.text)
    SPI1_IRQHandler                          0x08000413   Thumb Code     0  startup_stm32h743xx.o(.text)
    SPI2_IRQHandler                          0x08000413   Thumb Code     0  startup_stm32h743xx.o(.text)
    SPI3_IRQHandler                          0x08000413   Thumb Code     0  startup_stm32h743xx.o(.text)
    SPI4_IRQHandler                          0x08000413   Thumb Code     0  startup_stm32h743xx.o(.text)
    SPI5_IRQHandler                          0x08000413   Thumb Code     0  startup_stm32h743xx.o(.text)
    SPI6_IRQHandler                          0x08000413   Thumb Code     0  startup_stm32h743xx.o(.text)
    SWPMI1_IRQHandler                        0x08000413   Thumb Code     0  startup_stm32h743xx.o(.text)
    TAMP_STAMP_IRQHandler                    0x08000413   Thumb Code     0  startup_stm32h743xx.o(.text)
    TIM15_IRQHandler                         0x08000413   Thumb Code     0  startup_stm32h743xx.o(.text)
    TIM16_IRQHandler                         0x08000413   Thumb Code     0  startup_stm32h743xx.o(.text)
    TIM17_IRQHandler                         0x08000413   Thumb Code     0  startup_stm32h743xx.o(.text)
    TIM1_BRK_IRQHandler                      0x08000413   Thumb Code     0  startup_stm32h743xx.o(.text)
    TIM1_CC_IRQHandler                       0x08000413   Thumb Code     0  startup_stm32h743xx.o(.text)
    TIM1_TRG_COM_IRQHandler                  0x08000413   Thumb Code     0  startup_stm32h743xx.o(.text)
    TIM1_UP_IRQHandler                       0x08000413   Thumb Code     0  startup_stm32h743xx.o(.text)
    TIM4_IRQHandler                          0x08000413   Thumb Code     0  startup_stm32h743xx.o(.text)
    TIM6_DAC_IRQHandler                      0x08000413   Thumb Code     0  startup_stm32h743xx.o(.text)
    TIM7_IRQHandler                          0x08000413   Thumb Code     0  startup_stm32h743xx.o(.text)
    TIM8_BRK_TIM12_IRQHandler                0x08000413   Thumb Code     0  startup_stm32h743xx.o(.text)
    TIM8_CC_IRQHandler                       0x08000413   Thumb Code     0  startup_stm32h743xx.o(.text)
    TIM8_TRG_COM_TIM14_IRQHandler            0x08000413   Thumb Code     0  startup_stm32h743xx.o(.text)
    TIM8_UP_TIM13_IRQHandler                 0x08000413   Thumb Code     0  startup_stm32h743xx.o(.text)
    UART4_IRQHandler                         0x08000413   Thumb Code     0  startup_stm32h743xx.o(.text)
    UART5_IRQHandler                         0x08000413   Thumb Code     0  startup_stm32h743xx.o(.text)
    UART7_IRQHandler                         0x08000413   Thumb Code     0  startup_stm32h743xx.o(.text)
    UART8_IRQHandler                         0x08000413   Thumb Code     0  startup_stm32h743xx.o(.text)
    USART2_IRQHandler                        0x08000413   Thumb Code     0  startup_stm32h743xx.o(.text)
    USART3_IRQHandler                        0x08000413   Thumb Code     0  startup_stm32h743xx.o(.text)
    USART6_IRQHandler                        0x08000413   Thumb Code     0  startup_stm32h743xx.o(.text)
    WAKEUP_PIN_IRQHandler                    0x08000413   Thumb Code     0  startup_stm32h743xx.o(.text)
    WWDG_IRQHandler                          0x08000413   Thumb Code     0  startup_stm32h743xx.o(.text)
    __user_initial_stackheap                 0x08000415   Thumb Code     0  startup_stm32h743xx.o(.text)
    __aeabi_uldivmod                         0x08000439   Thumb Code     0  lludivv7m.o(.text)
    _ll_udiv                                 0x08000439   Thumb Code   238  lludivv7m.o(.text)
    __aeabi_memcpy                           0x08000527   Thumb Code     0  rt_memcpy_v6.o(.text)
    __rt_memcpy                              0x08000527   Thumb Code   138  rt_memcpy_v6.o(.text)
    _memcpy_lastbytes                        0x0800058d   Thumb Code     0  rt_memcpy_v6.o(.text)
    __aeabi_memclr4                          0x080005b1   Thumb Code     0  rt_memclr_w.o(.text)
    __aeabi_memclr8                          0x080005b1   Thumb Code     0  rt_memclr_w.o(.text)
    __rt_memclr_w                            0x080005b1   Thumb Code    78  rt_memclr_w.o(.text)
    _memset_w                                0x080005b5   Thumb Code     0  rt_memclr_w.o(.text)
    __use_two_region_memory                  0x080005ff   Thumb Code     2  heapauxi.o(.text)
    __rt_heap_escrow$2region                 0x08000601   Thumb Code     2  heapauxi.o(.text)
    __rt_heap_expand$2region                 0x08000603   Thumb Code     2  heapauxi.o(.text)
    __aeabi_memcpy4                          0x08000605   Thumb Code     0  rt_memcpy_w.o(.text)
    __aeabi_memcpy8                          0x08000605   Thumb Code     0  rt_memcpy_w.o(.text)
    __rt_memcpy_w                            0x08000605   Thumb Code   100  rt_memcpy_w.o(.text)
    _memcpy_lastbytes_aligned                0x0800064d   Thumb Code     0  rt_memcpy_w.o(.text)
    __user_setup_stackheap                   0x08000669   Thumb Code    74  sys_stackheap_outer.o(.text)
    exit                                     0x080006b3   Thumb Code    18  exit.o(.text)
    __user_libspace                          0x080006c5   Thumb Code     8  libspace.o(.text)
    __user_perproc_libspace                  0x080006c5   Thumb Code     0  libspace.o(.text)
    __user_perthread_libspace                0x080006c5   Thumb Code     0  libspace.o(.text)
    _sys_exit                                0x080006cd   Thumb Code     8  sys_exit.o(.text)
    __I$use$semihosting                      0x080006d9   Thumb Code     0  use_no_semi.o(.text)
    __use_no_semihosting_swi                 0x080006d9   Thumb Code     2  use_no_semi.o(.text)
    BusFault_Handler                         0x080006db   Thumb Code     2  stm32h7xx_it.o(i.BusFault_Handler)
    __semihosting_library_function           0x080006db   Thumb Code     0  indicate_semi.o(.text)
    DMA1_Stream0_IRQHandler                  0x080006dd   Thumb Code     6  stm32h7xx_it.o(i.DMA1_Stream0_IRQHandler)
    DMA1_Stream1_IRQHandler                  0x080006e9   Thumb Code     6  stm32h7xx_it.o(i.DMA1_Stream1_IRQHandler)
    DebugMon_Handler                         0x08000a05   Thumb Code     2  stm32h7xx_it.o(i.DebugMon_Handler)
    Error_Handler                            0x08000a07   Thumb Code     4  main.o(i.Error_Handler)
    HAL_DMA_Abort                            0x08000a0d   Thumb Code   758  stm32h7xx_hal_dma.o(i.HAL_DMA_Abort)
    HAL_DMA_Abort_IT                         0x08000d65   Thumb Code   524  stm32h7xx_hal_dma.o(i.HAL_DMA_Abort_IT)
    HAL_DMA_GetError                         0x08000fd1   Thumb Code     4  stm32h7xx_hal_dma.o(i.HAL_DMA_GetError)
    HAL_DMA_IRQHandler                       0x08000fd5   Thumb Code  1782  stm32h7xx_hal_dma.o(i.HAL_DMA_IRQHandler)
    HAL_DMA_Init                             0x08001721   Thumb Code  1302  stm32h7xx_hal_dma.o(i.HAL_DMA_Init)
    HAL_DMA_Start_IT                         0x08001c59   Thumb Code   566  stm32h7xx_hal_dma.o(i.HAL_DMA_Start_IT)
    HAL_GPIO_Init                            0x08001ef1   Thumb Code   546  stm32h7xx_hal_gpio.o(i.HAL_GPIO_Init)
    HAL_GPIO_WritePin                        0x0800211d   Thumb Code    10  stm32h7xx_hal_gpio.o(i.HAL_GPIO_WritePin)
    HAL_GetREVID                             0x08002129   Thumb Code     8  stm32h7xx_hal.o(i.HAL_GetREVID)
    HAL_GetTick                              0x08002135   Thumb Code     6  stm32h7xx_hal.o(i.HAL_GetTick)
    HAL_IncTick                              0x08002141   Thumb Code    12  stm32h7xx_hal.o(i.HAL_IncTick)
    HAL_Init                                 0x08002151   Thumb Code    76  stm32h7xx_hal.o(i.HAL_Init)
    HAL_InitTick                             0x080021ad   Thumb Code   126  stm32h7xx_hal_timebase_tim.o(i.HAL_InitTick)
    HAL_MspInit                              0x0800223d   Thumb Code    32  stm32h7xx_hal_msp.o(i.HAL_MspInit)
    HAL_NVIC_EnableIRQ                       0x08002261   Thumb Code    30  stm32h7xx_hal_cortex.o(i.HAL_NVIC_EnableIRQ)
    HAL_NVIC_SetPriority                     0x08002281   Thumb Code    92  stm32h7xx_hal_cortex.o(i.HAL_NVIC_SetPriority)
    HAL_NVIC_SetPriorityGrouping             0x080022e1   Thumb Code    30  stm32h7xx_hal_cortex.o(i.HAL_NVIC_SetPriorityGrouping)
    HAL_PWREx_ConfigSupply                   0x08002305   Thumb Code    84  stm32h7xx_hal_pwr_ex.o(i.HAL_PWREx_ConfigSupply)
    HAL_RCCEx_GetD3PCLK1Freq                 0x08002361   Thumb Code    26  stm32h7xx_hal_rcc_ex.o(i.HAL_RCCEx_GetD3PCLK1Freq)
    HAL_RCCEx_GetPLL2ClockFreq               0x08002385   Thumb Code   392  stm32h7xx_hal_rcc_ex.o(i.HAL_RCCEx_GetPLL2ClockFreq)
    HAL_RCCEx_GetPLL3ClockFreq               0x08002531   Thumb Code   392  stm32h7xx_hal_rcc_ex.o(i.HAL_RCCEx_GetPLL3ClockFreq)
    HAL_RCCEx_PeriphCLKConfig                0x080026dd   Thumb Code  2438  stm32h7xx_hal_rcc_ex.o(i.HAL_RCCEx_PeriphCLKConfig)
    HAL_RCC_ClockConfig                      0x0800306d   Thumb Code   618  stm32h7xx_hal_rcc.o(i.HAL_RCC_ClockConfig)
    HAL_RCC_GetClockConfig                   0x08003301   Thumb Code    94  stm32h7xx_hal_rcc.o(i.HAL_RCC_GetClockConfig)
    HAL_RCC_GetHCLKFreq                      0x0800336d   Thumb Code    56  stm32h7xx_hal_rcc.o(i.HAL_RCC_GetHCLKFreq)
    HAL_RCC_GetPCLK1Freq                     0x080033b5   Thumb Code    72  stm32h7xx_hal_rcc.o(i.HAL_RCC_GetPCLK1Freq)
    HAL_RCC_GetPCLK2Freq                     0x08003411   Thumb Code    72  stm32h7xx_hal_rcc.o(i.HAL_RCC_GetPCLK2Freq)
    HAL_RCC_GetSysClockFreq                  0x0800346d   Thumb Code   378  stm32h7xx_hal_rcc.o(i.HAL_RCC_GetSysClockFreq)
    HAL_RCC_OscConfig                        0x08003615   Thumb Code  1490  stm32h7xx_hal_rcc.o(i.HAL_RCC_OscConfig)
    HAL_TIMEx_Break2Callback                 0x08003bf5   Thumb Code     2  stm32h7xx_hal_tim_ex.o(i.HAL_TIMEx_Break2Callback)
    HAL_TIMEx_BreakCallback                  0x08003bf7   Thumb Code     2  stm32h7xx_hal_tim_ex.o(i.HAL_TIMEx_BreakCallback)
    HAL_TIMEx_CommutCallback                 0x08003bf9   Thumb Code     2  stm32h7xx_hal_tim_ex.o(i.HAL_TIMEx_CommutCallback)
    HAL_TIMEx_MasterConfigSynchronization    0x08003bfd   Thumb Code   148  stm32h7xx_hal_tim_ex.o(i.HAL_TIMEx_MasterConfigSynchronization)
    HAL_TIM_Base_Init                        0x08003c99   Thumb Code    98  stm32h7xx_hal_tim.o(i.HAL_TIM_Base_Init)
    HAL_TIM_Base_MspInit                     0x08003cfd   Thumb Code   224  tim.o(i.HAL_TIM_Base_MspInit)
    HAL_TIM_Base_Start_IT                    0x08003df1   Thumb Code   124  stm32h7xx_hal_tim.o(i.HAL_TIM_Base_Start_IT)
    HAL_TIM_ConfigClockSource                0x08003e71   Thumb Code   438  stm32h7xx_hal_tim.o(i.HAL_TIM_ConfigClockSource)
    HAL_TIM_IC_CaptureCallback               0x08004029   Thumb Code   106  tim.o(i.HAL_TIM_IC_CaptureCallback)
    HAL_TIM_IC_ConfigChannel                 0x0800409d   Thumb Code   464  stm32h7xx_hal_tim.o(i.HAL_TIM_IC_ConfigChannel)
    HAL_TIM_IC_Init                          0x0800426d   Thumb Code    98  stm32h7xx_hal_tim.o(i.HAL_TIM_IC_Init)
    HAL_TIM_IC_MspInit                       0x080042cf   Thumb Code     2  stm32h7xx_hal_tim.o(i.HAL_TIM_IC_MspInit)
    HAL_TIM_IC_Start_IT                      0x080042d1   Thumb Code   314  stm32h7xx_hal_tim.o(i.HAL_TIM_IC_Start_IT)
    HAL_TIM_IRQHandler                       0x08004411   Thumb Code   392  stm32h7xx_hal_tim.o(i.HAL_TIM_IRQHandler)
    HAL_TIM_OC_DelayElapsedCallback          0x08004599   Thumb Code     2  stm32h7xx_hal_tim.o(i.HAL_TIM_OC_DelayElapsedCallback)
    HAL_TIM_PWM_PulseFinishedCallback        0x0800459b   Thumb Code     2  stm32h7xx_hal_tim.o(i.HAL_TIM_PWM_PulseFinishedCallback)
    HAL_TIM_PeriodElapsedCallback            0x0800459d   Thumb Code   106  main.o(i.HAL_TIM_PeriodElapsedCallback)
    HAL_TIM_ReadCapturedValue                0x0800460d   Thumb Code    46  stm32h7xx_hal_tim.o(i.HAL_TIM_ReadCapturedValue)
    HAL_TIM_TriggerCallback                  0x0800463b   Thumb Code     2  stm32h7xx_hal_tim.o(i.HAL_TIM_TriggerCallback)
    HAL_UARTEx_DisableFifoMode               0x0800463d   Thumb Code    72  stm32h7xx_hal_uart_ex.o(i.HAL_UARTEx_DisableFifoMode)
    HAL_UARTEx_RxEventCallback               0x08004685   Thumb Code     2  usart.o(i.HAL_UARTEx_RxEventCallback)
    HAL_UARTEx_RxFifoFullCallback            0x08004687   Thumb Code     2  stm32h7xx_hal_uart_ex.o(i.HAL_UARTEx_RxFifoFullCallback)
    HAL_UARTEx_SetRxFifoThreshold            0x08004689   Thumb Code   134  stm32h7xx_hal_uart_ex.o(i.HAL_UARTEx_SetRxFifoThreshold)
    HAL_UARTEx_SetTxFifoThreshold            0x08004715   Thumb Code   134  stm32h7xx_hal_uart_ex.o(i.HAL_UARTEx_SetTxFifoThreshold)
    HAL_UARTEx_TxFifoEmptyCallback           0x080047a1   Thumb Code     2  stm32h7xx_hal_uart_ex.o(i.HAL_UARTEx_TxFifoEmptyCallback)
    HAL_UARTEx_WakeupCallback                0x080047a3   Thumb Code     2  stm32h7xx_hal_uart_ex.o(i.HAL_UARTEx_WakeupCallback)
    HAL_UART_DMAStop                         0x080047a5   Thumb Code   194  stm32h7xx_hal_uart.o(i.HAL_UART_DMAStop)
    HAL_UART_ErrorCallback                   0x08004867   Thumb Code     2  stm32h7xx_hal_uart.o(i.HAL_UART_ErrorCallback)
    HAL_UART_IRQHandler                      0x08004869   Thumb Code   882  stm32h7xx_hal_uart.o(i.HAL_UART_IRQHandler)
    HAL_UART_Init                            0x08004c25   Thumb Code   110  stm32h7xx_hal_uart.o(i.HAL_UART_Init)
    HAL_UART_MspInit                         0x08004c95   Thumb Code   250  usart.o(i.HAL_UART_MspInit)
    HAL_UART_Receive_DMA                     0x08004dad   Thumb Code   194  stm32h7xx_hal_uart.o(i.HAL_UART_Receive_DMA)
    HAL_UART_RxCpltCallback                  0x08004e7d   Thumb Code     2  usart.o(i.HAL_UART_RxCpltCallback)
    HAL_UART_RxHalfCpltCallback              0x08004e7f   Thumb Code     2  stm32h7xx_hal_uart.o(i.HAL_UART_RxHalfCpltCallback)
    HAL_UART_Transmit_DMA                    0x08004e81   Thumb Code   150  stm32h7xx_hal_uart.o(i.HAL_UART_Transmit_DMA)
    HAL_UART_TxCpltCallback                  0x08004f25   Thumb Code     2  stm32h7xx_hal_uart.o(i.HAL_UART_TxCpltCallback)
    HAL_UART_TxHalfCpltCallback              0x08004f27   Thumb Code     2  stm32h7xx_hal_uart.o(i.HAL_UART_TxHalfCpltCallback)
    HardFault_Handler                        0x08004f29   Thumb Code     2  stm32h7xx_it.o(i.HardFault_Handler)
    Led_Task                                 0x08004f2d   Thumb Code    30  freertos.o(i.Led_Task)
    MX_DMA_Init                              0x08004f55   Thumb Code    56  dma.o(i.MX_DMA_Init)
    MX_FREERTOS_Init                         0x08004f91   Thumb Code    54  freertos.o(i.MX_FREERTOS_Init)
    MX_GPIO_Init                             0x08004fd1   Thumb Code   120  gpio.o(i.MX_GPIO_Init)
    MX_TIM3_Init                             0x08005051   Thumb Code   210  tim.o(i.MX_TIM3_Init)
    MX_TIM5_Init                             0x0800512d   Thumb Code   102  tim.o(i.MX_TIM5_Init)
    MX_USART1_UART_Init                      0x080051a1   Thumb Code   124  usart.o(i.MX_USART1_UART_Init)
    MemManage_Handler                        0x08005229   Thumb Code     2  stm32h7xx_it.o(i.MemManage_Handler)
    NMI_Handler                              0x0800522b   Thumb Code     2  stm32h7xx_it.o(i.NMI_Handler)
    Save_CounterValue                        0x080054b5   Thumb Code    98  tim.o(i.Save_CounterValue)
    SysTick_Handler                          0x08005525   Thumb Code    38  port.o(i.SysTick_Handler)
    SystemClock_Config                       0x08005551   Thumb Code   168  main.o(i.SystemClock_Config)
    SystemInit                               0x08005601   Thumb Code   208  system_stm32h7xx.o(i.SystemInit)
    TIM2_IRQHandler                          0x0800570d   Thumb Code     6  stm32h7xx_it.o(i.TIM2_IRQHandler)
    TIM3_IRQHandler                          0x08005719   Thumb Code     6  stm32h7xx_it.o(i.TIM3_IRQHandler)
    TIM5_IRQHandler                          0x08005725   Thumb Code     6  stm32h7xx_it.o(i.TIM5_IRQHandler)
    TIM_Base_SetConfig                       0x08005731   Thumb Code   164  stm32h7xx_hal_tim.o(i.TIM_Base_SetConfig)
    UART_AdvFeatureConfig                    0x080057f5   Thumb Code   218  stm32h7xx_hal_uart.o(i.UART_AdvFeatureConfig)
    UART_CheckIdleState                      0x080058cf   Thumb Code   100  stm32h7xx_hal_uart.o(i.UART_CheckIdleState)
    UART_SetConfig                           0x08005a91   Thumb Code   934  stm32h7xx_hal_uart.o(i.UART_SetConfig)
    UART_WaitOnFlagUntilTimeout              0x08005e55   Thumb Code   194  stm32h7xx_hal_uart.o(i.UART_WaitOnFlagUntilTimeout)
    USART1_IRQHandler                        0x08005f19   Thumb Code   138  stm32h7xx_it.o(i.USART1_IRQHandler)
    Uart_TxTask                              0x08005fed   Thumb Code    58  freertos.o(i.Uart_TxTask)
    UsageFault_Handler                       0x08006031   Thumb Code     2  stm32h7xx_it.o(i.UsageFault_Handler)
    main                                     0x08006035   Thumb Code    76  main.o(i.main)
    osDelay                                  0x08006089   Thumb Code    16  cmsis_os.o(i.osDelay)
    osKernelStart                            0x08006099   Thumb Code    10  cmsis_os.o(i.osKernelStart)
    osThreadCreate                           0x080060a3   Thumb Code   108  cmsis_os.o(i.osThreadCreate)
    pvPortMalloc                             0x08006751   Thumb Code   394  heap_4.o(i.pvPortMalloc)
    pxPortInitialiseStack                    0x080068e9   Thumb Code    42  port.o(i.pxPortInitialiseStack)
    uxListRemove                             0x08006919   Thumb Code    38  list.o(i.uxListRemove)
    vApplicationGetIdleTaskMemory            0x08006941   Thumb Code    20  freertos.o(i.vApplicationGetIdleTaskMemory)
    vApplicationGetTimerTaskMemory           0x08006959   Thumb Code    22  freertos.o(i.vApplicationGetTimerTaskMemory)
    vListInitialise                          0x08006975   Thumb Code    22  list.o(i.vListInitialise)
    vListInitialiseItem                      0x0800698b   Thumb Code     6  list.o(i.vListInitialiseItem)
    vListInsert                              0x08006991   Thumb Code    60  list.o(i.vListInsert)
    vListInsertEnd                           0x080069cd   Thumb Code    24  list.o(i.vListInsertEnd)
    vPortEnterCritical                       0x080069e5   Thumb Code    56  port.o(i.vPortEnterCritical)
    vPortExitCritical                        0x08006a25   Thumb Code    38  port.o(i.vPortExitCritical)
    vPortFree                                0x08006a51   Thumb Code   160  heap_4.o(i.vPortFree)
    vPortSetupTimerInterrupt                 0x08006af9   Thumb Code    32  port.o(i.vPortSetupTimerInterrupt)
    vPortValidateInterruptPriority           0x08006b1d   Thumb Code    74  port.o(i.vPortValidateInterruptPriority)
    vQueueAddToRegistry                      0x08006b71   Thumb Code    32  queue.o(i.vQueueAddToRegistry)
    vQueueWaitForMessageRestricted           0x08006b95   Thumb Code    72  queue.o(i.vQueueWaitForMessageRestricted)
    vTaskDelay                               0x08006bdd   Thumb Code    66  tasks.o(i.vTaskDelay)
    vTaskInternalSetTimeOutState             0x08006c29   Thumb Code    12  tasks.o(i.vTaskInternalSetTimeOutState)
    vTaskMissedYield                         0x08006c39   Thumb Code     8  tasks.o(i.vTaskMissedYield)
    vTaskPlaceOnEventList                    0x08006c45   Thumb Code    46  tasks.o(i.vTaskPlaceOnEventList)
    vTaskPlaceOnEventListRestricted          0x08006c79   Thumb Code    54  tasks.o(i.vTaskPlaceOnEventListRestricted)
    vTaskStartScheduler                      0x08006cb5   Thumb Code   124  tasks.o(i.vTaskStartScheduler)
    vTaskSuspendAll                          0x08006d41   Thumb Code    10  tasks.o(i.vTaskSuspendAll)
    vTaskSwitchContext                       0x08006d51   Thumb Code    84  tasks.o(i.vTaskSwitchContext)
    xPortStartScheduler                      0x08006dad   Thumb Code   232  port.o(i.xPortStartScheduler)
    xQueueGenericCreateStatic                0x08006eb1   Thumb Code   176  queue.o(i.xQueueGenericCreateStatic)
    xQueueGenericSend                        0x08006f61   Thumb Code   464  queue.o(i.xQueueGenericSend)
    xQueueGenericSendFromISR                 0x08007135   Thumb Code   282  queue.o(i.xQueueGenericSendFromISR)
    xQueueReceive                            0x08007251   Thumb Code   342  queue.o(i.xQueueReceive)
    xTaskCheckForTimeOut                     0x080073ad   Thumb Code   124  tasks.o(i.xTaskCheckForTimeOut)
    xTaskCreate                              0x0800742d   Thumb Code   182  tasks.o(i.xTaskCreate)
    xTaskCreateStatic                        0x080074e3   Thumb Code   206  tasks.o(i.xTaskCreateStatic)
    xTaskGetSchedulerState                   0x080075b1   Thumb Code    24  tasks.o(i.xTaskGetSchedulerState)
    xTaskGetTickCount                        0x080075cd   Thumb Code     6  tasks.o(i.xTaskGetTickCount)
    xTaskIncrementTick                       0x080075d9   Thumb Code   226  tasks.o(i.xTaskIncrementTick)
    xTaskPriorityDisinherit                  0x080076c5   Thumb Code   156  tasks.o(i.xTaskPriorityDisinherit)
    xTaskRemoveFromEventList                 0x08007769   Thumb Code   106  tasks.o(i.xTaskRemoveFromEventList)
    xTaskResumeAll                           0x080077e1   Thumb Code   426  tasks.o(i.xTaskResumeAll)
    xTimerCreateTimerTask                    0x08007999   Thumb Code   140  timers.o(i.xTimerCreateTimerTask)
    xTimerGenericCommand                     0x08007a45   Thumb Code   116  timers.o(i.xTimerGenericCommand)
    _fp_init                                 0x08007abd   Thumb Code    10  fpinit.o(x$fpl$fpinit)
    __fplib_config_fpu_vfp                   0x08007ac5   Thumb Code     0  fpinit.o(x$fpl$fpinit)
    __fplib_config_pureend_doubles           0x08007ac5   Thumb Code     0  fpinit.o(x$fpl$fpinit)
    UARTPrescTable                           0x08007b08   Data          24  stm32h7xx_hal_uart.o(.constdata)
    D1CorePrescTable                         0x08007b30   Data          16  system_stm32h7xx.o(.constdata)
    Region$$Table$$Base                      0x08007b58   Number         0  anon$$obj.o(Region$$Table)
    Region$$Table$$Limit                     0x08007b78   Number         0  anon$$obj.o(Region$$Table)
    led_state                                0x24000000   Data           1  freertos.o(.data)
    Uart_TaskHandle                          0x24000004   Data           4  freertos.o(.data)
    Run_TaskHandle                           0x24000008   Data           4  freertos.o(.data)
    uwTickFreq                               0x2400000c   Data           1  stm32h7xx_hal.o(.data)
    uwTickPrio                               0x24000010   Data           4  stm32h7xx_hal.o(.data)
    uwTick                                   0x24000014   Data           4  stm32h7xx_hal.o(.data)
    SystemCoreClock                          0x24000018   Data           4  system_stm32h7xx.o(.data)
    SystemD2Clock                            0x2400001c   Data           4  system_stm32h7xx.o(.data)
    pxCurrentTCB                             0x24000020   Data           4  tasks.o(.data)
    List_Map                                 0x2400009c   Data        4392  dwin.o(.bss)
    g_Dwin                                   0x240011c4   Data         644  dwin.o(.bss)
    g_map                                    0x24001448   Data         800  dwin.o(.bss)
    htim3                                    0x24001e10   Data          76  tim.o(.bss)
    htim5                                    0x24001e5c   Data          76  tim.o(.bss)
    Dma_Rx                                   0x24001ea8   Data        1032  usart.o(.bss)
    huart1                                   0x240022b0   Data         144  usart.o(.bss)
    hdma_usart1_rx                           0x24002340   Data         120  usart.o(.bss)
    hdma_usart1_tx                           0x240023b8   Data         120  usart.o(.bss)
    htim2                                    0x24002430   Data          76  stm32h7xx_hal_timebase_tim.o(.bss)
    xQueueRegistry                           0x2400247c   Data         128  queue.o(.bss)
    __libspace_start                         0x24004ed4   Data          96  libspace.o(.bss)
    __temporary_stack_top$libspace           0x24004f34   Data           0  libspace.o(.bss)



==============================================================================

Memory Map of the image

  Image Entry point : 0x08000299

  Load Region LR_IROM1 (Base: 0x08000000, Size: 0x00007c14, Max: 0x00200000, ABSOLUTE)

    Execution Region ER_IROM1 (Exec base: 0x08000000, Load base: 0x08000000, Size: 0x00007b78, Max: 0x00200000, ABSOLUTE)

    Exec Addr    Load Addr    Size         Type   Attr      Idx    E Section Name        Object

    0x08000000   0x08000000   0x00000298   Data   RO            3    RESET               startup_stm32h743xx.o
    0x08000298   0x08000298   0x00000008   Code   RO         5886  * !!!main             c_w.l(__main.o)
    0x080002a0   0x080002a0   0x00000034   Code   RO         6223    !!!scatter          c_w.l(__scatter.o)
    0x080002d4   0x080002d4   0x0000001a   Code   RO         6225    !!handler_copy      c_w.l(__scatter_copy.o)
    0x080002ee   0x080002ee   0x00000002   PAD
    0x080002f0   0x080002f0   0x0000001c   Code   RO         6227    !!handler_zi        c_w.l(__scatter_zi.o)
    0x0800030c   0x0800030c   0x00000002   Code   RO         6083    .ARM.Collect$$libinit$$00000000  c_w.l(libinit.o)
    0x0800030e   0x0800030e   0x00000004   Code   RO         6105    .ARM.Collect$$libinit$$00000001  c_w.l(libinit2.o)
    0x08000312   0x08000312   0x00000000   Code   RO         6108    .ARM.Collect$$libinit$$00000004  c_w.l(libinit2.o)
    0x08000312   0x08000312   0x00000000   Code   RO         6111    .ARM.Collect$$libinit$$0000000A  c_w.l(libinit2.o)
    0x08000312   0x08000312   0x00000000   Code   RO         6113    .ARM.Collect$$libinit$$0000000C  c_w.l(libinit2.o)
    0x08000312   0x08000312   0x00000000   Code   RO         6115    .ARM.Collect$$libinit$$0000000E  c_w.l(libinit2.o)
    0x08000312   0x08000312   0x00000000   Code   RO         6118    .ARM.Collect$$libinit$$00000011  c_w.l(libinit2.o)
    0x08000312   0x08000312   0x00000000   Code   RO         6120    .ARM.Collect$$libinit$$00000013  c_w.l(libinit2.o)
    0x08000312   0x08000312   0x00000000   Code   RO         6122    .ARM.Collect$$libinit$$00000015  c_w.l(libinit2.o)
    0x08000312   0x08000312   0x00000000   Code   RO         6124    .ARM.Collect$$libinit$$00000017  c_w.l(libinit2.o)
    0x08000312   0x08000312   0x00000000   Code   RO         6126    .ARM.Collect$$libinit$$00000019  c_w.l(libinit2.o)
    0x08000312   0x08000312   0x00000000   Code   RO         6128    .ARM.Collect$$libinit$$0000001B  c_w.l(libinit2.o)
    0x08000312   0x08000312   0x00000000   Code   RO         6130    .ARM.Collect$$libinit$$0000001D  c_w.l(libinit2.o)
    0x08000312   0x08000312   0x00000000   Code   RO         6132    .ARM.Collect$$libinit$$0000001F  c_w.l(libinit2.o)
    0x08000312   0x08000312   0x00000000   Code   RO         6134    .ARM.Collect$$libinit$$00000021  c_w.l(libinit2.o)
    0x08000312   0x08000312   0x00000000   Code   RO         6136    .ARM.Collect$$libinit$$00000023  c_w.l(libinit2.o)
    0x08000312   0x08000312   0x00000000   Code   RO         6138    .ARM.Collect$$libinit$$00000025  c_w.l(libinit2.o)
    0x08000312   0x08000312   0x00000000   Code   RO         6142    .ARM.Collect$$libinit$$0000002C  c_w.l(libinit2.o)
    0x08000312   0x08000312   0x00000000   Code   RO         6144    .ARM.Collect$$libinit$$0000002E  c_w.l(libinit2.o)
    0x08000312   0x08000312   0x00000000   Code   RO         6146    .ARM.Collect$$libinit$$00000030  c_w.l(libinit2.o)
    0x08000312   0x08000312   0x00000000   Code   RO         6148    .ARM.Collect$$libinit$$00000032  c_w.l(libinit2.o)
    0x08000312   0x08000312   0x00000002   Code   RO         6149    .ARM.Collect$$libinit$$00000033  c_w.l(libinit2.o)
    0x08000314   0x08000314   0x00000002   Code   RO         6180    .ARM.Collect$$libshutdown$$00000000  c_w.l(libshutdown.o)
    0x08000316   0x08000316   0x00000000   Code   RO         6206    .ARM.Collect$$libshutdown$$00000002  c_w.l(libshutdown2.o)
    0x08000316   0x08000316   0x00000000   Code   RO         6208    .ARM.Collect$$libshutdown$$00000004  c_w.l(libshutdown2.o)
    0x08000316   0x08000316   0x00000000   Code   RO         6211    .ARM.Collect$$libshutdown$$00000007  c_w.l(libshutdown2.o)
    0x08000316   0x08000316   0x00000000   Code   RO         6214    .ARM.Collect$$libshutdown$$0000000A  c_w.l(libshutdown2.o)
    0x08000316   0x08000316   0x00000000   Code   RO         6216    .ARM.Collect$$libshutdown$$0000000C  c_w.l(libshutdown2.o)
    0x08000316   0x08000316   0x00000000   Code   RO         6219    .ARM.Collect$$libshutdown$$0000000F  c_w.l(libshutdown2.o)
    0x08000316   0x08000316   0x00000002   Code   RO         6220    .ARM.Collect$$libshutdown$$00000010  c_w.l(libshutdown2.o)
    0x08000318   0x08000318   0x00000000   Code   RO         5888    .ARM.Collect$$rtentry$$00000000  c_w.l(__rtentry.o)
    0x08000318   0x08000318   0x00000000   Code   RO         5999    .ARM.Collect$$rtentry$$00000002  c_w.l(__rtentry2.o)
    0x08000318   0x08000318   0x00000006   Code   RO         6011    .ARM.Collect$$rtentry$$00000004  c_w.l(__rtentry4.o)
    0x0800031e   0x0800031e   0x00000000   Code   RO         6001    .ARM.Collect$$rtentry$$00000009  c_w.l(__rtentry2.o)
    0x0800031e   0x0800031e   0x00000004   Code   RO         6002    .ARM.Collect$$rtentry$$0000000A  c_w.l(__rtentry2.o)
    0x08000322   0x08000322   0x00000000   Code   RO         6004    .ARM.Collect$$rtentry$$0000000C  c_w.l(__rtentry2.o)
    0x08000322   0x08000322   0x00000008   Code   RO         6005    .ARM.Collect$$rtentry$$0000000D  c_w.l(__rtentry2.o)
    0x0800032a   0x0800032a   0x00000002   Code   RO         6092    .ARM.Collect$$rtexit$$00000000  c_w.l(rtexit.o)
    0x0800032c   0x0800032c   0x00000000   Code   RO         6153    .ARM.Collect$$rtexit$$00000002  c_w.l(rtexit2.o)
    0x0800032c   0x0800032c   0x00000004   Code   RO         6154    .ARM.Collect$$rtexit$$00000003  c_w.l(rtexit2.o)
    0x08000330   0x08000330   0x00000006   Code   RO         6155    .ARM.Collect$$rtexit$$00000004  c_w.l(rtexit2.o)
    0x08000336   0x08000336   0x00000002   PAD
    0x08000338   0x08000338   0x000000be   Code   RO         5795    .emb_text           port.o
    0x080003f6   0x080003f6   0x00000002   PAD
    0x080003f8   0x080003f8   0x00000040   Code   RO            4    .text               startup_stm32h743xx.o
    0x08000438   0x08000438   0x000000ee   Code   RO         5874    .text               c_w.l(lludivv7m.o)
    0x08000526   0x08000526   0x0000008a   Code   RO         5878    .text               c_w.l(rt_memcpy_v6.o)
    0x080005b0   0x080005b0   0x0000004e   Code   RO         5882    .text               c_w.l(rt_memclr_w.o)
    0x080005fe   0x080005fe   0x00000006   Code   RO         5884    .text               c_w.l(heapauxi.o)
    0x08000604   0x08000604   0x00000064   Code   RO         5986    .text               c_w.l(rt_memcpy_w.o)
    0x08000668   0x08000668   0x0000004a   Code   RO         6033    .text               c_w.l(sys_stackheap_outer.o)
    0x080006b2   0x080006b2   0x00000012   Code   RO         6072    .text               c_w.l(exit.o)
    0x080006c4   0x080006c4   0x00000008   Code   RO         6089    .text               c_w.l(libspace.o)
    0x080006cc   0x080006cc   0x0000000c   Code   RO         6150    .text               c_w.l(sys_exit.o)
    0x080006d8   0x080006d8   0x00000002   Code   RO         6169    .text               c_w.l(use_no_semi.o)
    0x080006da   0x080006da   0x00000000   Code   RO         6171    .text               c_w.l(indicate_semi.o)
    0x080006da   0x080006da   0x00000002   Code   RO          619    i.BusFault_Handler  stm32h7xx_it.o
    0x080006dc   0x080006dc   0x0000000c   Code   RO          620    i.DMA1_Stream0_IRQHandler  stm32h7xx_it.o
    0x080006e8   0x080006e8   0x0000000c   Code   RO          621    i.DMA1_Stream1_IRQHandler  stm32h7xx_it.o
    0x080006f4   0x080006f4   0x000000dc   Code   RO         1533    i.DMA_CalcBaseAndBitshift  stm32h7xx_hal_dma.o
    0x080007d0   0x080007d0   0x00000234   Code   RO         1534    i.DMA_SetConfig     stm32h7xx_hal_dma.o
    0x08000a04   0x08000a04   0x00000002   Code   RO          622    i.DebugMon_Handler  stm32h7xx_it.o
    0x08000a06   0x08000a06   0x00000004   Code   RO          334    i.Error_Handler     main.o
    0x08000a0a   0x08000a0a   0x00000002   PAD
    0x08000a0c   0x08000a0c   0x00000358   Code   RO         1535    i.HAL_DMA_Abort     stm32h7xx_hal_dma.o
    0x08000d64   0x08000d64   0x0000026c   Code   RO         1536    i.HAL_DMA_Abort_IT  stm32h7xx_hal_dma.o
    0x08000fd0   0x08000fd0   0x00000004   Code   RO         1538    i.HAL_DMA_GetError  stm32h7xx_hal_dma.o
    0x08000fd4   0x08000fd4   0x0000074c   Code   RO         1540    i.HAL_DMA_IRQHandler  stm32h7xx_hal_dma.o
    0x08001720   0x08001720   0x00000538   Code   RO         1541    i.HAL_DMA_Init      stm32h7xx_hal_dma.o
    0x08001c58   0x08001c58   0x00000298   Code   RO         1545    i.HAL_DMA_Start_IT  stm32h7xx_hal_dma.o
    0x08001ef0   0x08001ef0   0x0000022c   Code   RO         1386    i.HAL_GPIO_Init     stm32h7xx_hal_gpio.o
    0x0800211c   0x0800211c   0x0000000a   Code   RO         1390    i.HAL_GPIO_WritePin  stm32h7xx_hal_gpio.o
    0x08002126   0x08002126   0x00000002   PAD
    0x08002128   0x08002128   0x0000000c   Code   RO         2233    i.HAL_GetREVID      stm32h7xx_hal.o
    0x08002134   0x08002134   0x0000000c   Code   RO         2234    i.HAL_GetTick       stm32h7xx_hal.o
    0x08002140   0x08002140   0x00000010   Code   RO         2240    i.HAL_IncTick       stm32h7xx_hal.o
    0x08002150   0x08002150   0x0000005c   Code   RO         2241    i.HAL_Init          stm32h7xx_hal.o
    0x080021ac   0x080021ac   0x00000090   Code   RO          737    i.HAL_InitTick      stm32h7xx_hal_timebase_tim.o
    0x0800223c   0x0800223c   0x00000024   Code   RO          713    i.HAL_MspInit       stm32h7xx_hal_msp.o
    0x08002260   0x08002260   0x0000001e   Code   RO          782    i.HAL_NVIC_EnableIRQ  stm32h7xx_hal_cortex.o
    0x0800227e   0x0800227e   0x00000002   PAD
    0x08002280   0x08002280   0x00000060   Code   RO          788    i.HAL_NVIC_SetPriority  stm32h7xx_hal_cortex.o
    0x080022e0   0x080022e0   0x00000024   Code   RO          789    i.HAL_NVIC_SetPriorityGrouping  stm32h7xx_hal_cortex.o
    0x08002304   0x08002304   0x0000005c   Code   RO         1962    i.HAL_PWREx_ConfigSupply  stm32h7xx_hal_pwr_ex.o
    0x08002360   0x08002360   0x00000024   Code   RO         1028    i.HAL_RCCEx_GetD3PCLK1Freq  stm32h7xx_hal_rcc_ex.o
    0x08002384   0x08002384   0x000001ac   Code   RO         1030    i.HAL_RCCEx_GetPLL2ClockFreq  stm32h7xx_hal_rcc_ex.o
    0x08002530   0x08002530   0x000001ac   Code   RO         1031    i.HAL_RCCEx_GetPLL3ClockFreq  stm32h7xx_hal_rcc_ex.o
    0x080026dc   0x080026dc   0x00000990   Code   RO         1037    i.HAL_RCCEx_PeriphCLKConfig  stm32h7xx_hal_rcc_ex.o
    0x0800306c   0x0800306c   0x00000294   Code   RO          913    i.HAL_RCC_ClockConfig  stm32h7xx_hal_rcc.o
    0x08003300   0x08003300   0x0000006c   Code   RO          917    i.HAL_RCC_GetClockConfig  stm32h7xx_hal_rcc.o
    0x0800336c   0x0800336c   0x00000048   Code   RO          918    i.HAL_RCC_GetHCLKFreq  stm32h7xx_hal_rcc.o
    0x080033b4   0x080033b4   0x0000005c   Code   RO          920    i.HAL_RCC_GetPCLK1Freq  stm32h7xx_hal_rcc.o
    0x08003410   0x08003410   0x0000005c   Code   RO          921    i.HAL_RCC_GetPCLK2Freq  stm32h7xx_hal_rcc.o
    0x0800346c   0x0800346c   0x000001a8   Code   RO          922    i.HAL_RCC_GetSysClockFreq  stm32h7xx_hal_rcc.o
    0x08003614   0x08003614   0x000005e0   Code   RO          925    i.HAL_RCC_OscConfig  stm32h7xx_hal_rcc.o
    0x08003bf4   0x08003bf4   0x00000002   Code   RO         3739    i.HAL_TIMEx_Break2Callback  stm32h7xx_hal_tim_ex.o
    0x08003bf6   0x08003bf6   0x00000002   Code   RO         3740    i.HAL_TIMEx_BreakCallback  stm32h7xx_hal_tim_ex.o
    0x08003bf8   0x08003bf8   0x00000002   Code   RO         3741    i.HAL_TIMEx_CommutCallback  stm32h7xx_hal_tim_ex.o
    0x08003bfa   0x08003bfa   0x00000002   PAD
    0x08003bfc   0x08003bfc   0x0000009c   Code   RO         3761    i.HAL_TIMEx_MasterConfigSynchronization  stm32h7xx_hal_tim_ex.o
    0x08003c98   0x08003c98   0x00000062   Code   RO         3072    i.HAL_TIM_Base_Init  stm32h7xx_hal_tim.o
    0x08003cfa   0x08003cfa   0x00000002   PAD
    0x08003cfc   0x08003cfc   0x000000f4   Code   RO          500    i.HAL_TIM_Base_MspInit  tim.o
    0x08003df0   0x08003df0   0x00000080   Code   RO         3077    i.HAL_TIM_Base_Start_IT  stm32h7xx_hal_tim.o
    0x08003e70   0x08003e70   0x000001b6   Code   RO         3081    i.HAL_TIM_ConfigClockSource  stm32h7xx_hal_tim.o
    0x08004026   0x08004026   0x00000002   PAD
    0x08004028   0x08004028   0x00000074   Code   RO          501    i.HAL_TIM_IC_CaptureCallback  tim.o
    0x0800409c   0x0800409c   0x000001d0   Code   RO         3108    i.HAL_TIM_IC_ConfigChannel  stm32h7xx_hal_tim.o
    0x0800426c   0x0800426c   0x00000062   Code   RO         3111    i.HAL_TIM_IC_Init   stm32h7xx_hal_tim.o
    0x080042ce   0x080042ce   0x00000002   Code   RO         3113    i.HAL_TIM_IC_MspInit  stm32h7xx_hal_tim.o
    0x080042d0   0x080042d0   0x00000140   Code   RO         3116    i.HAL_TIM_IC_Start_IT  stm32h7xx_hal_tim.o
    0x08004410   0x08004410   0x00000188   Code   RO         3120    i.HAL_TIM_IRQHandler  stm32h7xx_hal_tim.o
    0x08004598   0x08004598   0x00000002   Code   RO         3123    i.HAL_TIM_OC_DelayElapsedCallback  stm32h7xx_hal_tim.o
    0x0800459a   0x0800459a   0x00000002   Code   RO         3150    i.HAL_TIM_PWM_PulseFinishedCallback  stm32h7xx_hal_tim.o
    0x0800459c   0x0800459c   0x00000070   Code   RO          335    i.HAL_TIM_PeriodElapsedCallback  main.o
    0x0800460c   0x0800460c   0x0000002e   Code   RO         3160    i.HAL_TIM_ReadCapturedValue  stm32h7xx_hal_tim.o
    0x0800463a   0x0800463a   0x00000002   Code   RO         3163    i.HAL_TIM_TriggerCallback  stm32h7xx_hal_tim.o
    0x0800463c   0x0800463c   0x00000048   Code   RO         4433    i.HAL_UARTEx_DisableFifoMode  stm32h7xx_hal_uart_ex.o
    0x08004684   0x08004684   0x00000002   Code   RO          560    i.HAL_UARTEx_RxEventCallback  usart.o
    0x08004686   0x08004686   0x00000002   Code   RO         4440    i.HAL_UARTEx_RxFifoFullCallback  stm32h7xx_hal_uart_ex.o
    0x08004688   0x08004688   0x0000008c   Code   RO         4441    i.HAL_UARTEx_SetRxFifoThreshold  stm32h7xx_hal_uart_ex.o
    0x08004714   0x08004714   0x0000008c   Code   RO         4442    i.HAL_UARTEx_SetTxFifoThreshold  stm32h7xx_hal_uart_ex.o
    0x080047a0   0x080047a0   0x00000002   Code   RO         4444    i.HAL_UARTEx_TxFifoEmptyCallback  stm32h7xx_hal_uart_ex.o
    0x080047a2   0x080047a2   0x00000002   Code   RO         4445    i.HAL_UARTEx_WakeupCallback  stm32h7xx_hal_uart_ex.o
    0x080047a4   0x080047a4   0x000000c2   Code   RO         4046    i.HAL_UART_DMAStop  stm32h7xx_hal_uart.o
    0x08004866   0x08004866   0x00000002   Code   RO         4050    i.HAL_UART_ErrorCallback  stm32h7xx_hal_uart.o
    0x08004868   0x08004868   0x000003bc   Code   RO         4053    i.HAL_UART_IRQHandler  stm32h7xx_hal_uart.o
    0x08004c24   0x08004c24   0x0000006e   Code   RO         4054    i.HAL_UART_Init     stm32h7xx_hal_uart.o
    0x08004c92   0x08004c92   0x00000002   PAD
    0x08004c94   0x08004c94   0x00000118   Code   RO          562    i.HAL_UART_MspInit  usart.o
    0x08004dac   0x08004dac   0x000000d0   Code   RO         4058    i.HAL_UART_Receive_DMA  stm32h7xx_hal_uart.o
    0x08004e7c   0x08004e7c   0x00000002   Code   RO          563    i.HAL_UART_RxCpltCallback  usart.o
    0x08004e7e   0x08004e7e   0x00000002   Code   RO         4062    i.HAL_UART_RxHalfCpltCallback  stm32h7xx_hal_uart.o
    0x08004e80   0x08004e80   0x000000a4   Code   RO         4064    i.HAL_UART_Transmit_DMA  stm32h7xx_hal_uart.o
    0x08004f24   0x08004f24   0x00000002   Code   RO         4066    i.HAL_UART_TxCpltCallback  stm32h7xx_hal_uart.o
    0x08004f26   0x08004f26   0x00000002   Code   RO         4067    i.HAL_UART_TxHalfCpltCallback  stm32h7xx_hal_uart.o
    0x08004f28   0x08004f28   0x00000002   Code   RO          623    i.HardFault_Handler  stm32h7xx_it.o
    0x08004f2a   0x08004f2a   0x00000002   PAD
    0x08004f2c   0x08004f2c   0x00000028   Code   RO          413    i.Led_Task          freertos.o
    0x08004f54   0x08004f54   0x0000003c   Code   RO          475    i.MX_DMA_Init       dma.o
    0x08004f90   0x08004f90   0x00000040   Code   RO          414    i.MX_FREERTOS_Init  freertos.o
    0x08004fd0   0x08004fd0   0x00000080   Code   RO          389    i.MX_GPIO_Init      gpio.o
    0x08005050   0x08005050   0x000000dc   Code   RO          502    i.MX_TIM3_Init      tim.o
    0x0800512c   0x0800512c   0x00000074   Code   RO          503    i.MX_TIM5_Init      tim.o
    0x080051a0   0x080051a0   0x00000088   Code   RO          564    i.MX_USART1_UART_Init  usart.o
    0x08005228   0x08005228   0x00000002   Code   RO          624    i.MemManage_Handler  stm32h7xx_it.o
    0x0800522a   0x0800522a   0x00000002   Code   RO          625    i.NMI_Handler       stm32h7xx_it.o
    0x0800522c   0x0800522c   0x00000144   Code   RO         1040    i.RCCEx_PLL2_Config  stm32h7xx_hal_rcc_ex.o
    0x08005370   0x08005370   0x00000144   Code   RO         1041    i.RCCEx_PLL3_Config  stm32h7xx_hal_rcc_ex.o
    0x080054b4   0x080054b4   0x00000070   Code   RO          504    i.Save_CounterValue  tim.o
    0x08005524   0x08005524   0x0000002c   Code   RO         5796    i.SysTick_Handler   port.o
    0x08005550   0x08005550   0x000000b0   Code   RO          336    i.SystemClock_Config  main.o
    0x08005600   0x08005600   0x0000010c   Code   RO         4541    i.SystemInit        system_stm32h7xx.o
    0x0800570c   0x0800570c   0x0000000c   Code   RO          626    i.TIM2_IRQHandler   stm32h7xx_it.o
    0x08005718   0x08005718   0x0000000c   Code   RO          627    i.TIM3_IRQHandler   stm32h7xx_it.o
    0x08005724   0x08005724   0x0000000c   Code   RO          628    i.TIM5_IRQHandler   stm32h7xx_it.o
    0x08005730   0x08005730   0x000000c4   Code   RO         3165    i.TIM_Base_SetConfig  stm32h7xx_hal_tim.o
    0x080057f4   0x080057f4   0x000000da   Code   RO         4068    i.UART_AdvFeatureConfig  stm32h7xx_hal_uart.o
    0x080058ce   0x080058ce   0x00000064   Code   RO         4069    i.UART_CheckIdleState  stm32h7xx_hal_uart.o
    0x08005932   0x08005932   0x00000014   Code   RO         4070    i.UART_DMAAbortOnError  stm32h7xx_hal_uart.o
    0x08005946   0x08005946   0x0000009a   Code   RO         4071    i.UART_DMAError     stm32h7xx_hal_uart.o
    0x080059e0   0x080059e0   0x0000005c   Code   RO         4072    i.UART_DMAReceiveCplt  stm32h7xx_hal_uart.o
    0x08005a3c   0x08005a3c   0x0000001c   Code   RO         4074    i.UART_DMARxHalfCplt  stm32h7xx_hal_uart.o
    0x08005a58   0x08005a58   0x0000002e   Code   RO         4076    i.UART_DMATransmitCplt  stm32h7xx_hal_uart.o
    0x08005a86   0x08005a86   0x0000000a   Code   RO         4078    i.UART_DMATxHalfCplt  stm32h7xx_hal_uart.o
    0x08005a90   0x08005a90   0x000003c4   Code   RO         4084    i.UART_SetConfig    stm32h7xx_hal_uart.o
    0x08005e54   0x08005e54   0x000000c2   Code   RO         4091    i.UART_WaitOnFlagUntilTimeout  stm32h7xx_hal_uart.o
    0x08005f16   0x08005f16   0x00000002   PAD
    0x08005f18   0x08005f18   0x000000d4   Code   RO          629    i.USART1_IRQHandler  stm32h7xx_it.o
    0x08005fec   0x08005fec   0x00000044   Code   RO          415    i.Uart_TxTask       freertos.o
    0x08006030   0x08006030   0x00000002   Code   RO          630    i.UsageFault_Handler  stm32h7xx_it.o
    0x08006032   0x08006032   0x00000002   PAD
    0x08006034   0x08006034   0x00000054   Code   RO          337    i.main              main.o
    0x08006088   0x08006088   0x00000010   Code   RO         5400    i.osDelay           cmsis_os.o
    0x08006098   0x08006098   0x0000000a   Code   RO         5403    i.osKernelStart     cmsis_os.o
    0x080060a2   0x080060a2   0x0000006c   Code   RO         5437    i.osThreadCreate    cmsis_os.o
    0x0800610e   0x0800610e   0x00000002   PAD
    0x08006110   0x08006110   0x00000074   Code   RO         4994    i.prvAddCurrentTaskToDelayedList  tasks.o
    0x08006184   0x08006184   0x000000e4   Code   RO         4995    i.prvAddNewTaskToReadyList  tasks.o
    0x08006268   0x08006268   0x0000008c   Code   RO         4996    i.prvIdleTask       tasks.o
    0x080062f4   0x080062f4   0x000000d0   Code   RO         5285    i.prvSampleTimeNow  timers.o
    0x080063c4   0x080063c4   0x0000002c   Code   RO         5797    i.prvTaskExitError  port.o
    0x080063f0   0x080063f0   0x000002f4   Code   RO         5286    i.prvTimerTask      timers.o
    0x080066e4   0x080066e4   0x0000006c   Code   RO         4712    i.prvUnlockQueue    queue.o
    0x08006750   0x08006750   0x00000198   Code   RO         5750    i.pvPortMalloc      heap_4.o
    0x080068e8   0x080068e8   0x00000030   Code   RO         5798    i.pxPortInitialiseStack  port.o
    0x08006918   0x08006918   0x00000026   Code   RO         4672    i.uxListRemove      list.o
    0x0800693e   0x0800693e   0x00000002   PAD
    0x08006940   0x08006940   0x00000018   Code   RO          416    i.vApplicationGetIdleTaskMemory  freertos.o
    0x08006958   0x08006958   0x0000001c   Code   RO          417    i.vApplicationGetTimerTaskMemory  freertos.o
    0x08006974   0x08006974   0x00000016   Code   RO         4673    i.vListInitialise   list.o
    0x0800698a   0x0800698a   0x00000006   Code   RO         4674    i.vListInitialiseItem  list.o
    0x08006990   0x08006990   0x0000003c   Code   RO         4675    i.vListInsert       list.o
    0x080069cc   0x080069cc   0x00000018   Code   RO         4676    i.vListInsertEnd    list.o
    0x080069e4   0x080069e4   0x00000040   Code   RO         5800    i.vPortEnterCritical  port.o
    0x08006a24   0x08006a24   0x0000002c   Code   RO         5801    i.vPortExitCritical  port.o
    0x08006a50   0x08006a50   0x000000a8   Code   RO         5751    i.vPortFree         heap_4.o
    0x08006af8   0x08006af8   0x00000024   Code   RO         5802    i.vPortSetupTimerInterrupt  port.o
    0x08006b1c   0x08006b1c   0x00000054   Code   RO         5803    i.vPortValidateInterruptPriority  port.o
    0x08006b70   0x08006b70   0x00000024   Code   RO         4716    i.vQueueAddToRegistry  queue.o
    0x08006b94   0x08006b94   0x00000048   Code   RO         4719    i.vQueueWaitForMessageRestricted  queue.o
    0x08006bdc   0x08006bdc   0x0000004c   Code   RO         5004    i.vTaskDelay        tasks.o
    0x08006c28   0x08006c28   0x00000010   Code   RO         5007    i.vTaskInternalSetTimeOutState  tasks.o
    0x08006c38   0x08006c38   0x0000000c   Code   RO         5008    i.vTaskMissedYield  tasks.o
    0x08006c44   0x08006c44   0x00000034   Code   RO         5010    i.vTaskPlaceOnEventList  tasks.o
    0x08006c78   0x08006c78   0x0000003c   Code   RO         5011    i.vTaskPlaceOnEventListRestricted  tasks.o
    0x08006cb4   0x08006cb4   0x0000008c   Code   RO         5018    i.vTaskStartScheduler  tasks.o
    0x08006d40   0x08006d40   0x00000010   Code   RO         5020    i.vTaskSuspendAll   tasks.o
    0x08006d50   0x08006d50   0x0000005c   Code   RO         5021    i.vTaskSwitchContext  tasks.o
    0x08006dac   0x08006dac   0x00000104   Code   RO         5804    i.xPortStartScheduler  port.o
    0x08006eb0   0x08006eb0   0x000000b0   Code   RO         4723    i.xQueueGenericCreateStatic  queue.o
    0x08006f60   0x08006f60   0x000001d4   Code   RO         4725    i.xQueueGenericSend  queue.o
    0x08007134   0x08007134   0x0000011a   Code   RO         4726    i.xQueueGenericSendFromISR  queue.o
    0x0800724e   0x0800724e   0x00000002   PAD
    0x08007250   0x08007250   0x0000015c   Code   RO         4732    i.xQueueReceive     queue.o
    0x080073ac   0x080073ac   0x00000080   Code   RO         5023    i.xTaskCheckForTimeOut  tasks.o
    0x0800742c   0x0800742c   0x000000b6   Code   RO         5024    i.xTaskCreate       tasks.o
    0x080074e2   0x080074e2   0x000000ce   Code   RO         5025    i.xTaskCreateStatic  tasks.o
    0x080075b0   0x080075b0   0x0000001c   Code   RO         5029    i.xTaskGetSchedulerState  tasks.o
    0x080075cc   0x080075cc   0x0000000c   Code   RO         5030    i.xTaskGetTickCount  tasks.o
    0x080075d8   0x080075d8   0x000000ec   Code   RO         5032    i.xTaskIncrementTick  tasks.o
    0x080076c4   0x080076c4   0x000000a4   Code   RO         5035    i.xTaskPriorityDisinherit  tasks.o
    0x08007768   0x08007768   0x00000078   Code   RO         5037    i.xTaskRemoveFromEventList  tasks.o
    0x080077e0   0x080077e0   0x000001b8   Code   RO         5038    i.xTaskResumeAll    tasks.o
    0x08007998   0x08007998   0x000000ac   Code   RO         5293    i.xTimerCreateTimerTask  timers.o
    0x08007a44   0x08007a44   0x00000078   Code   RO         5294    i.xTimerGenericCommand  timers.o
    0x08007abc   0x08007abc   0x0000000a   Code   RO         6165    x$fpl$fpinit        fz_wv.l(fpinit.o)
    0x08007ac6   0x08007ac6   0x00000002   PAD
    0x08007ac8   0x08007ac8   0x00000038   Data   RO          419    .constdata          freertos.o
    0x08007b00   0x08007b00   0x00000008   Data   RO         1547    .constdata          stm32h7xx_hal_dma.o
    0x08007b08   0x08007b08   0x00000018   Data   RO         4092    .constdata          stm32h7xx_hal_uart.o
    0x08007b20   0x08007b20   0x00000010   Data   RO         4446    .constdata          stm32h7xx_hal_uart_ex.o
    0x08007b30   0x08007b30   0x00000010   Data   RO         4542    .constdata          system_stm32h7xx.o
    0x08007b40   0x08007b40   0x00000016   Data   RO          420    .conststring        freertos.o
    0x08007b56   0x08007b56   0x00000002   PAD
    0x08007b58   0x08007b58   0x00000020   Data   RO         6221    Region$$Table       anon$$obj.o


    Execution Region RW_IRAM1 (Exec base: 0x20000000, Load base: 0x08007b78, Size: 0x00000000, Max: 0x00020000, ABSOLUTE)

    **** No section assigned to this execution region ****


    Execution Region RW_IRAM2 (Exec base: 0x24000000, Load base: 0x08007b78, Size: 0x00007138, Max: 0x00080000, ABSOLUTE)

    Exec Addr    Load Addr    Size         Type   Attr      Idx    E Section Name        Object

    0x24000000   0x08007b78   0x0000000c   Data   RW          421    .data               freertos.o
    0x2400000c   0x08007b84   0x0000000c   Data   RW         2263    .data               stm32h7xx_hal.o
    0x24000018   0x08007b90   0x00000008   Data   RW         4543    .data               system_stm32h7xx.o
    0x24000020   0x08007b98   0x0000003c   Data   RW         5041    .data               tasks.o
    0x2400005c   0x08007bd4   0x00000014   Data   RW         5300    .data               timers.o
    0x24000070   0x08007be8   0x00000020   Data   RW         5757    .data               heap_4.o
    0x24000090   0x08007c08   0x0000000c   Data   RW         5805    .data               port.o
    0x2400009c        -       0x000016cc   Zero   RW           33    .bss                dwin.o
    0x24001768        -       0x000006a8   Zero   RW          418    .bss                freertos.o
    0x24001e10        -       0x00000098   Zero   RW          505    .bss                tim.o
    0x24001ea8        -       0x00000588   Zero   RW          565    .bss                usart.o
    0x24002430        -       0x0000004c   Zero   RW          740    .bss                stm32h7xx_hal_timebase_tim.o
    0x2400247c        -       0x00000080   Zero   RW         4735    .bss                queue.o
    0x240024fc        -       0x000000f0   Zero   RW         5040    .bss                tasks.o
    0x240025ec        -       0x000000e8   Zero   RW         5299    .bss                timers.o
    0x240026d4        -       0x00002800   Zero   RW         5756    .bss                heap_4.o
    0x24004ed4        -       0x00000060   Zero   RW         6090    .bss                c_w.l(libspace.o)
    0x24004f34   0x08007c14   0x00000004   PAD
    0x24004f38        -       0x00000200   Zero   RW            2    HEAP                startup_stm32h743xx.o
    0x24005138        -       0x00002000   Zero   RW            1    STACK               startup_stm32h743xx.o


==============================================================================

Image component sizes


      Code (inc. data)   RO Data    RW Data    ZI Data      Debug   Object Name

       134          0          0          0          0      23557   cmsis_os.o
        60          4          0          0          0        926   dma.o
         0          0          0          0       5836    1306254   dwin.o
         0          0          0          0          0      20052   event_groups.o
       224         40         78         12       1704       4116   freertos.o
       128          8          0          0          0       1083   gpio.o
       576         22          0         32      10240       4383   heap_4.o
       150          0          0          0          0       3874   list.o
       376         22          0          0          0       2970   main.o
       814         90          0         12          0      12381   port.o
      1490         14          0          0        128      15620   queue.o
        64         26        664          0       8704        872   startup_stm32h743xx.o
       132         30          0         12          0      22289   stm32h7xx_hal.o
       162         10          0          0          0      38366   stm32h7xx_hal_cortex.o
      6132        770          8          0          0      11189   stm32h7xx_hal_dma.o
       566         10          0          0          0       2636   stm32h7xx_hal_gpio.o
        36          4          0          0          0        970   stm32h7xx_hal_msp.o
        92          8          0          0          0        829   stm32h7xx_hal_pwr_ex.o
      2952        204          0          0          0       8573   stm32h7xx_hal_rcc.o
      3988        188          0          0          0       8145   stm32h7xx_hal_rcc_ex.o
      2188         50          0          0          0      13996   stm32h7xx_hal_tim.o
       162          8          0          0          0       3324   stm32h7xx_hal_tim_ex.o
       144         18          0          0         76       1711   stm32h7xx_hal_timebase_tim.o
      3466        174         24          0          0      36778   stm32h7xx_hal_uart.o
       358         12         16          0          0       5466   stm32h7xx_hal_uart_ex.o
       284        104          0          0          0       6031   stm32h7xx_it.o
         0          0          0          0          0        392   stream_buffer.o
       268         60         16          8          0       1630   system_stm32h7xx.o
      2464        178          0         60        240      27358   tasks.o
       808         68          0          0        152       4292   tim.o
      1256         60          0         20        232      30171   timers.o
       420         42          0          0       1416       3826   usart.o

    ----------------------------------------------------------------------
     29922       2224        840        156      28728    1624060   Object Totals
         0          0         32          0          0          0   (incl. Generated)
        28          0          2          0          0          0   (incl. Padding)

    ----------------------------------------------------------------------

      Code (inc. data)   RO Data    RW Data    ZI Data      Debug   Library Member Name

         8          0          0          0          0         68   __main.o
         0          0          0          0          0          0   __rtentry.o
        12          0          0          0          0          0   __rtentry2.o
         6          0          0          0          0          0   __rtentry4.o
        52          8          0          0          0          0   __scatter.o
        26          0          0          0          0          0   __scatter_copy.o
        28          0          0          0          0          0   __scatter_zi.o
        18          0          0          0          0         80   exit.o
         6          0          0          0          0        152   heapauxi.o
         0          0          0          0          0          0   indicate_semi.o
         2          0          0          0          0          0   libinit.o
         6          0          0          0          0          0   libinit2.o
         2          0          0          0          0          0   libshutdown.o
         2          0          0          0          0          0   libshutdown2.o
         8          4          0          0         96         68   libspace.o
       238          0          0          0          0        100   lludivv7m.o
        78          0          0          0          0         80   rt_memclr_w.o
       138          0          0          0          0         68   rt_memcpy_v6.o
       100          0          0          0          0         80   rt_memcpy_w.o
         2          0          0          0          0          0   rtexit.o
        10          0          0          0          0          0   rtexit2.o
        12          4          0          0          0         68   sys_exit.o
        74          0          0          0          0         80   sys_stackheap_outer.o
         2          0          0          0          0         68   use_no_semi.o
        10          0          0          0          0        116   fpinit.o

    ----------------------------------------------------------------------
       846         16          0          0        100       1028   Library Totals
         6          0          0          0          4          0   (incl. Padding)

    ----------------------------------------------------------------------

      Code (inc. data)   RO Data    RW Data    ZI Data      Debug   Library Name

       830         16          0          0         96        912   c_w.l
        10          0          0          0          0        116   fz_wv.l

    ----------------------------------------------------------------------
       846         16          0          0        100       1028   Library Totals

    ----------------------------------------------------------------------

==============================================================================


      Code (inc. data)   RO Data    RW Data    ZI Data      Debug   

     30768       2240        840        156      28828    1609724   Grand Totals
     30768       2240        840        156      28828    1609724   ELF Image Totals
     30768       2240        840        156          0          0   ROM Totals

==============================================================================

    Total RO  Size (Code + RO Data)                31608 (  30.87kB)
    Total RW  Size (RW Data + ZI Data)             28984 (  28.30kB)
    Total ROM Size (Code + RO Data + RW Data)      31764 (  31.02kB)

==============================================================================

